
Running 80 tests using 2 workers

(node:25914) Warning: The 'NO_COLOR' env is ignored due to the 'FORCE_COLOR' env being set.
(Use `node --trace-warnings ...` to show where the warning was created)
(node:25915) Warning: The 'NO_COLOR' env is ignored due to the 'FORCE_COLOR' env being set.
(Use `node --trace-warnings ...` to show where the warning was created)
(node:25914) Warning: The 'NO_COLOR' env is ignored due to the 'FORCE_COLOR' env being set.
(Use `node --trace-warnings ...` to show where the warning was created)
(node:25915) Warning: The 'NO_COLOR' env is ignored due to the 'FORCE_COLOR' env being set.
(Use `node --trace-warnings ...` to show where the warning was created)
  ✓   2 [chromium] › tests-e2e/entry-layout.spec.ts:16:5 › Trail and Journal share compact right-hand cards and retain historical journey settings (3.7s)
  ✓   1 [chromium] › tests-e2e/entry-layout.spec.ts:59:5 › the daily Journal accumulates actual first-final totals and preserves every raw action across days (3.9s)
  ✓   4 [chromium] › tests-e2e/feedback.spec.ts:8:5 › local conversations retain the actual reward at and below the credibility cap (4.5s)
  ✓   5 [chromium] › tests-e2e/feedback.spec.ts:24:5 › outcomes show one heading and consistent cash, condition, evidence and part cards (2.5s)
  ✓   3 [chromium] › tests-e2e/entry-layout.spec.ts:105:5 › real driving rollover keeps all five hours and their daily effects in the completed day Journal (8.0s)
  ✓   7 [chromium] › tests-e2e/feedback.spec.ts:64:5 › ally losses have a persistent acknowledgment and remain in the journal (4.3s)
  ✓   6 [chromium] › tests-e2e/feedback.spec.ts:34:5 › advertised receipts become visible awards and survive offline play and reload (6.1s)
  ✓   8 [chromium] › tests-e2e/feedback.spec.ts:75:5 › long journals scroll by keyboard without overlapping the footer (2.7s)
  ✓   9 [chromium] › tests-e2e/feedback.spec.ts:86:5 › town information, action spacing, journal cards and map credits share the established alignment (3.2s)
  ✓  10 [chromium] › tests-e2e/feedback.spec.ts:108:5 › legacy danger values are ignored and temporary risk uses the short percent label (2.2s)
  ✓  11 [chromium] › tests-e2e/mobile-impact.spec.ts:20:5 › phone HUD stays compact and every policy has structured, read-only impact help (3.6s)
  ✓  12 [chromium] › tests-e2e/mobile-impact.spec.ts:82:5 › weather and resource help fit short phone viewports and close without spending time (3.2s)
  ✓  13 [chromium] › tests-e2e/mobile-impact.spec.ts:115:5 › clear-weather phone strip uses two rows with icon-and-value resource readouts (2.1s)
  ✓  15 [chromium] › tests-e2e/navigation-toggle.spec.ts:31:5 › every selected tab toggles its content without spending a turn and remains keyboard accessible (3.5s)
  ✓  16 [chromium] › tests-e2e/onboarding-results.spec.ts:7:5 › start action shares the Deep End column and stacks on mobile (2.3s)
  ✓  17 [chromium] › tests-e2e/onboarding-results.spec.ts:13:5 › random character persists, mission is shared, action row stays aligned, and compact crew busts have no added frame or background (3.1s)
  ✓  18 [chromium] › tests-e2e/onboarding-results.spec.ts:29:5 › early illness ending matches location and primary player, shows the full scorecard and updates in place (2.3s)
  ✓  19 [chromium] › tests-e2e/onboarding-results.spec.ts:44:5 › bottom result actions give visible feedback without a page jump (2.3s)
  ✓  14 [chromium] › tests-e2e/navigation-toggle.spec.ts:8:5 › manual Route closes back to the previous screen and never starts travel (15.6s)
  ✓  20 [chromium] › tests-e2e/onboarding-results.spec.ts:52:5 › a fatal player care decision reports the death and ends the run here (2.1s)
  ✓  21 [chromium] › tests-e2e/onboarding-results.spec.ts:59:5 › town names omit universal service icons while town actions remain accessible (2.7s)
  ✓  23 [chromium] › tests-e2e/sharing.spec.ts:12:5 › share dialog restores focus after mouse and keyboard close and releases each image (2.4s)
  ✓  24 [chromium] › tests-e2e/sharing.spec.ts:37:5 › copy and native sharing use the edited post and handle cancellation, failure and handoff (2.2s)
  ✓  22 [chromium] › tests-e2e/outcome-reachability.spec.ts:6:5 › outcome exit stays reachable at every scroll position and with a short viewport (6.5s)
  ✓  25 [chromium] › tests-e2e/sharing.spec.ts:71:5 › unsupported sharing and denied clipboard keep the image and editable post available (2.2s)
  ✓  26 [chromium] › tests-e2e/sharing.spec.ts:88:5 › failed PNG encoding can retry without losing the edited post (2.3s)
  ✓  27 [chromium] › tests-e2e/sharing.spec.ts:104:5 › closing during image preparation releases the completed image without reopening the dialog (2.3s)
  ✓  28 [chromium] › tests-e2e/sharing.spec.ts:126:5 › long player names and Arabic share content stay readable on desktop and phone (3.4s)
  ✓  29 [chromium] › tests-e2e/shopping.spec.ts:17:5 › illustrated outfitting shows every item without filters and supports exact direct purchases (3.1s)
  ✓  30 [chromium] › tests-e2e/shopping.spec.ts:39:5 › quantity entry cannot overspend and clearing a selected item restores its funds (1.8s)
  ✓  32 [chromium] › tests-e2e/shopping.spec.ts:84:5 › shopping remains readable in Arabic and Help & tips never shifts item controls (2.0s)
  ✓  31 [chromium] › tests-e2e/shopping.spec.ts:51:5 › town store shows carried parts, buys once with the shown total, and keeps inventory available (3.7s)
  ✓  34 [chromium] › tests-e2e/turn-history.spec.ts:67:5 › routine travel always has a visible title, including empty and transition-only messages (3.2s)
  ✓  33 [chromium] › tests-e2e/turn-history.spec.ts:7:5 › every action in the turn stays on The Trail newest first through navigation and reload (5.2s)
Weather travel fixture [33m4[39m PacificCoast Storm { day: [33m1[39m, weather: [32m'Storm'[39m, supplies: [33m-1[39m, hp: [33m0[39m, sanity: [33m-1[39m }
  ✓  36 [chromium] › tests-e2e/weather.spec.ts:41:5 › weather receipt shows exposure, clear removes stale losses, and help stays in the viewport (2.8s)
  ✓  37 [chromium] › tests-e2e/weather.spec.ts:52:5 › old weather pause checkpoints resume without a weather decision or repeated costs (3.0s)
  ✓  38 [chromium] › tests-e2e/weather.spec.ts:59:5 › weather indicator respects reduced motion and Arabic layout (2.3s)
  ✓  35 [chromium] › tests-e2e/weather.spec.ts:16:5 › weather costs apply during continuous travel, notify inline, and survive reload once (9.4s)
  ✓  39 [chromium] › tests-e2e/weather.spec.ts:67:5 › travel actions share one compact row and the scene gets the saved space (2.1s)
(node:27965) Warning: The 'NO_COLOR' env is ignored due to the 'FORCE_COLOR' env being set.
(Use `node --trace-warnings ...` to show where the warning was created)
(node:27965) Warning: The 'NO_COLOR' env is ignored due to the 'FORCE_COLOR' env being set.
(Use `node --trace-warnings ...` to show where the warning was created)
  ✓  40 [chromium] › tests-e2e/weather.spec.ts:86:5 › Fast mode persists, legacy Step saves recover, and toolbar details do not spend a turn (4.1s)
(node:27999) Warning: The 'NO_COLOR' env is ignored due to the 'FORCE_COLOR' env being set.
(Use `node --trace-warnings ...` to show where the warning was created)
(node:27999) Warning: The 'NO_COLOR' env is ignored due to the 'FORCE_COLOR' env being set.
(Use `node --trace-warnings ...` to show where the warning was created)
  ✓  41 [mobile] › tests-e2e/entry-layout.spec.ts:16:5 › Trail and Journal share compact right-hand cards and retain historical journey settings (4.1s)
  ✓  42 [mobile] › tests-e2e/entry-layout.spec.ts:59:5 › the daily Journal accumulates actual first-final totals and preserves every raw action across days (4.3s)
  ✓  44 [mobile] › tests-e2e/feedback.spec.ts:8:5 › local conversations retain the actual reward at and below the credibility cap (4.5s)
  ✓  43 [mobile] › tests-e2e/entry-layout.spec.ts:105:5 › real driving rollover keeps all five hours and their daily effects in the completed day Journal (8.1s)
  ✓  45 [mobile] › tests-e2e/feedback.spec.ts:24:5 › outcomes show one heading and consistent cash, condition, evidence and part cards (2.7s)
  ✓  47 [mobile] › tests-e2e/feedback.spec.ts:64:5 › ally losses have a persistent acknowledgment and remain in the journal (4.4s)
  ✓  46 [mobile] › tests-e2e/feedback.spec.ts:34:5 › advertised receipts become visible awards and survive offline play and reload (6.2s)
  ✓  48 [mobile] › tests-e2e/feedback.spec.ts:75:5 › long journals scroll by keyboard without overlapping the footer (2.8s)
  ✓  49 [mobile] › tests-e2e/feedback.spec.ts:86:5 › town information, action spacing, journal cards and map credits share the established alignment (3.5s)
  ✓  50 [mobile] › tests-e2e/feedback.spec.ts:108:5 › legacy danger values are ignored and temporary risk uses the short percent label (2.3s)
  ✓  51 [mobile] › tests-e2e/mobile-impact.spec.ts:20:5 › phone HUD stays compact and every policy has structured, read-only impact help (3.9s)
  ✓  52 [mobile] › tests-e2e/mobile-impact.spec.ts:82:5 › weather and resource help fit short phone viewports and close without spending time (3.3s)
  ✓  53 [mobile] › tests-e2e/mobile-impact.spec.ts:115:5 › clear-weather phone strip uses two rows with icon-and-value resource readouts (2.1s)
  ✓  55 [mobile] › tests-e2e/navigation-toggle.spec.ts:31:5 › every selected tab toggles its content without spending a turn and remains keyboard accessible (3.5s)
  ✓  56 [mobile] › tests-e2e/onboarding-results.spec.ts:7:5 › start action shares the Deep End column and stacks on mobile (2.3s)
  ✓  57 [mobile] › tests-e2e/onboarding-results.spec.ts:13:5 › random character persists, mission is shared, action row stays aligned, and compact crew busts have no added frame or background (3.2s)
  ✓  58 [mobile] › tests-e2e/onboarding-results.spec.ts:29:5 › early illness ending matches location and primary player, shows the full scorecard and updates in place (2.3s)
  ✓  59 [mobile] › tests-e2e/onboarding-results.spec.ts:44:5 › bottom result actions give visible feedback without a page jump (2.4s)
  ✓  54 [mobile] › tests-e2e/navigation-toggle.spec.ts:8:5 › manual Route closes back to the previous screen and never starts travel (15.7s)
  ✓  60 [mobile] › tests-e2e/onboarding-results.spec.ts:52:5 › a fatal player care decision reports the death and ends the run here (2.2s)
  ✓  61 [mobile] › tests-e2e/onboarding-results.spec.ts:59:5 › town names omit universal service icons while town actions remain accessible (2.8s)
  ✓  63 [mobile] › tests-e2e/sharing.spec.ts:12:5 › share dialog restores focus after mouse and keyboard close and releases each image (2.3s)
  ✓  64 [mobile] › tests-e2e/sharing.spec.ts:37:5 › copy and native sharing use the edited post and handle cancellation, failure and handoff (2.1s)
  ✓  65 [mobile] › tests-e2e/sharing.spec.ts:71:5 › unsupported sharing and denied clipboard keep the image and editable post available (2.1s)
  ✓  62 [mobile] › tests-e2e/outcome-reachability.spec.ts:6:5 › outcome exit stays reachable at every scroll position and with a short viewport (7.4s)
  ✓  66 [mobile] › tests-e2e/sharing.spec.ts:88:5 › failed PNG encoding can retry without losing the edited post (2.2s)
  ✓  67 [mobile] › tests-e2e/sharing.spec.ts:104:5 › closing during image preparation releases the completed image without reopening the dialog (2.2s)
  ✓  69 [mobile] › tests-e2e/shopping.spec.ts:17:5 › illustrated outfitting shows every item without filters and supports exact direct purchases (3.1s)
  ✓  68 [mobile] › tests-e2e/sharing.spec.ts:126:5 › long player names and Arabic share content stay readable on desktop and phone (3.5s)
  ✓  70 [mobile] › tests-e2e/shopping.spec.ts:39:5 › quantity entry cannot overspend and clearing a selected item restores its funds (1.8s)
  ✓  71 [mobile] › tests-e2e/shopping.spec.ts:51:5 › town store shows carried parts, buys once with the shown total, and keeps inventory available (3.8s)
  ✓  72 [mobile] › tests-e2e/shopping.spec.ts:84:5 › shopping remains readable in Arabic and Help & tips never shifts item controls (3.4s)
  ✓  74 [mobile] › tests-e2e/turn-history.spec.ts:67:5 › routine travel always has a visible title, including empty and transition-only messages (3.3s)
  ✓  73 [mobile] › tests-e2e/turn-history.spec.ts:7:5 › every action in the turn stays on The Trail newest first through navigation and reload (5.2s)
Weather travel fixture [33m4[39m PacificCoast Storm { day: [33m1[39m, weather: [32m'Storm'[39m, supplies: [33m-1[39m, hp: [33m0[39m, sanity: [33m-1[39m }
  ✓  76 [mobile] › tests-e2e/weather.spec.ts:41:5 › weather receipt shows exposure, clear removes stale losses, and help stays in the viewport (2.7s)
  ✓  77 [mobile] › tests-e2e/weather.spec.ts:52:5 › old weather pause checkpoints resume without a weather decision or repeated costs (3.0s)
  ✓  78 [mobile] › tests-e2e/weather.spec.ts:59:5 › weather indicator respects reduced motion and Arabic layout (2.3s)
  ✓  75 [mobile] › tests-e2e/weather.spec.ts:16:5 › weather costs apply during continuous travel, notify inline, and survive reload once (9.5s)
  ✓  79 [mobile] › tests-e2e/weather.spec.ts:67:5 › travel actions share one compact row and the scene gets the saved space (2.2s)
  ✓  80 [mobile] › tests-e2e/weather.spec.ts:86:5 › Fast mode persists, legacy Step saves recover, and toolbar details do not spend a turn (4.2s)

  80 passed (2.6m)
