(node:2658) [DEP0205] DeprecationWarning: `module.register()` is deprecated. Use `module.registerHooks()` instead.
(Use `node --trace-deprecation ...` to show where the warning was created)

Running 3 tests using 1 worker

(node:2687) Warning: The 'NO_COLOR' env is ignored due to the 'FORCE_COLOR' env being set.
(Use `node --trace-warnings ...` to show where the warning was created)
(node:2687) [DEP0205] DeprecationWarning: `module.register()` is deprecated. Use `module.registerHooks()` instead.
(node:2687) Warning: The 'NO_COLOR' env is ignored due to the 'FORCE_COLOR' env being set.
(Use `node --trace-warnings ...` to show where the warning was created)
  [30;1mpw:browser [0m<launching> /Applications/Google Chrome.app/Contents/MacOS/Google Chrome --disable-field-trial-config --disable-background-networking --disable-background-timer-throttling --disable-backgrounding-occluded-windows --disable-back-forward-cache --disable-breakpad --disable-client-side-phishing-detection --disable-component-extensions-with-background-pages --disable-component-update --no-default-browser-check --disable-default-apps --disable-dev-shm-usage --disable-extensions --disable-features=AcceptCHFrame,AvoidUnnecessaryBeforeUnloadCheckSync,DestroyProfileOnBrowserClose,DialMediaRouteProvider,GlobalMediaControls,HttpsUpgrades,LensOverlay,MediaRouter,PaintHolding,ThirdPartyStoragePartitioning,Translate,AutoDeElevate,RenderDocument,OptimizationHints --enable-features=CDPScreenshotNewSurface --allow-pre-commit-input --disable-hang-monitor --disable-ipc-flooding-protection --disable-popup-blocking --disable-prompt-on-repost --disable-renderer-backgrounding --force-color-profile=srgb --metrics-recording-only --no-first-run --password-store=basic --use-mock-keychain --no-service-autorun --export-tagged-pdf --disable-search-engine-choice-screen --unsafely-disable-devtools-self-xss-warnings --edge-skip-compat-layer-relaunch --enable-automation --disable-infobars --disable-search-engine-choice-screen --disable-sync --enable-unsafe-swiftshader --headless --hide-scrollbars --mute-audio --blink-settings=primaryHoverType=2,availableHoverTypes=2,primaryPointerType=4,availablePointerTypes=4 --no-sandbox --user-data-dir=/var/folders/2s/41j195jn11g15z70rbxdpqt40000gn/T/playwright_chromiumdev_profile-itWKev --remote-debugging-pipe --no-startup-window [30m+0ms[0m
  [30;1mpw:browser [0m<launched> pid=2713 [30m+2ms[0m
  [30;1mpw:browser [0m[pid=2713][err] [2713:64914841:0912/152536.795076:ERROR:net/cert/internal/trust_store_mac.cc:807] Error parsing certificate: [30m+167ms[0m
  [30;1mpw:browser [0m[pid=2713][err] ERROR: Failed normalizing string [30m+0ms[0m
  [30;1mpw:browser [0m[pid=2713][err]   tag: 19 [30m+0ms[0m
  [30;1mpw:browser [0m[pid=2713][err] ERROR: Failed normalizing subject [30m+0ms[0m
  [30;1mpw:browser [0m[pid=2713][err]  [30m+0ms[0m
  [30;1mpw:browser [0m[pid=2713][err] Trying to load the allocator multiple times. This is *not* supported. [30m+140ms[0m
  [30;1mpw:browser [0m[pid=2713][err] [2725:64914878:0912/152536.952351:ERROR:ui/display/mac/cv_display_link_mac.mm:195] CVDisplayLinkCreateWithCGDisplay failed. CVReturn: -6670 [30m+17ms[0m
  [30;1mpw:browser [0m[pid=2713][err] [2725:64915001:0912/152536.952561:ERROR:ui/display/mac/cv_display_link_mac.mm:195] CVDisplayLinkCreateWithCGDisplay failed. CVReturn: -6670 [30m+0ms[0m
  [30;1mpw:browser [0m[pid=2713][err] [2725:64914878:0912/152536.952743:ERROR:ui/display/mac/cv_display_link_mac.mm:195] CVDisplayLinkCreateWithCGDisplay failed. CVReturn: -6670 [30m+0ms[0m
  [30;1mpw:browser [0m[pid=2713][err] [2725:64915001:0912/152536.952786:ERROR:ui/display/mac/cv_display_link_mac.mm:195] CVDisplayLinkCreateWithCGDisplay failed. CVReturn: -6670 [30m+0ms[0m
  [30;1mpw:browser [0m[pid=2713][err] [2725:64914878:0912/152536.952878:ERROR:ui/display/mac/cv_display_link_mac.mm:195] CVDisplayLinkCreateWithCGDisplay failed. CVReturn: -6670 [30m+0ms[0m
  [30;1mpw:browser [0m[pid=2713][err] [2725:64915001:0912/152536.952927:ERROR:ui/display/mac/cv_display_link_mac.mm:195] CVDisplayLinkCreateWithCGDisplay failed. CVReturn: -6670 [30m+0ms[0m
  [30;1mpw:browser [0m[pid=2713][err] [2725:64914878:0912/152536.953022:ERROR:ui/display/mac/cv_display_link_mac.mm:195] CVDisplayLinkCreateWithCGDisplay failed. CVReturn: -6670 [30m+1ms[0m
  [30;1mpw:browser [0m[pid=2713][err] [2725:64915001:0912/152536.953399:ERROR:ui/display/mac/cv_display_link_mac.mm:195] CVDisplayLinkCreateWithCGDisplay failed. CVReturn: -6670 [30m+0ms[0m
  [30;1mpw:browser [0m[pid=2713][err] [2725:64914878:0912/152536.953505:ERROR:ui/display/mac/cv_display_link_mac.mm:195] CVDisplayLinkCreateWithCGDisplay failed. CVReturn: -6670 [30m+0ms[0m
  [30;1mpw:browser [0m[pid=2713][err] [2725:64915001:0912/152536.953540:ERROR:ui/display/mac/cv_display_link_mac.mm:195] CVDisplayLinkCreateWithCGDisplay failed. CVReturn: -6670 [30m+0ms[0m
  [30;1mpw:browser [0m[pid=2713][err] [2713:64914849:0912/152539.335509:ERROR:google_apis/gcm/engine/registration_request.cc:291] Registration response error message: DEPRECATED_ENDPOINT [30m+2s[0m
  ✓  1 [chromium] › tests-e2e/entry-layout.spec.ts:16:5 › Trail and Journal share compact right-hand cards and retain historical journey settings (3.4s)
  [30;1mpw:browser [0m[pid=2713][err] [2725:64914878:0912/152540.296655:ERROR:ui/display/mac/cv_display_link_mac.mm:195] CVDisplayLinkCreateWithCGDisplay failed. CVReturn: -6670 [30m+961ms[0m
  [30;1mpw:browser [0m[pid=2713][err] [2725:64915001:0912/152540.296709:ERROR:ui/display/mac/cv_display_link_mac.mm:195] CVDisplayLinkCreateWithCGDisplay failed. CVReturn: -6670 [30m+0ms[0m
  [30;1mpw:browser [0m[pid=2713][err] [2725:64914878:0912/152540.296833:ERROR:ui/display/mac/cv_display_link_mac.mm:195] CVDisplayLinkCreateWithCGDisplay failed. CVReturn: -6670 [30m+0ms[0m
  [30;1mpw:browser [0m[pid=2713][err] [2725:64915001:0912/152540.296901:ERROR:ui/display/mac/cv_display_link_mac.mm:195] CVDisplayLinkCreateWithCGDisplay failed. CVReturn: -6670 [30m+0ms[0m
  [30;1mpw:browser [0m[pid=2713][err] [2725:64914878:0912/152540.296993:ERROR:ui/display/mac/cv_display_link_mac.mm:195] CVDisplayLinkCreateWithCGDisplay failed. CVReturn: -6670 [30m+1ms[0m
  [30;1mpw:browser [0m[pid=2713][err] [2725:64915001:0912/152540.297035:ERROR:ui/display/mac/cv_display_link_mac.mm:195] CVDisplayLinkCreateWithCGDisplay failed. CVReturn: -6670 [30m+0ms[0m
  [30;1mpw:browser [0m[pid=2713][err] [2725:64914878:0912/152540.297124:ERROR:ui/display/mac/cv_display_link_mac.mm:195] CVDisplayLinkCreateWithCGDisplay failed. CVReturn: -6670 [30m+0ms[0m
  [30;1mpw:browser [0m[pid=2713][err] [2725:64915001:0912/152540.297162:ERROR:ui/display/mac/cv_display_link_mac.mm:195] CVDisplayLinkCreateWithCGDisplay failed. CVReturn: -6670 [30m+0ms[0m
  [30;1mpw:browser [0m[pid=2713][err] [2725:64914878:0912/152540.297241:ERROR:ui/display/mac/cv_display_link_mac.mm:195] CVDisplayLinkCreateWithCGDisplay failed. CVReturn: -6670 [30m+0ms[0m
  [30;1mpw:browser [0m[pid=2713][err] [2725:64915001:0912/152540.297280:ERROR:ui/display/mac/cv_display_link_mac.mm:195] CVDisplayLinkCreateWithCGDisplay failed. CVReturn: -6670 [30m+0ms[0m
  ✓  2 [chromium] › tests-e2e/navigation-toggle.spec.ts:8:5 › manual Route closes back to the previous screen and never starts travel (14.8s)
  [30;1mpw:browser [0m[pid=2713][err] [2725:64914878:0912/152555.108859:ERROR:ui/display/mac/cv_display_link_mac.mm:195] CVDisplayLinkCreateWithCGDisplay failed. CVReturn: -6670 [30m+15s[0m
  [30;1mpw:browser [0m[pid=2713][err] [2725:64915001:0912/152555.108912:ERROR:ui/display/mac/cv_display_link_mac.mm:195] CVDisplayLinkCreateWithCGDisplay failed. CVReturn: -6670 [30m+1ms[0m
  [30;1mpw:browser [0m[pid=2713][err] [2725:64914878:0912/152555.109031:ERROR:ui/display/mac/cv_display_link_mac.mm:195] CVDisplayLinkCreateWithCGDisplay failed. CVReturn: -6670 [30m+0ms[0m
  [30;1mpw:browser [0m[pid=2713][err] [2725:64915001:0912/152555.109069:ERROR:ui/display/mac/cv_display_link_mac.mm:195] CVDisplayLinkCreateWithCGDisplay failed. CVReturn: -6670 [30m+0ms[0m
  [30;1mpw:browser [0m[pid=2713][err] [2725:64914878:0912/152555.109160:ERROR:ui/display/mac/cv_display_link_mac.mm:195] CVDisplayLinkCreateWithCGDisplay failed. CVReturn: -6670 [30m+0ms[0m
  [30;1mpw:browser [0m[pid=2713][err] [2725:64915001:0912/152555.109195:ERROR:ui/display/mac/cv_display_link_mac.mm:195] CVDisplayLinkCreateWithCGDisplay failed. CVReturn: -6670 [30m+0ms[0m
  [30;1mpw:browser [0m[pid=2713][err] [2725:64914878:0912/152555.109290:ERROR:ui/display/mac/cv_display_link_mac.mm:195] CVDisplayLinkCreateWithCGDisplay failed. CVReturn: -6670 [30m+0ms[0m
  [30;1mpw:browser [0m[pid=2713][err] [2725:64915001:0912/152555.109330:ERROR:ui/display/mac/cv_display_link_mac.mm:195] CVDisplayLinkCreateWithCGDisplay failed. CVReturn: -6670 [30m+0ms[0m
  [30;1mpw:browser [0m[pid=2713][err] [2725:64914878:0912/152555.109424:ERROR:ui/display/mac/cv_display_link_mac.mm:195] CVDisplayLinkCreateWithCGDisplay failed. CVReturn: -6670 [30m+0ms[0m
  [30;1mpw:browser [0m[pid=2713][err] [2725:64915001:0912/152555.109465:ERROR:ui/display/mac/cv_display_link_mac.mm:195] CVDisplayLinkCreateWithCGDisplay failed. CVReturn: -6670 [30m+0ms[0m
  [30;1mpw:browser [0m[pid=2713][err] [3444:64925496:0912/152555.886023:VERBOSE1:chrome/updater/updater.cc:374] Version: 152.0.7933.0, opt, ARM_64, command line: /Users/vanna/Library/Application Support/Google/GoogleUpdater/152.0.7933.0/GoogleUpdater.app/Contents/MacOS/GoogleUpdater --wake-all --enable-logging --vmodule=*/components/update_client/*=2,*/chrome/enterprise_companion/*=2,*/chrome/updater/*=2 [30m+777ms[0m
  [30;1mpw:browser [0m[pid=2713][err] [3444:64925496:0912/152555.886713:VERBOSE1:chrome/updater/updater.cc:377] OS version: 26.6.2, arch: arm64, System uptime (seconds): 1714409, parent pid: 2713 [30m+3ms[0m
  [30;1mpw:browser [0m[pid=2713][err] [3444:64925496:0912/152555.889216:VERBOSE1:chrome/updater/updater.cc:382] Available disk space in install directory (/Users/vanna/Library/Application Support/Google/GoogleUpdater): 1983444602880B (1.804TiB) / 3996276899840B (3.635TiB) [30m+0ms[0m
  [30;1mpw:browser [0m[pid=2713][err] [3444:64925496:0912/152555.889233:VERBOSE1:chrome/updater/updater.cc:386] Available disk space in temporary directory (/var/folders/2s/41j195jn11g15z70rbxdpqt40000gn/T/): 1983444602880B (1.804TiB) / 3996276899840B (3.635TiB) [30m+0ms[0m
  [30;1mpw:browser [0m[pid=2713][err] [3444:64925496:0912/152555.889298:VERBOSE2:chrome/updater/event_history.cc:265] Emitted a UPDATER_PROCESS START event to the history log [30m+0ms[0m
  [30;1mpw:browser [0m[pid=2713][err] [3446:64925506:0912/152555.899458:VERBOSE1:chrome/updater/updater.cc:374] Version: 152.0.7933.0, opt, ARM_64, command line: /Users/vanna/Library/Application Support/Google/GoogleUpdater/152.0.7933.0/GoogleUpdater.app/Contents/MacOS/GoogleUpdater --crash-handler --database=/Users/vanna/Library/Application Support/Google/GoogleUpdater/152.0.7933.0/Crashpad --url=https://clients2.google.com/cr/report --annotation=prod=Update4 --annotation=ver=152.0.7933.0 --handshake-fd=6 --enable-logging --vmodule=*/components/update_client/*=2,*/chrome/enterprise_companion/*=2,*/chrome/updater/*=2 [30m+10ms[0m
  [30;1mpw:browser [0m[pid=2713][err] [3446:64925506:0912/152555.899927:VERBOSE1:chrome/updater/updater.cc:377] OS version: 26.6.2, arch: arm64, System uptime (seconds): 1714409, parent pid: 1 [30m+2ms[0m
  [30;1mpw:browser [0m[pid=2713][err] [3446:64925506:0912/152555.901558:VERBOSE1:chrome/updater/updater.cc:382] Available disk space in install directory (/Users/vanna/Library/Application Support/Google/GoogleUpdater): 1983444602880B (1.804TiB) / 3996276899840B (3.635TiB) [30m+0ms[0m
  [30;1mpw:browser [0m[pid=2713][err] [3446:64925506:0912/152555.901570:VERBOSE1:chrome/updater/updater.cc:386] Available disk space in temporary directory (/var/folders/2s/41j195jn11g15z70rbxdpqt40000gn/T/): 1983444602880B (1.804TiB) / 3996276899840B (3.635TiB) [30m+0ms[0m
  [30;1mpw:browser [0m[pid=2713][err] [3446:64925506:0912/152555.901642:VERBOSE2:chrome/updater/event_history.cc:265] Emitted a UPDATER_PROCESS START event to the history log [30m+0ms[0m
  [30;1mpw:browser [0m[pid=2713][err] [3444:64925496:0912/152555.902099:VERBOSE1:chrome/updater/crash_reporter.cc:124] Crash handler launched and ready. [30m+1ms[0m
  [30;1mpw:browser [0m[pid=2713][err] [3444:64925496:0912/152555.902993:VERBOSE1:chrome/updater/crash_client.cc:108] Found 0 completed crash reports [30m+1ms[0m
  [30;1mpw:browser [0m[pid=2713][err] [3444:64925496:0912/152555.903068:VERBOSE1:chrome/updater/crash_client.cc:132] Found 0 pending crash reports [30m+0ms[0m
  [30;1mpw:browser [0m[pid=2713][err] [3444:64925496:0912/152555.903151:ERROR:third_party/crashpad/crashpad/util/file/file_io_posix.cc:145] open /Users/vanna/Library/Application Support/Google/Chrome Dev/Crashpad/settings.dat: No such file or directory (2) [30m+0ms[0m
  [30;1mpw:browser [0m[pid=2713][err] [3444:64925496:0912/152555.903164:ERROR:third_party/crashpad/crashpad/util/file/file_io_posix.cc:145] open /Users/vanna/Library/Application Support/Google/RLZ/Crashpad/settings.dat: No such file or directory (2) [30m+0ms[0m
  [30;1mpw:browser [0m[pid=2713][err] [3444:64925496:0912/152555.903172:ERROR:third_party/crashpad/crashpad/util/file/file_io_posix.cc:145] open /Users/vanna/Library/Application Support/Google/consentOptions/Crashpad/settings.dat: No such file or directory (2) [30m+0ms[0m
  [30;1mpw:browser [0m[pid=2713][err] [3444:64925496:0912/152555.903179:ERROR:third_party/crashpad/crashpad/util/file/file_io_posix.cc:145] open /Users/vanna/Library/Application Support/Google/Android File Transfer/Crashpad/settings.dat: No such file or directory (2) [30m+0ms[0m
  [30;1mpw:browser [0m[pid=2713][err] [3444:64925496:0912/152555.903216:ERROR:third_party/crashpad/crashpad/util/file/file_io_posix.cc:145] open /Users/vanna/Library/Application Support/Google/Chrome Beta/Crashpad/settings.dat: No such file or directory (2) [30m+0ms[0m
  [30;1mpw:browser [0m[pid=2713][err] [3444:64925496:0912/152555.903249:ERROR:third_party/crashpad/crashpad/util/file/file_io_posix.cc:145] open /Users/vanna/Library/Application Support/Google/FIRApp/Crashpad/settings.dat: No such file or directory (2) [30m+0ms[0m
  [30;1mpw:browser [0m[pid=2713][err] [3444:64925496:0912/152555.903505:VERBOSE1:chrome/updater/updater.cc:105] Crash reporting initialized. [30m+0ms[0m
  [30;1mpw:browser [0m[pid=2713][err] [3444:64925529:0912/152555.903854:VERBOSE1:chrome/updater/app/app_wakeall.cc:58] Launching `/Users/vanna/Library/Application Support/Google/GoogleUpdater/152.0.7933.0/GoogleUpdater.app/Contents/MacOS/GoogleUpdater --wake` [30m+0ms[0m
  [30;1mpw:browser [0m[pid=2713][err] [3448:64925533:0912/152555.913126:VERBOSE1:chrome/updater/updater.cc:374] Version: 152.0.7933.0, opt, ARM_64, command line: /Users/vanna/Library/Application Support/Google/GoogleUpdater/152.0.7933.0/GoogleUpdater.app/Contents/MacOS/GoogleUpdater --wake --enable-logging --vmodule=*/components/update_client/*=2,*/chrome/enterprise_companion/*=2,*/chrome/updater/*=2 [30m+10ms[0m
  [30;1mpw:browser [0m[pid=2713][err] [3448:64925533:0912/152555.913892:VERBOSE1:chrome/updater/updater.cc:377] OS version: 26.6.2, arch: arm64, System uptime (seconds): 1714409, parent pid: 3444 [30m+3ms[0m
  [30;1mpw:browser [0m[pid=2713][err] [3448:64925533:0912/152555.916347:VERBOSE1:chrome/updater/updater.cc:382] Available disk space in install directory (/Users/vanna/Library/Application Support/Google/GoogleUpdater): 1983444598784B (1.804TiB) / 3996276899840B (3.635TiB) [30m+0ms[0m
  [30;1mpw:browser [0m[pid=2713][err] [3448:64925533:0912/152555.916368:VERBOSE1:chrome/updater/updater.cc:386] Available disk space in temporary directory (/var/folders/2s/41j195jn11g15z70rbxdpqt40000gn/T/): 1983444598784B (1.804TiB) / 3996276899840B (3.635TiB) [30m+0ms[0m
  [30;1mpw:browser [0m[pid=2713][err] [3448:64925533:0912/152555.916438:VERBOSE2:chrome/updater/event_history.cc:265] Emitted a UPDATER_PROCESS START event to the history log [30m+0ms[0m
  [30;1mpw:browser [0m[pid=2713][err] [3450:64925547:0912/152555.925068:VERBOSE1:chrome/updater/updater.cc:374] Version: 152.0.7933.0, opt, ARM_64, command line: /Users/vanna/Library/Application Support/Google/GoogleUpdater/152.0.7933.0/GoogleUpdater.app/Contents/MacOS/GoogleUpdater --crash-handler --database=/Users/vanna/Library/Application Support/Google/GoogleUpdater/152.0.7933.0/Crashpad --url=https://clients2.google.com/cr/report --annotation=prod=Update4 --annotation=ver=152.0.7933.0 --handshake-fd=6 --enable-logging --vmodule=*/components/update_client/*=2,*/chrome/enterprise_companion/*=2,*/chrome/updater/*=2 [30m+9ms[0m
  [30;1mpw:browser [0m[pid=2713][err] [3450:64925547:0912/152555.925761:VERBOSE1:chrome/updater/updater.cc:377] OS version: 26.6.2, arch: arm64, System uptime (seconds): 1714409, parent pid: 1 [30m+3ms[0m
  [30;1mpw:browser [0m[pid=2713][err] [3450:64925547:0912/152555.928295:VERBOSE1:chrome/updater/updater.cc:382] Available disk space in install directory (/Users/vanna/Library/Application Support/Google/GoogleUpdater): 1983444598784B (1.804TiB) / 3996276899840B (3.635TiB) [30m+0ms[0m
  [30;1mpw:browser [0m[pid=2713][err] [3450:64925547:0912/152555.928341:VERBOSE1:chrome/updater/updater.cc:386] Available disk space in temporary directory (/var/folders/2s/41j195jn11g15z70rbxdpqt40000gn/T/): 1983444598784B (1.804TiB) / 3996276899840B (3.635TiB) [30m+0ms[0m
  [30;1mpw:browser [0m[pid=2713][err] [3450:64925547:0912/152555.928456:VERBOSE2:chrome/updater/event_history.cc:265] Emitted a UPDATER_PROCESS START event to the history log [30m+0ms[0m
  [30;1mpw:browser [0m[pid=2713][err] [3448:64925533:0912/152555.929059:VERBOSE1:chrome/updater/crash_reporter.cc:124] Crash handler launched and ready. [30m+1ms[0m
  [30;1mpw:browser [0m[pid=2713][err] [3448:64925533:0912/152555.929977:VERBOSE1:chrome/updater/crash_client.cc:108] Found 0 completed crash reports [30m+1ms[0m
  [30;1mpw:browser [0m[pid=2713][err] [3448:64925533:0912/152555.930041:VERBOSE1:chrome/updater/crash_client.cc:132] Found 0 pending crash reports [30m+0ms[0m
  [30;1mpw:browser [0m[pid=2713][err] [3448:64925533:0912/152555.930115:ERROR:third_party/crashpad/crashpad/util/file/file_io_posix.cc:145] open /Users/vanna/Library/Application Support/Google/Chrome Dev/Crashpad/settings.dat: No such file or directory (2) [30m+0ms[0m
  [30;1mpw:browser [0m[pid=2713][err] [3448:64925533:0912/152555.930126:ERROR:third_party/crashpad/crashpad/util/file/file_io_posix.cc:145] open /Users/vanna/Library/Application Support/Google/RLZ/Crashpad/settings.dat: No such file or directory (2) [30m+0ms[0m
  [30;1mpw:browser [0m[pid=2713][err] [3448:64925533:0912/152555.930133:ERROR:third_party/crashpad/crashpad/util/file/file_io_posix.cc:145] open /Users/vanna/Library/Application Support/Google/consentOptions/Crashpad/settings.dat: No such file or directory (2) [30m+0ms[0m
  [30;1mpw:browser [0m[pid=2713][err] [3448:64925533:0912/152555.930139:ERROR:third_party/crashpad/crashpad/util/file/file_io_posix.cc:145] open /Users/vanna/Library/Application Support/Google/Android File Transfer/Crashpad/settings.dat: No such file or directory (2) [30m+0ms[0m
  [30;1mpw:browser [0m[pid=2713][err] [3448:64925533:0912/152555.930146:ERROR:third_party/crashpad/crashpad/util/file/file_io_posix.cc:145] open /Users/vanna/Library/Application Support/Google/Chrome Beta/Crashpad/settings.dat: No such file or directory (2) [30m+0ms[0m
  [30;1mpw:browser [0m[pid=2713][err] [3448:64925533:0912/152555.930167:ERROR:third_party/crashpad/crashpad/util/file/file_io_posix.cc:145] open /Users/vanna/Library/Application Support/Google/FIRApp/Crashpad/settings.dat: No such file or directory (2) [30m+0ms[0m
  [30;1mpw:browser [0m[pid=2713][err] [3448:64925533:0912/152555.930377:VERBOSE1:chrome/updater/updater.cc:105] Crash reporting initialized. [30m+0ms[0m
  [30;1mpw:browser [0m[pid=2713][err] [3448:64925533:0912/152555.930534:VERBOSE1:chrome/updater/ipc/update_service_internal_proxy_mojo.cc:61] Run [30m+0ms[0m
  ✓  3 [chromium] › tests-e2e/navigation-toggle.spec.ts:31:5 › every selected tab toggles its content without spending a turn and remains keyboard accessible (3.3s)
  [30;1mpw:browser [0m[pid=2713] <gracefully close start> [30m+2s[0m
  [30;1mpw:browser [0m[pid=2713][err] [3448:64925533:0912/152608.675531:VERBOSE1:chrome/updater/app/app.cc:52] Shutdown: 0 [30m+10s[0m
  [30;1mpw:browser [0m[pid=2713][err] [3448:64925533:0912/152608.675791:VERBOSE2:chrome/updater/event_history.cc:265] Emitted a UPDATER_PROCESS END event to the history log [30m+0ms[0m
  [30;1mpw:browser [0m[pid=2713][err] [3448:64925533:0912/152608.675806:VERBOSE1:chrome/updater/updater.cc:419] UpdaterMain (--wake) returned 0. [30m+0ms[0m
  [30;1mpw:browser [0m[pid=2713][err] [3444:64925529:0912/152608.877419:VERBOSE1:chrome/updater/app/app_wakeall.cc:68] `/Users/vanna/Library/Application Support/Google/GoogleUpdater/152.0.7933.0/GoogleUpdater.app/Contents/MacOS/GoogleUpdater --wake` exited 0 [30m+202ms[0m
  [30;1mpw:browser [0m[pid=2713][err] [3444:64925496:0912/152608.877550:VERBOSE1:chrome/updater/app/app.cc:52] Shutdown: 0 [30m+0ms[0m
  [30;1mpw:browser [0m[pid=2713][err] [3444:64925496:0912/152608.877914:VERBOSE2:chrome/updater/event_history.cc:265] Emitted a UPDATER_PROCESS END event to the history log [30m+1ms[0m
  [30;1mpw:browser [0m[pid=2713][err] [3444:64925496:0912/152608.877936:VERBOSE1:chrome/updater/updater.cc:419] UpdaterMain (--wake-all) returned 0. [30m+0ms[0m
  [30;1mpw:browser [0m[pid=2713] <kill> [30m+19s[0m
  [30;1mpw:browser [0m[pid=2713] <will force kill> [30m+0ms[0m
  [30;1mpw:browser [0m[pid=2713] exception while trying to kill process: Error: kill ESRCH [30m+0ms[0m
[31mTimed out waiting 65s for the test suite to run[39m

  3 passed (1.1m)
  1 error was not a part of any test, see above for details
