(node:75391) [DEP0205] DeprecationWarning: `module.register()` is deprecated. Use `module.registerHooks()` instead.
(Use `node --trace-deprecation ...` to show where the warning was created)

Running 67 tests using 1 worker

(node:75411) Warning: The 'NO_COLOR' env is ignored due to the 'FORCE_COLOR' env being set.
(Use `node --trace-warnings ...` to show where the warning was created)
(node:75411) [DEP0205] DeprecationWarning: `module.register()` is deprecated. Use `module.registerHooks()` instead.
(node:75411) Warning: The 'NO_COLOR' env is ignored due to the 'FORCE_COLOR' env being set.
(Use `node --trace-warnings ...` to show where the warning was created)
  ✓   1 [mobile] › tests-e2e/a11y.spec.ts:3:5 › focus stays still, keyboard selection, rich locale, contrast and outside dismissal (3.0s)
  ✓   2 [mobile] › tests-e2e/a11y.spec.ts:20:5 › context help and reduced motion (1.9s)
  ✓   3 [mobile] › tests-e2e/continuity.spec.ts:9:5 › abandon is cancelable, saves a crew ending, and leaves the manual slot intact (3.6s)
  ✓   4 [mobile] › tests-e2e/continuity.spec.ts:29:5 › stationary rest records actual changes and survives manual loading (3.4s)
  ✓   5 [mobile] › tests-e2e/continuity.spec.ts:43:5 › late-route camp stays put and never triggers the hearing (3.4s)
  ✓   6 [mobile] › tests-e2e/continuity.spec.ts:61:5 › a named crew decision precedes map review and absence persists in later scenes (3.4s)
  ✓   7 [mobile] › tests-e2e/continuity.spec.ts:74:5 › each persona map always fits its own traveled route (4.1s)
  ✓   8 [mobile] › tests-e2e/continuity.spec.ts:87:5 › one Resume carries two quiet travel actions; pausing and reload never replay them (5.1s)
  ✓   9 [mobile] › tests-e2e/continuity.spec.ts:100:5 › visibility loss pauses automatic travel and does not resume it on return (6.4s)
  ✓  10 [mobile] › tests-e2e/continuity.spec.ts:114:5 › outfitting cannot charge for supplies beyond capacity (1.3s)
  ✓  11 [mobile] › tests-e2e/continuity.spec.ts:123:5 › encounter forecasts and the journal agree at stat caps (3.1s)
  ✓  12 [mobile] › tests-e2e/crew.spec.ts:3:5 › player and crew names recover during onboarding and absent members leave their seats (3.9s)
  ✓  13 [mobile] › tests-e2e/feedback.spec.ts:8:5 › local conversations retain the actual reward at and below the credibility cap (3.8s)
  ✓  14 [mobile] › tests-e2e/feedback.spec.ts:24:5 › outcomes show one heading and consistent cash, condition, evidence and part cards (3.6s)
  ✓  15 [mobile] › tests-e2e/feedback.spec.ts:34:5 › advertised receipts become visible awards and survive offline play and reload (4.6s)
  ✓  16 [mobile] › tests-e2e/feedback.spec.ts:58:5 › ally losses have a persistent acknowledgment and remain in the journal (3.8s)
  ✓  17 [mobile] › tests-e2e/feedback.spec.ts:69:5 › long journals scroll by keyboard without overlapping the footer (3.7s)
  ✓  18 [mobile] › tests-e2e/feedback.spec.ts:80:5 › town information, action spacing, journal cards and map credits share the established alignment (3.9s)
  ✓  19 [mobile] › tests-e2e/feedback.spec.ts:91:5 › legacy danger values are ignored and temporary risk uses the short percent label (3.2s)
  ✓  20 [mobile] › tests-e2e/journey.spec.ts:3:5 › outfitting recovery, direct controls, timed travel, manual save and camp (4.1s)
  ✓  21 [mobile] › tests-e2e/map.spec.ts:5:5 › map is a periodic full scene with real geography and exact recovery (3.3s)
  ✓  22 [mobile] › tests-e2e/map.spec.ts:18:5 › real towns, regional scenes and encounter geography agree (3.8s)
  ✓  23 [mobile] › tests-e2e/map.spec.ts:28:5 › every persona previews and saves a distinct geographic origin (3.2s)
  ✓  24 [mobile] › tests-e2e/map.spec.ts:35:5 › geographic scene remains readable in Arabic and reduced motion (1.7s)
  ✓  25 [mobile] › tests-e2e/offline-status.spec.ts:11:5 › offline menu uses full width, centers help, and explains installation with a labeled action (2.3s)
  ✓  26 [mobile] › tests-e2e/offline-status.spec.ts:32:5 › install availability updates while readiness stays unchanged and installed apps hide install controls (1.5s)
  ✓  27 [mobile] › tests-e2e/onboarding-results.spec.ts:6:5 › start action shares the Deep End column and stacks on mobile (1.3s)
  ✓  28 [mobile] › tests-e2e/onboarding-results.spec.ts:12:5 › random character persists, mission is shared, action row stays aligned, and compact crew busts have no added frame or background (1.9s)
  ✓  29 [mobile] › tests-e2e/onboarding-results.spec.ts:28:5 › early illness ending matches location and primary player, shows the full scorecard and updates in place (3.3s)
  ✓  30 [mobile] › tests-e2e/onboarding-results.spec.ts:43:5 › bottom result actions give visible feedback without a page jump (3.4s)
  ✓  31 [mobile] › tests-e2e/onboarding-results.spec.ts:51:5 › a fatal player care decision reports the death and ends the run here (3.0s)
  ✓  32 [mobile] › tests-e2e/onboarding-results.spec.ts:58:5 › store and trade have distinct illustrated symbols and retained information (3.2s)
  ✓  33 [mobile] › tests-e2e/preload.spec.ts:7:5 › first launch waits for every asset, retries failure, and repairs missing cached art before play (3.7s)
  ✓  34 [mobile] › tests-e2e/pwa.spec.ts:11:5 › all assets, saved play and town scenes work after an offline relaunch (6.5s)
  ✓  35 [mobile] › tests-e2e/pwa.spec.ts:33:5 › a complete remote update loads first and an interrupted update falls back without losing saves (7.8s)
  ✓  36 [mobile] › tests-e2e/scene-flow.spec.ts:10:5 › scene footer is flush and repair details are centered (3.3s)
  ✓  37 [mobile] › tests-e2e/scene-flow.spec.ts:20:5 › The Trail is exclusive tab content, keyboard accessible, with equal action widths (3.3s)
  ✓  38 [mobile] › tests-e2e/scene-flow.spec.ts:30:5 › automatic map keeps moving and closes in five seconds without a second click (10.2s)
  ✓  39 [mobile] › tests-e2e/scene-flow.spec.ts:38:5 › automatic map can stay open, survives reload, and resumes with one click (12.1s)
  ✓  40 [mobile] › tests-e2e/scene-flow.spec.ts:46:5 › manual map stays open and resumed travel stops at the next town (11.5s)
  ✓  41 [mobile] › tests-e2e/scene-flow.spec.ts:54:5 › camp gathering uses cooldown cards, persists and becomes available again (3.9s)
  ✓  42 [mobile] › tests-e2e/scene-flow.spec.ts:62:5 › help preference hides only optional tips, persists offline, and keeps information usable (3.5s)
  ✓  43 [mobile] › tests-e2e/scene-flow.spec.ts:69:5 › critical sanity stays in the stat bar with a bounded pulse and no popup (3.3s)
  ✓  44 [mobile] › tests-e2e/scene-flow.spec.ts:75:5 › a queued crew decision waits for the automatic map without advancing past it (9.8s)
  ✓  45 [mobile] › tests-e2e/scenes.spec.ts:7:5 › encounters have matching settings and never inherit a road backdrop (4.0s)
  ✓  46 [mobile] › tests-e2e/scenes.spec.ts:18:5 › regional roads follow route geography, full crew van travels, heat haze and clock are synchronized (6.5s)
  ✓  47 [mobile] › tests-e2e/scenes.spec.ts:37:5 › menu controls, pointer cursors and help stay inside viewport at either edge (3.7s)
  ✓  48 [mobile] › tests-e2e/second-pass.spec.ts:6:5 › starter allocation is paid, editable, emptyable and persisted (3.0s)
  ✓  49 [mobile] › tests-e2e/second-pass.spec.ts:13:5 › ending uses the name of the selected character (3.1s)
  ✓  50 [mobile] › tests-e2e/second-pass.spec.ts:18:5 › cashless breakdown has an escape with explicit costs across midnight (3.2s)
  ✓  51 [mobile] › tests-e2e/second-pass.spec.ts:24:5 › foraging and paid town work apply costs and persist their limits (3.6s)
  ✓  52 [mobile] › tests-e2e/second-pass.spec.ts:31:5 › town facts and player and NPC portraits survive reload (3.4s)
  ✓  53 [mobile] › tests-e2e/second-pass.spec.ts:41:5 › a new political encounter pays cash and exposes its factual hook (3.3s)
  ✓  54 [mobile] › tests-e2e/second-pass.spec.ts:46:5 › road and progress elements survive consecutive automatic turns (5.3s)
  ✓  55 [mobile] › tests-e2e/states.spec.ts:6:5 › numbered encounter, persistent aftermath, low sanity and visual results (4.4s)
  ✓  56 [mobile] › tests-e2e/states.spec.ts:16:5 › repair consumes a pump and shows the cost (3.2s)
  ✓  57 [mobile] › tests-e2e/states.spec.ts:23:5 › regions, weather details, final vote and terminal reload (4.7s)
  ✓  58 [mobile] › tests-e2e/states.spec.ts:35:5 › route store, one exchange and cooldown recovery (6.3s)
  ✓  59 [mobile] › tests-e2e/ux-round.spec.ts:6:5 › temporary policy effects explain actual penalties and remain available with tips off (3.5s)
  ✓  60 [mobile] › tests-e2e/ux-round.spec.ts:13:5 › town inventory, selectable trades and repeat conversations retain the real state (3.9s)
  ✓  61 [mobile] › tests-e2e/ux-round.spec.ts:24:5 › required decisions keep a disabled Resume control and all reference tabs (3.3s)
Weather travel fixture [33m4[39m PacificCoast Storm { day: [33m1[39m, weather: [32m'Storm'[39m, supplies: [33m-1[39m, hp: [33m0[39m, sanity: [33m-1[39m }
  ✓  62 [mobile] › tests-e2e/weather.spec.ts:11:5 › weather costs apply during continuous travel, notify inline, and survive reload once (9.6s)
  ✓  63 [mobile] › tests-e2e/weather.spec.ts:34:5 › weather receipt shows exposure, clear removes stale losses, and help stays in the viewport (3.7s)
  ✓  64 [mobile] › tests-e2e/weather.spec.ts:45:5 › old weather pause checkpoints resume without a weather decision or repeated costs (3.0s)
  ✓  65 [mobile] › tests-e2e/weather.spec.ts:52:5 › weather indicator respects reduced motion and Arabic layout (1.9s)
  ✓  66 [mobile] › tests-e2e/weather.spec.ts:60:5 › travel actions share one compact row and the scene gets the saved space (3.1s)
  ✓  67 [mobile] › tests-e2e/weather.spec.ts:79:5 › Fast mode persists, legacy Step saves recover, and toolbar details do not spend a turn (3.6s)

  67 passed (4.6m)
