(node:83760) [DEP0205] DeprecationWarning: `module.register()` is deprecated. Use `module.registerHooks()` instead.
(Use `node --trace-deprecation ...` to show where the warning was created)

Running 36 tests using 2 workers

(node:83780) Warning: The 'NO_COLOR' env is ignored due to the 'FORCE_COLOR' env being set.
(Use `node --trace-warnings ...` to show where the warning was created)
(node:83781) Warning: The 'NO_COLOR' env is ignored due to the 'FORCE_COLOR' env being set.
(Use `node --trace-warnings ...` to show where the warning was created)
(node:83780) [DEP0205] DeprecationWarning: `module.register()` is deprecated. Use `module.registerHooks()` instead.
(node:83781) [DEP0205] DeprecationWarning: `module.register()` is deprecated. Use `module.registerHooks()` instead.
(node:83781) Warning: The 'NO_COLOR' env is ignored due to the 'FORCE_COLOR' env being set.
(Use `node --trace-warnings ...` to show where the warning was created)
(node:83780) Warning: The 'NO_COLOR' env is ignored due to the 'FORCE_COLOR' env being set.
(Use `node --trace-warnings ...` to show where the warning was created)
  ✓   2 [chromium] › tests-e2e/scenes.spec.ts:7:5 › encounters have matching settings and never inherit a road backdrop (2.9s)
  ✓   3 [chromium] › tests-e2e/scenes.spec.ts:18:5 › regional roads follow route geography, full crew van travels, heat haze and clock are synchronized (4.6s)
  ✓   1 [chromium] › tests-e2e/journey.spec.ts:3:5 › outfitting recovery, direct controls, timed travel, manual save and camp (8.2s)
  ✓   4 [chromium] › tests-e2e/scenes.spec.ts:37:5 › menu controls, pointer cursors and help stay inside viewport at either edge (2.3s)
  ✓   5 [chromium] › tests-e2e/second-pass.spec.ts:6:5 › starter allocation is paid, editable, emptyable and persisted (2.7s)
  ✓   6 [chromium] › tests-e2e/second-pass.spec.ts:13:5 › ending uses the name of the selected character (1.9s)
  ✓   7 [chromium] › tests-e2e/second-pass.spec.ts:18:5 › cashless breakdown has an escape with explicit costs across midnight (2.1s)
  ✓   8 [chromium] › tests-e2e/second-pass.spec.ts:24:5 › foraging and paid town work apply costs and persist their limits (4.0s)
  ✓   9 [chromium] › tests-e2e/second-pass.spec.ts:31:5 › town facts and player and NPC portraits survive reload (2.9s)
  ✓  10 [chromium] › tests-e2e/second-pass.spec.ts:41:5 › a new political encounter pays cash and exposes its factual hook (2.1s)
  ✓  11 [chromium] › tests-e2e/second-pass.spec.ts:46:5 › road and progress elements survive consecutive automatic turns (4.0s)
  ✓  12 [chromium] › tests-e2e/states.spec.ts:6:5 › numbered encounter, persistent aftermath, low sanity and visual results (3.2s)
  ✓  13 [chromium] › tests-e2e/states.spec.ts:16:5 › repair consumes a pump and shows the cost (2.1s)
  ✓  14 [chromium] › tests-e2e/states.spec.ts:23:5 › regions, weather details, final vote and terminal reload (3.8s)
  ✓  15 [chromium] › tests-e2e/states.spec.ts:35:5 › route store, one exchange and cooldown recovery (3.7s)
  ✓  16 [chromium] › tests-e2e/ux-round.spec.ts:6:5 › temporary policy effects explain actual penalties and remain available with tips off (2.2s)
  ✓  18 [chromium] › tests-e2e/ux-round.spec.ts:24:5 › required decisions keep a disabled Resume control and all reference tabs (2.2s)
(node:84177) Warning: The 'NO_COLOR' env is ignored due to the 'FORCE_COLOR' env being set.
(Use `node --trace-warnings ...` to show where the warning was created)
(node:84177) [DEP0205] DeprecationWarning: `module.register()` is deprecated. Use `module.registerHooks()` instead.
(node:84177) Warning: The 'NO_COLOR' env is ignored due to the 'FORCE_COLOR' env being set.
(Use `node --trace-warnings ...` to show where the warning was created)
  ✘  17 [chromium] › tests-e2e/ux-round.spec.ts:13:5 › town inventory, selectable trades and repeat conversations retain the real state (7.7s)
(node:84224) Warning: The 'NO_COLOR' env is ignored due to the 'FORCE_COLOR' env being set.
(Use `node --trace-warnings ...` to show where the warning was created)
(node:84224) [DEP0205] DeprecationWarning: `module.register()` is deprecated. Use `module.registerHooks()` instead.
(node:84224) Warning: The 'NO_COLOR' env is ignored due to the 'FORCE_COLOR' env being set.
(Use `node --trace-warnings ...` to show where the warning was created)
  ✓  20 [mobile] › tests-e2e/scenes.spec.ts:7:5 › encounters have matching settings and never inherit a road backdrop (3.3s)
  ✓  19 [mobile] › tests-e2e/journey.spec.ts:3:5 › outfitting recovery, direct controls, timed travel, manual save and camp (8.6s)
  ✓  22 [mobile] › tests-e2e/scenes.spec.ts:37:5 › menu controls, pointer cursors and help stay inside viewport at either edge (2.5s)
  ✓  21 [mobile] › tests-e2e/scenes.spec.ts:18:5 › regional roads follow route geography, full crew van travels, heat haze and clock are synchronized (5.7s)
  ✓  23 [mobile] › tests-e2e/second-pass.spec.ts:6:5 › starter allocation is paid, editable, emptyable and persisted (2.9s)
  ✓  24 [mobile] › tests-e2e/second-pass.spec.ts:13:5 › ending uses the name of the selected character (1.9s)
  ✓  25 [mobile] › tests-e2e/second-pass.spec.ts:18:5 › cashless breakdown has an escape with explicit costs across midnight (2.1s)
  ✓  26 [mobile] › tests-e2e/second-pass.spec.ts:24:5 › foraging and paid town work apply costs and persist their limits (4.0s)
  ✓  27 [mobile] › tests-e2e/second-pass.spec.ts:31:5 › town facts and player and NPC portraits survive reload (3.0s)
  ✓  28 [mobile] › tests-e2e/second-pass.spec.ts:41:5 › a new political encounter pays cash and exposes its factual hook (2.2s)
  ✓  29 [mobile] › tests-e2e/second-pass.spec.ts:46:5 › road and progress elements survive consecutive automatic turns (4.2s)
  ✓  30 [mobile] › tests-e2e/states.spec.ts:6:5 › numbered encounter, persistent aftermath, low sanity and visual results (4.0s)
  ✓  31 [mobile] › tests-e2e/states.spec.ts:16:5 › repair consumes a pump and shows the cost (2.2s)
  ✓  33 [mobile] › tests-e2e/states.spec.ts:35:5 › route store, one exchange and cooldown recovery (3.9s)
  ✓  32 [mobile] › tests-e2e/states.spec.ts:23:5 › regions, weather details, final vote and terminal reload (4.4s)
  ✓  34 [mobile] › tests-e2e/ux-round.spec.ts:6:5 › temporary policy effects explain actual penalties and remain available with tips off (2.3s)
  ✓  36 [mobile] › tests-e2e/ux-round.spec.ts:24:5 › required decisions keep a disabled Resume control and all reference tabs (2.2s)
  ✘  35 [mobile] › tests-e2e/ux-round.spec.ts:13:5 › town inventory, selectable trades and repeat conversations retain the real state (8.3s)


  1) [chromium] › tests-e2e/ux-round.spec.ts:13:5 › town inventory, selectable trades and repeat conversations retain the real state 

    Error: [2mexpect([22m[31mlocator[39m[2m).[22mtoContainText[2m([22m[32mexpected[39m[2m)[22m failed

    Locator: getByRole('button', { name: 'Talk to locals', exact: true }).locator('small')
    Expected substring: [32m"[7mCredibility[27m +1"[39m
    Received string:    [31m"[7mReceipts[27m +1"[39m
    Timeout: 5000ms

    Call log:
    [2m  - Expect "toContainText" with timeout 5000ms[22m
    [2m  - waiting for getByRole('button', { name: 'Talk to locals', exact: true }).locator('small')[22m
    [2m    9 × locator resolved to <small class="action-detail">Receipts +1</small>[22m
    [2m      - unexpected value "Receipts +1"[22m


      17 |  await page.getByRole('tab',{name:'The Van',exact:true}).click();await expect(page.locator('.van-inventory')).toContainText('Battery');await page.getByRole('button',{name:'Trade with locals',exact:true}).click();await expect(page.locator('#main')).toHaveAttribute('data-screen','trade');await expect(page.locator('.town-trading .action-button')).toHaveCount(3);await snap(page,'town-trading');
      18 |  await page.getByRole('button',{name:'Get a battery',exact:true}).click();const traded=(await recovery(page)).state;expect(traded.stats.supplies).toBe(4);expect(traded.inventory.spares.battery).toBe(1);await expect(page.locator('.town-trading .action-button:disabled')).toHaveCount(3);await page.reload();await expect(page.locator('.town-trading')).toBeVisible();await page.getByRole('tab',{name:'Journal',exact:true}).click();await expect(page.locator('.trail-log')).toContainText('Trade 4 supplies');
    > 19 |  await page.getByRole('button',{name:'Back to town',exact:true}).click();const talk=page.getByRole('button',{name:'Talk to locals',exact:true});await expect(talk).toBeEnabled();await expect(talk.locator('small')).toContainText('Credibility +1');await talk.click();await expect(page.locator('.local-conversation')).toBeVisible();const first=(await recovery(page)).state;
         |                                                                                                                                                                                                                      ^
      20 |  await page.getByRole('button',{name:'Back to town',exact:true}).click();await expect(talk).toBeEnabled();await expect(talk.locator('s')).toHaveText('Credibility +1');await talk.click();await expect(page.locator('.local-conversation')).toBeVisible();const second=(await recovery(page)).state;expect(second.stats).toEqual(first.stats);expect(second.clock_minutes).toBe(first.clock_minutes);expect(second.journal).toEqual(first.journal);await snap(page,'town-conversation');
      21 |  const cards=await page.locator('.scene-speaker').evaluateAll(es=>es.map(e=>{const r=e.getBoundingClientRect(),f=e.closest('figcaption')!.getBoundingClientRect(),n=e.querySelector('span')!.getBoundingClientRect();return {r:{top:r.top,bottom:r.bottom,left:r.left,right:r.right},f:{top:f.top,bottom:f.bottom,left:f.left,right:f.right},n:{width:n.width,bottom:n.bottom}};}));
      22 |  expect(cards).toHaveLength(2);for(const c of cards){expect(c.r.top).toBeGreaterThanOrEqual(c.f.top);expect(c.r.bottom).toBeLessThan(c.f.bottom);expect(c.n.width).toBeCloseTo(c.r.right-c.r.left,0);}
        at /Users/vanna/Source/Dystrail/dystrail-web/tests-e2e/ux-round.spec.ts:19:214

    Error Context: ../../../../../tmp/dystrail-entry-polish-followup/ux-round-town-inventory-se-f629d-tions-retain-the-real-state-chromium/error-context.md

  2) [mobile] › tests-e2e/ux-round.spec.ts:13:5 › town inventory, selectable trades and repeat conversations retain the real state 

    Error: [2mexpect([22m[31mlocator[39m[2m).[22mtoContainText[2m([22m[32mexpected[39m[2m)[22m failed

    Locator: getByRole('button', { name: 'Talk to locals', exact: true }).locator('small')
    Expected substring: [32m"[7mCredibility[27m +1"[39m
    Received string:    [31m"[7mReceipts[27m +1"[39m
    Timeout: 5000ms

    Call log:
    [2m  - Expect "toContainText" with timeout 5000ms[22m
    [2m  - waiting for getByRole('button', { name: 'Talk to locals', exact: true }).locator('small')[22m
    [2m    9 × locator resolved to <small class="action-detail">Receipts +1</small>[22m
    [2m      - unexpected value "Receipts +1"[22m


      17 |  await page.getByRole('tab',{name:'The Van',exact:true}).click();await expect(page.locator('.van-inventory')).toContainText('Battery');await page.getByRole('button',{name:'Trade with locals',exact:true}).click();await expect(page.locator('#main')).toHaveAttribute('data-screen','trade');await expect(page.locator('.town-trading .action-button')).toHaveCount(3);await snap(page,'town-trading');
      18 |  await page.getByRole('button',{name:'Get a battery',exact:true}).click();const traded=(await recovery(page)).state;expect(traded.stats.supplies).toBe(4);expect(traded.inventory.spares.battery).toBe(1);await expect(page.locator('.town-trading .action-button:disabled')).toHaveCount(3);await page.reload();await expect(page.locator('.town-trading')).toBeVisible();await page.getByRole('tab',{name:'Journal',exact:true}).click();await expect(page.locator('.trail-log')).toContainText('Trade 4 supplies');
    > 19 |  await page.getByRole('button',{name:'Back to town',exact:true}).click();const talk=page.getByRole('button',{name:'Talk to locals',exact:true});await expect(talk).toBeEnabled();await expect(talk.locator('small')).toContainText('Credibility +1');await talk.click();await expect(page.locator('.local-conversation')).toBeVisible();const first=(await recovery(page)).state;
         |                                                                                                                                                                                                                      ^
      20 |  await page.getByRole('button',{name:'Back to town',exact:true}).click();await expect(talk).toBeEnabled();await expect(talk.locator('s')).toHaveText('Credibility +1');await talk.click();await expect(page.locator('.local-conversation')).toBeVisible();const second=(await recovery(page)).state;expect(second.stats).toEqual(first.stats);expect(second.clock_minutes).toBe(first.clock_minutes);expect(second.journal).toEqual(first.journal);await snap(page,'town-conversation');
      21 |  const cards=await page.locator('.scene-speaker').evaluateAll(es=>es.map(e=>{const r=e.getBoundingClientRect(),f=e.closest('figcaption')!.getBoundingClientRect(),n=e.querySelector('span')!.getBoundingClientRect();return {r:{top:r.top,bottom:r.bottom,left:r.left,right:r.right},f:{top:f.top,bottom:f.bottom,left:f.left,right:f.right},n:{width:n.width,bottom:n.bottom}};}));
      22 |  expect(cards).toHaveLength(2);for(const c of cards){expect(c.r.top).toBeGreaterThanOrEqual(c.f.top);expect(c.r.bottom).toBeLessThan(c.f.bottom);expect(c.n.width).toBeCloseTo(c.r.right-c.r.left,0);}
        at /Users/vanna/Source/Dystrail/dystrail-web/tests-e2e/ux-round.spec.ts:19:214

    Error Context: ../../../../../tmp/dystrail-entry-polish-followup/ux-round-town-inventory-se-f629d-tions-retain-the-real-state-mobile/error-context.md

  2 failed
    [chromium] › tests-e2e/ux-round.spec.ts:13:5 › town inventory, selectable trades and repeat conversations retain the real state 
    [mobile] › tests-e2e/ux-round.spec.ts:13:5 › town inventory, selectable trades and repeat conversations retain the real state 
  34 passed (1.1m)
