Safari 26.6.2
PASS First launch waits for its complete asset bundle
Click Choose your character
Click Journalist
Click Continue
Click Continue
Click Review & depart
Click Start the journey
Click Menu ▾
Click Help & tips
node:internal/modules/run_main:107
    triggerUncaughtException(
    ^

AssertionError [ERR_ASSERTION]: Expected values to be strictly deep-equal:
+ actual - expected

  {
    boxes: [
      {
        height: 395.96875,
        width: 300,
        x: 933,
+       y: 54
-       y: 50
      },
      {
        height: 91,
        width: 274,
        x: 946,
+       y: 345.96875
-       y: 341.96875
      },
      {
        height: 61,
        width: 1230,
        x: 25,
+       y: 60
-       y: 56
      },
      {
        height: 20,
        width: 152.140625,
        x: 50,
+       y: 68
-       y: 64
      },
      {
        height: 23,
        width: 152.140625,
        x: 50,
+       y: 90
-       y: 86
      },
      {
        height: 20,
        width: 152.140625,
        x: 221.140625,
+       y: 68
-       y: 64
      },
      {
        height: 23,
        width: 152.140625,
        x: 221.140625,
+       y: 90
-       y: 86
      },
      {
        height: 20,
        width: 151.140625,
        x: 392.28125,
+       y: 68
-       y: 64
      },
      {
        height: 23,
        width: 151.140625,
        x: 392.28125,
+       y: 90
-       y: 86
      },
      {
        height: 20,
        width: 152.140625,
        x: 563.421875,
+       y: 68
-       y: 64
      },
      {
        height: 23,
        width: 152.140625,
        x: 563.421875,
+       y: 90
-       y: 86
      },
      {
        height: 20,
        width: 152.140625,
        x: 734.5625,
+       y: 68
-       y: 64
      },
      {
        height: 23,
        width: 152.140625,
        x: 734.5625,
+       y: 90
-       y: 86
      },
      {
        height: 20,
        width: 152.140625,
        x: 905.703125,
+       y: 68
-       y: 64
      },
      {
        height: 23,
        width: 152.140625,
        x: 905.703125,
+       y: 90
-       y: 86
      },
      {
        height: 20,
        width: 153.140625,
        x: 1076.84375,
+       y: 68
-       y: 64
      },
      {
        height: 23,
        width: 153.140625,
        x: 1076.84375,
+       y: 90
-       y: 86
      },
      {
        height: 490,
        width: 1230,
        x: 25,
+       y: 121
-       y: 117
      },
      {
        height: 40,
        width: 1230,
        x: 25,
+       y: 121
-       y: 117
      },
      {
        height: 52,
        width: 1230,
        x: 25,
+       y: 611
-       y: 607
      },
      {
        height: 68,
        width: 1230,
        x: 25,
+       y: 663
-       y: 659
      },
      {
        height: 63,
        width: 1230,
        x: 25,
+       y: 873
-       y: 869
      }
    ],
+   scroll: 45
-   scroll: 49
  }

    at file:///Users/vanna/Source/Dystrail/dystrail-web/tests-e2e/safari-pwa.mjs:93:12
    at process.processTicksAndRejections (node:internal/process/task_queues:104:5) {
  generatedMessage: true,
  code: 'ERR_ASSERTION',
  actual: {
    boxes: [
      { y: 54, x: 933, width: 300, height: 395.96875 },
      { y: 345.96875, x: 946, width: 274, height: 91 },
      { y: 60, x: 25, width: 1230, height: 61 },
      { y: 68, x: 50, width: 152.140625, height: 20 },
      { y: 90, x: 50, width: 152.140625, height: 23 },
      { y: 68, x: 221.140625, width: 152.140625, height: 20 },
      { y: 90, x: 221.140625, width: 152.140625, height: 23 },
      { y: 68, x: 392.28125, width: 151.140625, height: 20 },
      { y: 90, x: 392.28125, width: 151.140625, height: 23 },
      { y: 68, x: 563.421875, width: 152.140625, height: 20 },
      { y: 90, x: 563.421875, width: 152.140625, height: 23 },
      { y: 68, x: 734.5625, width: 152.140625, height: 20 },
      { y: 90, x: 734.5625, width: 152.140625, height: 23 },
      { y: 68, x: 905.703125, width: 152.140625, height: 20 },
      { y: 90, x: 905.703125, width: 152.140625, height: 23 },
      { y: 68, x: 1076.84375, width: 153.140625, height: 20 },
      { y: 90, x: 1076.84375, width: 153.140625, height: 23 },
      { y: 121, x: 25, width: 1230, height: 490 },
      { y: 121, x: 25, width: 1230, height: 40 },
      { y: 611, x: 25, width: 1230, height: 52 },
      { y: 663, x: 25, width: 1230, height: 68 },
      { y: 873, x: 25, width: 1230, height: 63 }
    ],
    scroll: 45
  },
  expected: {
    boxes: [
      { y: 50, x: 933, width: 300, height: 395.96875 },
      { y: 341.96875, x: 946, width: 274, height: 91 },
      { y: 56, x: 25, width: 1230, height: 61 },
      { y: 64, x: 50, width: 152.140625, height: 20 },
      { y: 86, x: 50, width: 152.140625, height: 23 },
      { y: 64, x: 221.140625, width: 152.140625, height: 20 },
      { y: 86, x: 221.140625, width: 152.140625, height: 23 },
      { y: 64, x: 392.28125, width: 151.140625, height: 20 },
      { y: 86, x: 392.28125, width: 151.140625, height: 23 },
      { y: 64, x: 563.421875, width: 152.140625, height: 20 },
      { y: 86, x: 563.421875, width: 152.140625, height: 23 },
      { y: 64, x: 734.5625, width: 152.140625, height: 20 },
      { y: 86, x: 734.5625, width: 152.140625, height: 23 },
      { y: 64, x: 905.703125, width: 152.140625, height: 20 },
      { y: 86, x: 905.703125, width: 152.140625, height: 23 },
      { y: 64, x: 1076.84375, width: 153.140625, height: 20 },
      { y: 86, x: 1076.84375, width: 153.140625, height: 23 },
      { y: 117, x: 25, width: 1230, height: 490 },
      { y: 117, x: 25, width: 1230, height: 40 },
      { y: 607, x: 25, width: 1230, height: 52 },
      { y: 659, x: 25, width: 1230, height: 68 },
      { y: 869, x: 25, width: 1230, height: 63 }
    ],
    scroll: 49
  },
  operator: 'deepStrictEqual',
  diff: 'simple'
}

Node.js v26.8.2
