(node:71225) [DEP0205] DeprecationWarning: `module.register()` is deprecated. Use `module.registerHooks()` instead.
(Use `node --trace-deprecation ...` to show where the warning was created)

Running 134 tests using 2 workers

(node:71260) Warning: The 'NO_COLOR' env is ignored due to the 'FORCE_COLOR' env being set.
(Use `node --trace-warnings ...` to show where the warning was created)
(node:71261) Warning: The 'NO_COLOR' env is ignored due to the 'FORCE_COLOR' env being set.
(Use `node --trace-warnings ...` to show where the warning was created)
(node:71260) [DEP0205] DeprecationWarning: `module.register()` is deprecated. Use `module.registerHooks()` instead.
(node:71261) [DEP0205] DeprecationWarning: `module.register()` is deprecated. Use `module.registerHooks()` instead.
(node:71260) Warning: The 'NO_COLOR' env is ignored due to the 'FORCE_COLOR' env being set.
(Use `node --trace-warnings ...` to show where the warning was created)
(node:71261) Warning: The 'NO_COLOR' env is ignored due to the 'FORCE_COLOR' env being set.
(Use `node --trace-warnings ...` to show where the warning was created)
  ✓    1 [chromium] › tests-e2e/a11y.spec.ts:20:5 › context help and reduced motion (2.0s)
  ✓    2 [chromium] › tests-e2e/a11y.spec.ts:3:5 › focus stays still, keyboard selection, rich locale, contrast and outside dismissal (3.1s)
  ✓    3 [chromium] › tests-e2e/continuity.spec.ts:9:5 › abandon is cancelable, saves a crew ending, and leaves the manual slot intact (2.9s)
  ✓    4 [chromium] › tests-e2e/continuity.spec.ts:29:5 › stationary rest records actual changes and survives manual loading (2.9s)
  ✓    5 [chromium] › tests-e2e/continuity.spec.ts:43:5 › late-route camp stays put and never triggers the hearing (2.8s)
  ✓    6 [chromium] › tests-e2e/continuity.spec.ts:61:5 › a named crew decision precedes map review and absence persists in later scenes (2.9s)
  ✓    7 [chromium] › tests-e2e/continuity.spec.ts:74:5 › each persona map always fits its own traveled route (3.5s)
  ✓    8 [chromium] › tests-e2e/continuity.spec.ts:87:5 › one Resume carries two quiet travel actions; pausing and reload never replay them (4.5s)
  ✓   10 [chromium] › tests-e2e/continuity.spec.ts:114:5 › outfitting cannot charge for supplies beyond capacity (1.3s)
  ✓    9 [chromium] › tests-e2e/continuity.spec.ts:100:5 › visibility loss pauses automatic travel and does not resume it on return (5.9s)
  ✓   11 [chromium] › tests-e2e/continuity.spec.ts:123:5 › encounter forecasts and the journal agree at stat caps (2.5s)
  ✓   12 [chromium] › tests-e2e/crew.spec.ts:3:5 › player and crew names recover during onboarding and absent members leave their seats (3.3s)
  ✓   13 [chromium] › tests-e2e/feedback.spec.ts:8:5 › local conversations retain the actual reward at and below the credibility cap (3.3s)
  ✓   14 [chromium] › tests-e2e/feedback.spec.ts:24:5 › outcomes show one heading and consistent cash, condition, evidence and part cards (3.0s)
  ✓   15 [chromium] › tests-e2e/feedback.spec.ts:34:5 › advertised receipts become visible awards and survive offline play and reload (4.1s)
  ✓   16 [chromium] › tests-e2e/feedback.spec.ts:58:5 › ally losses have a persistent acknowledgment and remain in the journal (3.1s)
  ✓   17 [chromium] › tests-e2e/feedback.spec.ts:69:5 › long journals scroll by keyboard without overlapping the footer (3.1s)
  ✓   18 [chromium] › tests-e2e/feedback.spec.ts:80:5 › town information, action spacing, journal cards and map credits share the established alignment (3.1s)
  ✓   19 [chromium] › tests-e2e/feedback.spec.ts:91:5 › legacy danger values are ignored and temporary risk uses the short percent label (2.7s)
  ✓   21 [chromium] › tests-e2e/map.spec.ts:5:5 › map is a periodic full scene with real geography and exact recovery (2.8s)
  ✓   20 [chromium] › tests-e2e/journey.spec.ts:3:5 › outfitting recovery, direct controls, timed travel, manual save and camp (3.8s)
  ✓   23 [chromium] › tests-e2e/map.spec.ts:28:5 › every persona previews and saves a distinct geographic origin (2.8s)
  ✓   22 [chromium] › tests-e2e/map.spec.ts:18:5 › real towns, regional scenes and encounter geography agree (3.1s)
  ✓   24 [chromium] › tests-e2e/map.spec.ts:35:5 › geographic scene remains readable in Arabic and reduced motion (1.6s)
  ✓   25 [chromium] › tests-e2e/offline-status.spec.ts:11:5 › offline menu uses full width, centers help, and explains installation with a labeled action (2.6s)
  ✓   26 [chromium] › tests-e2e/offline-status.spec.ts:32:5 › install availability updates while readiness stays unchanged and installed apps hide install controls (1.6s)
  ✓   27 [chromium] › tests-e2e/onboarding-results.spec.ts:6:5 › start action shares the Deep End column and stacks on mobile (1.3s)
  ✓   28 [chromium] › tests-e2e/onboarding-results.spec.ts:12:5 › random character persists, mission is shared, action row stays aligned, and compact crew busts have no added frame or background (1.7s)
  ✓   29 [chromium] › tests-e2e/onboarding-results.spec.ts:28:5 › early illness ending matches location and primary player, shows the full scorecard and updates in place (2.7s)
  ✓   30 [chromium] › tests-e2e/onboarding-results.spec.ts:43:5 › bottom result actions give visible feedback without a page jump (2.7s)
  ✓   31 [chromium] › tests-e2e/onboarding-results.spec.ts:51:5 › a fatal player care decision reports the death and ends the run here (2.5s)
  ✓   32 [chromium] › tests-e2e/onboarding-results.spec.ts:58:5 › store and trade have distinct illustrated symbols and retained information (2.6s)
  ✓   33 [chromium] › tests-e2e/preload.spec.ts:7:5 › first launch waits for every asset, retries failure, and repairs missing cached art before play (3.4s)
  ✓   34 [chromium] › tests-e2e/pwa.spec.ts:11:5 › all assets, saved play and town scenes work after an offline relaunch (6.0s)
  ✓   36 [chromium] › tests-e2e/scene-flow.spec.ts:10:5 › scene footer is flush and repair details are centered (2.6s)
  ✓   35 [chromium] › tests-e2e/pwa.spec.ts:33:5 › a complete remote update loads first and an interrupted update falls back without losing saves (7.7s)
  ✓   37 [chromium] › tests-e2e/scene-flow.spec.ts:20:5 › The Trail is exclusive tab content, keyboard accessible, with equal action widths (2.7s)
  ✓   38 [chromium] › tests-e2e/scene-flow.spec.ts:30:5 › automatic map keeps moving and closes in five seconds without a second click (9.6s)
  ✓   39 [chromium] › tests-e2e/scene-flow.spec.ts:38:5 › automatic map can stay open, survives reload, and resumes with one click (11.5s)
  ✓   41 [chromium] › tests-e2e/scene-flow.spec.ts:54:5 › camp gathering uses cooldown cards, persists and becomes available again (3.3s)
  ✓   42 [chromium] › tests-e2e/scene-flow.spec.ts:62:5 › help preference hides only optional tips, persists offline, and keeps information usable (2.8s)
  ✓   40 [chromium] › tests-e2e/scene-flow.spec.ts:46:5 › manual map stays open and resumed travel stops at the next town (11.0s)
  ✓   43 [chromium] › tests-e2e/scene-flow.spec.ts:69:5 › critical sanity stays in the stat bar with a bounded pulse and no popup (2.6s)
  ✓   45 [chromium] › tests-e2e/scenes.spec.ts:7:5 › encounters have matching settings and never inherit a road backdrop (3.3s)
  ✓   44 [chromium] › tests-e2e/scene-flow.spec.ts:75:5 › a queued crew decision waits for the automatic map without advancing past it (9.1s)
  ✓   46 [chromium] › tests-e2e/scenes.spec.ts:18:5 › regional roads follow route geography, full crew van travels, heat haze and clock are synchronized (5.2s)
  ✓   48 [chromium] › tests-e2e/second-pass.spec.ts:6:5 › starter allocation is paid, editable, emptyable and persisted (1.9s)
  ✓   47 [chromium] › tests-e2e/scenes.spec.ts:37:5 › menu controls, pointer cursors and help stay inside viewport at either edge (2.9s)
  ✓   49 [chromium] › tests-e2e/second-pass.spec.ts:13:5 › ending uses the name of the selected character (2.4s)
  ✓   50 [chromium] › tests-e2e/second-pass.spec.ts:18:5 › cashless breakdown has an escape with explicit costs across midnight (2.6s)
  ✓   51 [chromium] › tests-e2e/second-pass.spec.ts:24:5 › foraging and paid town work apply costs and persist their limits (3.2s)
  ✓   52 [chromium] › tests-e2e/second-pass.spec.ts:31:5 › town facts and player and NPC portraits survive reload (2.8s)
  ✓   53 [chromium] › tests-e2e/second-pass.spec.ts:41:5 › a new political encounter pays cash and exposes its factual hook (2.7s)
  ✓   54 [chromium] › tests-e2e/second-pass.spec.ts:46:5 › road and progress elements survive consecutive automatic turns (4.6s)
  ✓   55 [chromium] › tests-e2e/states.spec.ts:6:5 › numbered encounter, persistent aftermath, low sanity and visual results (3.6s)
  ✓   56 [chromium] › tests-e2e/states.spec.ts:16:5 › repair consumes a pump and shows the cost (2.6s)
  ✓   57 [chromium] › tests-e2e/states.spec.ts:23:5 › regions, weather details, final vote and terminal reload (3.7s)
  ✓   59 [chromium] › tests-e2e/ux-round.spec.ts:6:5 › temporary policy effects explain actual penalties and remain available with tips off (2.8s)
  ✓   58 [chromium] › tests-e2e/states.spec.ts:35:5 › route store, one exchange and cooldown recovery (6.0s)
  ✓   60 [chromium] › tests-e2e/ux-round.spec.ts:13:5 › town inventory, selectable trades and repeat conversations retain the real state (3.1s)
  ✓   61 [chromium] › tests-e2e/ux-round.spec.ts:24:5 › required decisions keep a disabled Resume control and all reference tabs (2.7s)
Weather travel fixture [33m4[39m PacificCoast Storm { day: [33m1[39m, weather: [32m'Storm'[39m, supplies: [33m-1[39m, hp: [33m0[39m, sanity: [33m-1[39m }
  ✓   63 [chromium] › tests-e2e/weather.spec.ts:34:5 › weather receipt shows exposure, clear removes stale losses, and help stays in the viewport (2.9s)
  ✓   64 [chromium] › tests-e2e/weather.spec.ts:45:5 › old weather pause checkpoints resume without a weather decision or repeated costs (2.6s)
  ✓   65 [chromium] › tests-e2e/weather.spec.ts:52:5 › weather indicator respects reduced motion and Arabic layout (1.9s)
  ✓   62 [chromium] › tests-e2e/weather.spec.ts:11:5 › weather costs apply during continuous travel, notify inline, and survive reload once (9.0s)
  ✓   66 [chromium] › tests-e2e/weather.spec.ts:60:5 › travel actions share one compact row and the scene gets the saved space (2.5s)
  ✓   67 [chromium] › tests-e2e/weather.spec.ts:79:5 › Fast mode persists, legacy Step saves recover, and toolbar details do not spend a turn (2.9s)
