   Compiling proc-macro2 v1.0.103
   Compiling quote v1.0.42
   Compiling unicode-ident v1.0.22
   Compiling libc v0.2.178
   Compiling cfg-if v1.0.4
   Compiling serde v1.0.228
   Compiling stable_deref_trait v1.2.1
   Compiling itoa v1.0.15
   Compiling pin-project-lite v0.2.16
   Compiling parking_lot_core v0.9.12
   Compiling futures-core v0.3.31
   Compiling find-msvc-tools v0.1.5
   Compiling scopeguard v1.2.0
   Compiling shlex v1.3.0
   Compiling memchr v2.7.6
   Compiling version_check v0.9.5
   Compiling serde_core v1.0.228
   Compiling writeable v0.6.2
   Compiling lock_api v0.4.14
   Compiling typenum v1.19.0
   Compiling subtle v2.6.1
   Compiling icu_normalizer_data v2.1.1
   Compiling cc v1.2.49
   Compiling http v1.4.0
   Compiling icu_properties_data v2.1.1
   Compiling pin-utils v0.1.0
   Compiling rustls-pki-types v1.13.1
   Compiling httparse v1.10.1
   Compiling percent-encoding v2.3.2
   Compiling generic-array v0.14.7
   Compiling untrusted v0.9.0
   Compiling futures-task v0.3.31
   Compiling aho-corasick v1.1.4
   Compiling futures-util v0.3.31
   Compiling rustls v0.23.35
   Compiling try-lock v0.2.5
   Compiling regex-syntax v0.8.8
   Compiling tower-service v0.3.3
   Compiling zerocopy v0.8.31
   Compiling want v0.3.1
   Compiling tracing-core v0.1.35
   Compiling http-body v1.0.1
   Compiling futures-channel v0.3.31
   Compiling utf8parse v0.2.2
   Compiling ryu v1.0.20
   Compiling atomic-waker v1.1.2
   Compiling autocfg v1.5.0
   Compiling ring v0.17.14
   Compiling serde_json v1.0.145
   Compiling anstyle-parse v0.2.7
   Compiling form_urlencoded v1.2.2
   Compiling sync_wrapper v1.0.2
   Compiling anstyle-query v1.1.5
   Compiling colorchoice v1.0.4
   Compiling ipnet v2.11.0
   Compiling utf8_iter v1.0.4
   Compiling tower-layer v0.3.3
   Compiling num-traits v0.2.19
   Compiling anstyle v1.0.13
   Compiling log v0.4.29
   Compiling is_terminal_polyfill v1.70.2
   Compiling base64 v0.22.1
   Compiling thiserror v2.0.17
   Compiling anstream v0.6.21
   Compiling regex-automata v0.4.13
   Compiling webpki-roots v1.0.4
   Compiling paste v1.0.15
   Compiling unicode-xid v0.2.6
   Compiling anyhow v1.0.100
   Compiling crypto-common v0.1.7
   Compiling block-buffer v0.10.4
   Compiling http-body-util v0.1.3
   Compiling clap_lex v0.7.6
   Compiling heck v0.5.0
   Compiling digest v0.10.7
   Compiling strsim v0.11.1
   Compiling core-foundation-sys v0.8.7
   Compiling hmac v0.12.1
   Compiling arc-swap v1.7.1
   Compiling syn v2.0.111
   Compiling iana-time-zone v0.1.64
   Compiling const_format_proc_macros v0.2.34
   Compiling clap_builder v4.5.53
   Compiling jiff v0.2.16
   Compiling twox-hash v2.1.2
   Compiling colored v3.0.0
   Compiling const_format v0.2.35
   Compiling getrandom v0.2.16
   Compiling mio v1.1.1
   Compiling signal-hook-registry v1.4.7
   Compiling socket2 v0.6.1
   Compiling cpufeatures v0.2.17
   Compiling sha2 v0.10.9
   Compiling rand_core v0.6.4
   Compiling regex v1.12.2
   Compiling env_filter v0.1.4
   Compiling stringmatch v0.4.0
   Compiling ppv-lite86 v0.2.21
   Compiling rand_chacha v0.3.1
   Compiling chrono v0.4.42
   Compiling rand v0.8.5
   Compiling synstructure v0.13.2
   Compiling env_logger v0.11.8
   Compiling serde_derive v1.0.228
   Compiling zerovec-derive v0.11.2
   Compiling displaydoc v0.2.5
   Compiling tokio-macros v2.6.0
   Compiling tracing-attributes v0.1.31
   Compiling zerofrom-derive v0.1.6
   Compiling yoke-derive v0.8.1
   Compiling thiserror-impl v2.0.17
   Compiling clap_derive v4.5.49
   Compiling async-trait v0.1.89
   Compiling thirtyfour-macros v0.2.0
   Compiling serde_repr v0.1.20
   Compiling zerofrom v0.1.6
   Compiling tracing v0.1.43
   Compiling clap v4.5.53
   Compiling yoke v0.8.1
   Compiling rustls-webpki v0.103.8
   Compiling zerovec v0.11.5
   Compiling zerotrie v0.2.3
   Compiling smallvec v1.15.1
   Compiling serde_urlencoded v0.7.1
   Compiling dystrail-game v0.1.0 (/Users/vanna/Source/Dystrail/dystrail-game)
   Compiling parking_lot v0.12.5
   Compiling tokio v1.48.0
   Compiling tinystr v0.8.2
   Compiling potential_utf v0.1.4
   Compiling icu_collections v2.1.1
   Compiling icu_locale_core v2.1.1
   Compiling icu_provider v2.1.1
   Compiling icu_properties v2.1.1
   Compiling icu_normalizer v2.1.1
   Compiling idna_adapter v1.2.1
   Compiling idna v1.1.0
   Compiling url v2.5.7
   Compiling hyper v1.8.1
   Compiling tokio-rustls v0.26.4
   Compiling tower v0.5.2
   Compiling tower-http v0.6.7
   Compiling hyper-util v0.1.19
   Compiling hyper-rustls v0.27.7
   Compiling reqwest v0.12.24
   Compiling thirtyfour v0.36.1
   Compiling dystrail-tester v0.10.0 (/Users/vanna/Source/Dystrail/dystrail-tester)
    Finished `dev` profile [unoptimized + debuginfo] target(s) in 13.58s
     Running `target/debug/dystrail-tester --mode logic --scenarios real-game --iterations 1000 --report console`
🎮 Dystrail Automated Tester
================================
🧠 Running Logic Tests
------------------------------
Error: Playability expectation failed for mode Classic, strategy Aggressive, seed 1337 (iteration 273)

Caused by:
    Aggressive runs should accumulate risk, observed pants 2
