   Compiling dystrail-game v0.1.0 (/private/tmp/dystrail-mileage-ledger-preview/source/dystrail-game)
    Finished `test` profile [unoptimized + debuginfo] target(s) in 1.56s
     Running unittests src/lib.rs (/Users/vanna/Source/Dystrail/target/debug/deps/dystrail_game-4a70b9969783f953)

running 2 tests
test day_accounting::tests::fractional_leg_credit_matches_observed_progress ... ok
test day_accounting::tests::fractional_days_reconcile_with_odometer_and_saved_open_day ... ok

test result: ok. 2 passed; 0 failed; 0 ignored; 0 measured; 211 filtered out; finished in 0.01s

     Running tests/coverage_sweep.rs (/Users/vanna/Source/Dystrail/target/debug/deps/coverage_sweep-130cb208682f63cb)

running 0 tests

test result: ok. 0 passed; 0 failed; 0 ignored; 0 measured; 24 filtered out; finished in 0.00s

     Running tests/data_shapes.rs (/Users/vanna/Source/Dystrail/target/debug/deps/data_shapes-62c049de5ced5fec)

running 0 tests

test result: ok. 0 passed; 0 failed; 0 ignored; 0 measured; 2 filtered out; finished in 0.00s

     Running tests/full_campaign.rs (/Users/vanna/Source/Dystrail/target/debug/deps/full_campaign-b73aaa8e37fe4b22)

running 0 tests

test result: ok. 0 passed; 0 failed; 0 ignored; 0 measured; 1 filtered out; finished in 0.00s

     Running tests/stat_acceptance.rs (/Users/vanna/Source/Dystrail/target/debug/deps/stat_acceptance-d0c3f8a768763aa0)

running 0 tests

test result: ok. 0 passed; 0 failed; 0 ignored; 0 measured; 4 filtered out; finished in 0.00s

     Running tests/system_coverage.rs (/Users/vanna/Source/Dystrail/target/debug/deps/system_coverage-611b70b24ba40a99)

running 0 tests

test result: ok. 0 passed; 0 failed; 0 ignored; 0 measured; 8 filtered out; finished in 0.00s

     Running tests/weather_paths.rs (/Users/vanna/Source/Dystrail/target/debug/deps/weather_paths-698485da85f3b30e)

running 0 tests

test result: ok. 0 passed; 0 failed; 0 ignored; 0 measured; 5 filtered out; finished in 0.00s

