   Compiling dystrail-game v0.1.0 (/private/tmp/dystrail-retune-2026-09-13/pace-crossing-health038-activity-source/dystrail-game)
    Finished `test` profile [unoptimized + debuginfo] target(s) in 1.21s
     Running unittests src/lib.rs (/Users/vanna/Source/Dystrail/target/debug/deps/dystrail_game-4a70b9969783f953)

running 7 tests
test day_accounting::tests::ledger_metrics_align_with_distance ... ok
test day_accounting::tests::ledger_travel_ratio_matches_manual_computation ... ok
test day_accounting::tests::day_record_serialization_roundtrip_is_stable ... ok
test day_accounting::tests::recent_stops_cannot_create_distance ... ok
test day_accounting::tests::late_route_camping_never_moves_the_van_or_finishes_the_route ... ok
test day_accounting::tests::record_travel_day_applies_transitions ... ok
test day_accounting::tests::ledger_metrics_match_state_distance ... ok

test result: ok. 7 passed; 0 failed; 0 ignored; 0 measured; 189 filtered out; finished in 0.00s

     Running tests/coverage_sweep.rs (/Users/vanna/Source/Dystrail/target/debug/deps/coverage_sweep-130cb208682f63cb)

running 0 tests

test result: ok. 0 passed; 0 failed; 0 ignored; 0 measured; 24 filtered out; finished in 0.00s

     Running tests/data_shapes.rs (/Users/vanna/Source/Dystrail/target/debug/deps/data_shapes-62c049de5ced5fec)

running 0 tests

test result: ok. 0 passed; 0 failed; 0 ignored; 0 measured; 2 filtered out; finished in 0.00s

     Running tests/full_campaign.rs (/Users/vanna/Source/Dystrail/target/debug/deps/full_campaign-b73aaa8e37fe4b22)

running 0 tests

test result: ok. 0 passed; 0 failed; 0 ignored; 0 measured; 1 filtered out; finished in 0.00s

     Running tests/stat_acceptance.rs (/Users/vanna/Source/Dystrail/target/debug/deps/stat_acceptance-d0c3f8a768763aa0)

running 0 tests

test result: ok. 0 passed; 0 failed; 0 ignored; 0 measured; 4 filtered out; finished in 0.00s

     Running tests/system_coverage.rs (/Users/vanna/Source/Dystrail/target/debug/deps/system_coverage-611b70b24ba40a99)

running 0 tests

test result: ok. 0 passed; 0 failed; 0 ignored; 0 measured; 8 filtered out; finished in 0.00s

     Running tests/weather_paths.rs (/Users/vanna/Source/Dystrail/target/debug/deps/weather_paths-698485da85f3b30e)

running 0 tests

test result: ok. 0 passed; 0 failed; 0 ignored; 0 measured; 4 filtered out; finished in 0.00s

