   Compiling dystrail-game v0.1.0 (/private/tmp/dystrail-retune-2026-09-13/pace-crossing-health038-activity-source/dystrail-game)
    Finished `test` profile [unoptimized + debuginfo] target(s) in 1.23s
     Running unittests src/lib.rs (/Users/vanna/Source/Dystrail/target/debug/deps/dystrail_game-4a70b9969783f953)

running 10 tests
test activities::tests::gathering_preserves_capacity_health_and_town_guards ... ok
test activities::tests::activity_settlement_does_not_expand_same_day_lazy_initialization ... ok
test activities::tests::activity_settlement_exact_day_end_does_not_start_tomorrow ... ok
test activities::tests::late_gathering_starts_its_shared_cooldown_when_the_work_finishes ... ok
test activities::tests::activity_settlement_preserves_capped_reward_before_next_day_diet_cost ... ok
test activities::tests::activity_settlement_same_day_actions_do_not_repeat_daily_costs ... ok
test activities::tests::activity_settlement_overnight_gathering_keeps_reward_cost_and_cooldown ... ok
test activities::tests::activity_settlement_overnight_work_returns_current_day_costs_and_clock ... ok
test activities::tests::gathering_and_paid_work_cannot_be_farmed_by_reloading ... ok
test activities::tests::activity_settlement_reload_and_zero_time_do_not_charge_again ... ok

test result: ok. 10 passed; 0 failed; 0 ignored; 0 measured; 186 filtered out; finished in 0.01s

     Running tests/coverage_sweep.rs (/Users/vanna/Source/Dystrail/target/debug/deps/coverage_sweep-130cb208682f63cb)

running 0 tests

test result: ok. 0 passed; 0 failed; 0 ignored; 0 measured; 24 filtered out; finished in 0.00s

     Running tests/data_shapes.rs (/Users/vanna/Source/Dystrail/target/debug/deps/data_shapes-62c049de5ced5fec)

running 0 tests

test result: ok. 0 passed; 0 failed; 0 ignored; 0 measured; 2 filtered out; finished in 0.00s

     Running tests/full_campaign.rs (/Users/vanna/Source/Dystrail/target/debug/deps/full_campaign-b73aaa8e37fe4b22)

running 0 tests

test result: ok. 0 passed; 0 failed; 0 ignored; 0 measured; 1 filtered out; finished in 0.00s

     Running tests/stat_acceptance.rs (/Users/vanna/Source/Dystrail/target/debug/deps/stat_acceptance-d0c3f8a768763aa0)

running 0 tests

test result: ok. 0 passed; 0 failed; 0 ignored; 0 measured; 4 filtered out; finished in 0.00s

     Running tests/system_coverage.rs (/Users/vanna/Source/Dystrail/target/debug/deps/system_coverage-611b70b24ba40a99)

running 0 tests

test result: ok. 0 passed; 0 failed; 0 ignored; 0 measured; 8 filtered out; finished in 0.00s

     Running tests/weather_paths.rs (/Users/vanna/Source/Dystrail/target/debug/deps/weather_paths-698485da85f3b30e)

running 0 tests

test result: ok. 0 passed; 0 failed; 0 ignored; 0 measured; 4 filtered out; finished in 0.00s

