   Compiling dystrail-game v0.1.0 (/private/tmp/dystrail-retune-2026-09-13/pace-crossing-health038-activity-source/dystrail-game)
    Finished `test` profile [unoptimized + debuginfo] target(s) in 1.16s
     Running unittests src/lib.rs (/Users/vanna/Source/Dystrail/target/debug/deps/dystrail_game-4a70b9969783f953)

running 13 tests
test travel_time::tests::hourly_probabilities_compose_to_the_configured_daily_risk ... ok
test travel_time::tests::pace_fatigue_keeps_sanity_nonnegative ... ok
test travel_time::tests::pace_fatigue_partial_minutes_survive_pace_changes_and_zero_time ... ok
test travel_time::tests::stops_use_the_driving_budget_and_reload_cannot_restore_it ... ok
test travel_time::tests::stationary_clock_chunks_record_only_days_with_elapsed_time ... ok
test travel_time::tests::pace_fatigue_does_not_replace_daily_diet_or_generic_daily_effects ... ok
test travel_time::tests::pace_fatigue_is_not_earned_by_work_camp_or_menu_time ... ok
test travel_time::tests::pace_fatigue_remainder_survives_reload_and_older_saves_default_to_zero ... ok
test travel_time::tests::pace_fatigue_full_day_cost_is_independent_of_driving_chunk_size ... ok
test travel_time::tests::pace_fatigue_on_a_short_drive_is_part_of_its_stats_and_not_weather_cost ... ok
test travel_time::tests::unfinished_work_carries_into_tomorrow_and_daily_costs_apply_once ... ok
test travel_time::tests::rest_preserves_miles_already_driven_and_never_credits_stationary_days ... ok
test travel_time::tests::each_hour_of_foraging_reduces_distance_by_one_hour_at_the_actual_speed ... ok

test result: ok. 13 passed; 0 failed; 0 ignored; 0 measured; 183 filtered out; finished in 0.03s

     Running tests/coverage_sweep.rs (/Users/vanna/Source/Dystrail/target/debug/deps/coverage_sweep-130cb208682f63cb)

running 0 tests

test result: ok. 0 passed; 0 failed; 0 ignored; 0 measured; 24 filtered out; finished in 0.00s

     Running tests/data_shapes.rs (/Users/vanna/Source/Dystrail/target/debug/deps/data_shapes-62c049de5ced5fec)

running 0 tests

test result: ok. 0 passed; 0 failed; 0 ignored; 0 measured; 2 filtered out; finished in 0.00s

     Running tests/full_campaign.rs (/Users/vanna/Source/Dystrail/target/debug/deps/full_campaign-b73aaa8e37fe4b22)

running 0 tests

test result: ok. 0 passed; 0 failed; 0 ignored; 0 measured; 1 filtered out; finished in 0.00s

     Running tests/stat_acceptance.rs (/Users/vanna/Source/Dystrail/target/debug/deps/stat_acceptance-d0c3f8a768763aa0)

running 0 tests

test result: ok. 0 passed; 0 failed; 0 ignored; 0 measured; 4 filtered out; finished in 0.00s

     Running tests/system_coverage.rs (/Users/vanna/Source/Dystrail/target/debug/deps/system_coverage-611b70b24ba40a99)

running 0 tests

test result: ok. 0 passed; 0 failed; 0 ignored; 0 measured; 8 filtered out; finished in 0.00s

     Running tests/weather_paths.rs (/Users/vanna/Source/Dystrail/target/debug/deps/weather_paths-698485da85f3b30e)

running 0 tests

test result: ok. 0 passed; 0 failed; 0 ignored; 0 measured; 4 filtered out; finished in 0.00s

