(node:8996) [DEP0205] DeprecationWarning: `module.register()` is deprecated. Use `module.registerHooks()` instead.
(Use `node --trace-deprecation ...` to show where the warning was created)

Running 6 tests using 2 workers

(node:9027) Warning: The 'NO_COLOR' env is ignored due to the 'FORCE_COLOR' env being set.
(Use `node --trace-warnings ...` to show where the warning was created)
(node:9026) Warning: The 'NO_COLOR' env is ignored due to the 'FORCE_COLOR' env being set.
(Use `node --trace-warnings ...` to show where the warning was created)
(node:9026) [DEP0205] DeprecationWarning: `module.register()` is deprecated. Use `module.registerHooks()` instead.
(node:9026) Warning: The 'NO_COLOR' env is ignored due to the 'FORCE_COLOR' env being set.
(Use `node --trace-warnings ...` to show where the warning was created)
(node:9027) [DEP0205] DeprecationWarning: `module.register()` is deprecated. Use `module.registerHooks()` instead.
(node:9027) Warning: The 'NO_COLOR' env is ignored due to the 'FORCE_COLOR' env being set.
(Use `node --trace-warnings ...` to show where the warning was created)
  ✓  1 [chromium] › tests-e2e/writer-content.spec.ts:11:7 › writer scene sat_billion_pothole retains its complete copy and exact choice effects offline (3.4s)
  ✓  2 [chromium] › tests-e2e/writer-content.spec.ts:11:7 › writer scene sat_alternator_tariff retains its complete copy and exact choice effects offline (3.4s)
(node:9179) Warning: The 'NO_COLOR' env is ignored due to the 'FORCE_COLOR' env being set.
(Use `node --trace-warnings ...` to show where the warning was created)
(node:9179) [DEP0205] DeprecationWarning: `module.register()` is deprecated. Use `module.registerHooks()` instead.
(node:9179) Warning: The 'NO_COLOR' env is ignored due to the 'FORCE_COLOR' env being set.
(Use `node --trace-warnings ...` to show where the warning was created)
  ✓  3 [chromium] › tests-e2e/writer-content.spec.ts:11:7 › writer scene sat_cabinet_guest retains its complete copy and exact choice effects offline (3.3s)
(node:9283) Warning: The 'NO_COLOR' env is ignored due to the 'FORCE_COLOR' env being set.
(Use `node --trace-warnings ...` to show where the warning was created)
(node:9283) [DEP0205] DeprecationWarning: `module.register()` is deprecated. Use `module.registerHooks()` instead.
(node:9283) Warning: The 'NO_COLOR' env is ignored due to the 'FORCE_COLOR' env being set.
(Use `node --trace-warnings ...` to show where the warning was created)
  ✓  4 [mobile] › tests-e2e/writer-content.spec.ts:11:7 › writer scene sat_alternator_tariff retains its complete copy and exact choice effects offline (3.5s)
  ✓  5 [mobile] › tests-e2e/writer-content.spec.ts:11:7 › writer scene sat_billion_pothole retains its complete copy and exact choice effects offline (3.5s)
  ✓  6 [mobile] › tests-e2e/writer-content.spec.ts:11:7 › writer scene sat_cabinet_guest retains its complete copy and exact choice effects offline (3.3s)

  6 passed (11.6s)
