(node:30747) [DEP0205] DeprecationWarning: `module.register()` is deprecated. Use `module.registerHooks()` instead.
(Use `node --trace-deprecation ...` to show where the warning was created)

Running 86 tests using 2 workers

(node:30774) Warning: The 'NO_COLOR' env is ignored due to the 'FORCE_COLOR' env being set.
(Use `node --trace-warnings ...` to show where the warning was created)
(node:30771) Warning: The 'NO_COLOR' env is ignored due to the 'FORCE_COLOR' env being set.
(Use `node --trace-warnings ...` to show where the warning was created)
(node:30771) [DEP0205] DeprecationWarning: `module.register()` is deprecated. Use `module.registerHooks()` instead.
(node:30774) [DEP0205] DeprecationWarning: `module.register()` is deprecated. Use `module.registerHooks()` instead.
(node:30774) Warning: The 'NO_COLOR' env is ignored due to the 'FORCE_COLOR' env being set.
(Use `node --trace-warnings ...` to show where the warning was created)
(node:30771) Warning: The 'NO_COLOR' env is ignored due to the 'FORCE_COLOR' env being set.
(Use `node --trace-warnings ...` to show where the warning was created)
  ✓   1 [chromium] › tests-e2e/entry-layout.spec.ts:16:5 › Trail and Journal share compact right-hand cards and retain historical journey settings (3.5s)
  ✓   2 [chromium] › tests-e2e/entry-layout.spec.ts:59:5 › the daily Journal accumulates actual first-final totals and preserves every raw action across days (3.6s)
  ✓   4 [chromium] › tests-e2e/feedback.spec.ts:8:5 › local conversations retain the actual reward at and below the credibility cap (4.0s)
  ✓   5 [chromium] › tests-e2e/feedback.spec.ts:24:5 › outcomes show one heading and consistent cash, condition, evidence and part cards (2.3s)
  ✓   3 [chromium] › tests-e2e/entry-layout.spec.ts:105:5 › real driving rollover keeps all five hours and their daily effects in the completed day Journal (7.9s)
  ✓   7 [chromium] › tests-e2e/feedback.spec.ts:64:5 › ally losses have a persistent acknowledgment and remain in the journal (4.2s)
  ✓   6 [chromium] › tests-e2e/feedback.spec.ts:34:5 › advertised receipts become visible awards and survive offline play and reload (5.6s)
  ✓   8 [chromium] › tests-e2e/feedback.spec.ts:75:5 › long journals scroll by keyboard without overlapping the footer (2.4s)
  ✓   9 [chromium] › tests-e2e/feedback.spec.ts:86:5 › town information, action spacing, journal cards and map credits share the established alignment (2.9s)
  ✓  10 [chromium] › tests-e2e/feedback.spec.ts:108:5 › legacy danger values are ignored and temporary risk uses the short percent label (2.0s)
  ✓  11 [chromium] › tests-e2e/hourly-travel.spec.ts:46:6 › steady covers 60 miles during one clear, healthy driving hour (3.0s)
  ✓  12 [chromium] › tests-e2e/hourly-travel.spec.ts:46:6 › heated covers 70 miles during one clear, healthy driving hour (3.0s)
  ✓  13 [chromium] › tests-e2e/hourly-travel.spec.ts:46:6 › blitz covers 80 miles during one clear, healthy driving hour (3.0s)
  ✓  15 [chromium] › tests-e2e/hourly-travel.spec.ts:77:5 › two hours of foraging leave three driving hours and 180 miles that day (5.5s)
  ✓  14 [chromium] › tests-e2e/hourly-travel.spec.ts:58:5 › five driving hours cover 300 miles and overnight rollover adds no driving time (7.6s)
  ✓  16 [chromium] › tests-e2e/inventory-status.spec.ts:6:5 › illustrated van and compact journal preserve every count and fit desktop and phone (2.3s)
  ✓  17 [chromium] › tests-e2e/inventory-status.spec.ts:27:5 › status icons, weather detail, help spacing, and selected pace and diet stay synchronized (2.6s)
  ✓  18 [chromium] › tests-e2e/inventory-status.spec.ts:48:5 › repair outcome and its journal use stat cards with remaining parts (2.1s)
  ✓  19 [chromium] › tests-e2e/inventory-status.spec.ts:62:5 › local conversations offer all three benefits, are repeatable, and never award twice (4.8s)
  ✓  21 [chromium] › tests-e2e/inventory-status.spec.ts:87:5 › offline share creates a real image and editable post without sending it (2.2s)
  ✓  20 [chromium] › tests-e2e/inventory-status.spec.ts:75:5 › one town action leaves town, normal maps last three seconds, Fast mode skips them (8.1s)
  ✓  22 [chromium] › tests-e2e/mobile-impact.spec.ts:20:5 › phone HUD fills the row and every policy has structured, read-only impact help (3.4s)
  ✓  23 [chromium] › tests-e2e/mobile-impact.spec.ts:80:5 › weather and resource help fit short phone viewports and close without spending time (3.0s)
  ✓  24 [chromium] › tests-e2e/second-pass.spec.ts:6:5 › starter allocation is paid, editable, emptyable and persisted (2.7s)
  ✓  25 [chromium] › tests-e2e/second-pass.spec.ts:13:5 › ending uses the name of the selected character (2.0s)
  ✓  26 [chromium] › tests-e2e/second-pass.spec.ts:18:5 › cashless breakdown has an escape with explicit costs across midnight (2.2s)
  ✓  28 [chromium] › tests-e2e/second-pass.spec.ts:31:5 › town facts and player and NPC portraits survive reload (3.0s)
  ✓  27 [chromium] › tests-e2e/second-pass.spec.ts:24:5 › foraging and paid town work apply costs and persist their limits (4.1s)
  ✓  29 [chromium] › tests-e2e/second-pass.spec.ts:41:5 › a new political encounter pays cash and exposes its factual hook (2.2s)
  ✓  30 [chromium] › tests-e2e/second-pass.spec.ts:51:5 › road and progress elements survive consecutive automatic turns (4.0s)
  ✓  31 [chromium] › tests-e2e/stopped-crew.spec.ts:56:5 › paid shift returns to town without moving or spending time (3.3s)
  ✓  32 [chromium] › tests-e2e/stopped-crew.spec.ts:80:5 › stopping displays only present crew outside the van and keeps all readouts in the top HUD (3.9s)
  ✓  33 [chromium] › tests-e2e/turn-history.spec.ts:7:5 › every action in the turn stays on The Trail newest first through navigation and reload (4.9s)
  ✓  34 [chromium] › tests-e2e/turn-history.spec.ts:67:5 › routine travel always has a visible title, including empty and transition-only messages (3.0s)
  ✓  35 [chromium] › tests-e2e/ux-round.spec.ts:6:5 › temporary policy effects explain actual penalties and remain available with tips off (2.2s)
  ✓  36 [chromium] › tests-e2e/ux-round.spec.ts:13:5 › town inventory, selectable trades and repeat conversations retain the real state (3.5s)
  ✓  37 [chromium] › tests-e2e/ux-round.spec.ts:24:5 › required decisions keep a disabled Resume control and all reference tabs (2.2s)
Weather travel fixture [33m4[39m PacificCoast Storm { day: [33m1[39m, weather: [32m'Storm'[39m, supplies: [33m-1[39m, hp: [33m0[39m, sanity: [33m-1[39m }
  ✓  39 [chromium] › tests-e2e/weather.spec.ts:34:5 › weather receipt shows exposure, clear removes stale losses, and help stays in the viewport (2.3s)
  ✓  40 [chromium] › tests-e2e/weather.spec.ts:45:5 › old weather pause checkpoints resume without a weather decision or repeated costs (2.7s)
  ✓  41 [chromium] › tests-e2e/weather.spec.ts:52:5 › weather indicator respects reduced motion and Arabic layout (2.1s)
  ✓  38 [chromium] › tests-e2e/weather.spec.ts:11:5 › weather costs apply during continuous travel, notify inline, and survive reload once (9.1s)
  ✓  42 [chromium] › tests-e2e/weather.spec.ts:60:5 › travel actions share one compact row and the scene gets the saved space (2.1s)
(node:31718) Warning: The 'NO_COLOR' env is ignored due to the 'FORCE_COLOR' env being set.
(Use `node --trace-warnings ...` to show where the warning was created)
(node:31718) [DEP0205] DeprecationWarning: `module.register()` is deprecated. Use `module.registerHooks()` instead.
(node:31718) Warning: The 'NO_COLOR' env is ignored due to the 'FORCE_COLOR' env being set.
(Use `node --trace-warnings ...` to show where the warning was created)
  ✓  43 [chromium] › tests-e2e/weather.spec.ts:79:5 › Fast mode persists, legacy Step saves recover, and toolbar details do not spend a turn (4.9s)
(node:31817) Warning: The 'NO_COLOR' env is ignored due to the 'FORCE_COLOR' env being set.
(Use `node --trace-warnings ...` to show where the warning was created)
(node:31817) [DEP0205] DeprecationWarning: `module.register()` is deprecated. Use `module.registerHooks()` instead.
(node:31817) Warning: The 'NO_COLOR' env is ignored due to the 'FORCE_COLOR' env being set.
(Use `node --trace-warnings ...` to show where the warning was created)
  ✓  44 [mobile] › tests-e2e/entry-layout.spec.ts:16:5 › Trail and Journal share compact right-hand cards and retain historical journey settings (4.1s)
  ✓  45 [mobile] › tests-e2e/entry-layout.spec.ts:59:5 › the daily Journal accumulates actual first-final totals and preserves every raw action across days (4.0s)
  ✓  47 [mobile] › tests-e2e/feedback.spec.ts:8:5 › local conversations retain the actual reward at and below the credibility cap (4.1s)
  ✓  46 [mobile] › tests-e2e/entry-layout.spec.ts:105:5 › real driving rollover keeps all five hours and their daily effects in the completed day Journal (8.1s)
  ✓  48 [mobile] › tests-e2e/feedback.spec.ts:24:5 › outcomes show one heading and consistent cash, condition, evidence and part cards (2.6s)
  ✓  49 [mobile] › tests-e2e/feedback.spec.ts:34:5 › advertised receipts become visible awards and survive offline play and reload (5.7s)
  ✓  50 [mobile] › tests-e2e/feedback.spec.ts:64:5 › ally losses have a persistent acknowledgment and remain in the journal (4.0s)
  ✓  51 [mobile] › tests-e2e/feedback.spec.ts:75:5 › long journals scroll by keyboard without overlapping the footer (2.5s)
  ✓  52 [mobile] › tests-e2e/feedback.spec.ts:86:5 › town information, action spacing, journal cards and map credits share the established alignment (3.2s)
  ✓  53 [mobile] › tests-e2e/feedback.spec.ts:108:5 › legacy danger values are ignored and temporary risk uses the short percent label (2.1s)
  ✓  54 [mobile] › tests-e2e/hourly-travel.spec.ts:46:6 › steady covers 60 miles during one clear, healthy driving hour (3.0s)
  ✓  55 [mobile] › tests-e2e/hourly-travel.spec.ts:46:6 › heated covers 70 miles during one clear, healthy driving hour (3.0s)
  ✓  56 [mobile] › tests-e2e/hourly-travel.spec.ts:46:6 › blitz covers 80 miles during one clear, healthy driving hour (3.0s)
  ✓  57 [mobile] › tests-e2e/hourly-travel.spec.ts:58:5 › five driving hours cover 300 miles and overnight rollover adds no driving time (7.8s)
  ✓  58 [mobile] › tests-e2e/hourly-travel.spec.ts:77:5 › two hours of foraging leave three driving hours and 180 miles that day (5.7s)
  ✓  59 [mobile] › tests-e2e/inventory-status.spec.ts:6:5 › illustrated van and compact journal preserve every count and fit desktop and phone (2.5s)
  ✓  60 [mobile] › tests-e2e/inventory-status.spec.ts:27:5 › status icons, weather detail, help spacing, and selected pace and diet stay synchronized (2.5s)
  ✓  61 [mobile] › tests-e2e/inventory-status.spec.ts:48:5 › repair outcome and its journal use stat cards with remaining parts (2.2s)
  ✓  62 [mobile] › tests-e2e/inventory-status.spec.ts:62:5 › local conversations offer all three benefits, are repeatable, and never award twice (4.8s)
  ✓  64 [mobile] › tests-e2e/inventory-status.spec.ts:87:5 › offline share creates a real image and editable post without sending it (1.8s)
  ✓  65 [mobile] › tests-e2e/mobile-impact.spec.ts:20:5 › phone HUD fills the row and every policy has structured, read-only impact help (3.6s)
  ✓  63 [mobile] › tests-e2e/inventory-status.spec.ts:75:5 › one town action leaves town, normal maps last three seconds, Fast mode skips them (10.1s)
  ✓  66 [mobile] › tests-e2e/mobile-impact.spec.ts:80:5 › weather and resource help fit short phone viewports and close without spending time (2.9s)
  ✓  67 [mobile] › tests-e2e/second-pass.spec.ts:6:5 › starter allocation is paid, editable, emptyable and persisted (2.8s)
  ✓  68 [mobile] › tests-e2e/second-pass.spec.ts:13:5 › ending uses the name of the selected character (1.9s)
  ✓  69 [mobile] › tests-e2e/second-pass.spec.ts:18:5 › cashless breakdown has an escape with explicit costs across midnight (2.1s)
  ✓  70 [mobile] › tests-e2e/second-pass.spec.ts:24:5 › foraging and paid town work apply costs and persist their limits (4.0s)
  ✓  71 [mobile] › tests-e2e/second-pass.spec.ts:31:5 › town facts and player and NPC portraits survive reload (3.0s)
  ✓  72 [mobile] › tests-e2e/second-pass.spec.ts:41:5 › a new political encounter pays cash and exposes its factual hook (2.2s)
  ✓  73 [mobile] › tests-e2e/second-pass.spec.ts:51:5 › road and progress elements survive consecutive automatic turns (4.1s)
  ✓  74 [mobile] › tests-e2e/stopped-crew.spec.ts:56:5 › paid shift returns to town without moving or spending time (3.3s)
  ✓  75 [mobile] › tests-e2e/stopped-crew.spec.ts:80:5 › stopping displays only present crew outside the van and keeps all readouts in the top HUD (4.2s)
  ✓  76 [mobile] › tests-e2e/turn-history.spec.ts:7:5 › every action in the turn stays on The Trail newest first through navigation and reload (4.9s)
  ✓  77 [mobile] › tests-e2e/turn-history.spec.ts:67:5 › routine travel always has a visible title, including empty and transition-only messages (3.0s)
  ✓  78 [mobile] › tests-e2e/ux-round.spec.ts:6:5 › temporary policy effects explain actual penalties and remain available with tips off (2.3s)
  ✓  80 [mobile] › tests-e2e/ux-round.spec.ts:24:5 › required decisions keep a disabled Resume control and all reference tabs (2.3s)
  ✓  79 [mobile] › tests-e2e/ux-round.spec.ts:13:5 › town inventory, selectable trades and repeat conversations retain the real state (3.6s)
Weather travel fixture [33m4[39m PacificCoast Storm { day: [33m1[39m, weather: [32m'Storm'[39m, supplies: [33m-1[39m, hp: [33m0[39m, sanity: [33m-1[39m }
  ✓  82 [mobile] › tests-e2e/weather.spec.ts:34:5 › weather receipt shows exposure, clear removes stale losses, and help stays in the viewport (2.5s)
  ✓  83 [mobile] › tests-e2e/weather.spec.ts:45:5 › old weather pause checkpoints resume without a weather decision or repeated costs (2.7s)
  ✓  84 [mobile] › tests-e2e/weather.spec.ts:52:5 › weather indicator respects reduced motion and Arabic layout (2.2s)
  ✓  81 [mobile] › tests-e2e/weather.spec.ts:11:5 › weather costs apply during continuous travel, notify inline, and survive reload once (9.2s)
  ✓  85 [mobile] › tests-e2e/weather.spec.ts:60:5 › travel actions share one compact row and the scene gets the saved space (2.0s)
  ✓  86 [mobile] › tests-e2e/weather.spec.ts:79:5 › Fast mode persists, legacy Step saves recover, and toolbar details do not spend a turn (3.8s)

  86 passed (2.7m)
