   Compiling dystrail-game v0.1.0 (/private/tmp/dystrail-poncho-preview/source/dystrail-game)
    Finished `test` profile [unoptimized + debuginfo] target(s) in 4.89s
     Running unittests src/lib.rs (/Users/vanna/Source/Dystrail/target/debug/deps/dystrail_game-4a70b9969783f953)

running 6 tests
test state::tests::travel_wear_scales_with_pace_weather_and_fatigue ... ok
test journey::daily::tests::applies_pace_diet_weather_and_exec_multipliers ... ok
test journey::daily_overlay::tests::a_partial_daily_override_retains_food_healing_and_other_weather_values ... ok
test weather_impact::tests::receipt_observes_cold_protection_and_stat_floors ... ok
test weather_impact::tests::weather_receipt_includes_exposure_and_gear_then_clears ... ok
test travel_time::tests::pace_fatigue_on_a_short_drive_is_part_of_its_stats_and_not_weather_cost ... ok

test result: ok. 6 passed; 0 failed; 0 ignored; 0 measured; 183 filtered out; finished in 0.02s

     Running tests/coverage_sweep.rs (/Users/vanna/Source/Dystrail/target/debug/deps/coverage_sweep-130cb208682f63cb)

running 2 tests
test weather_variants_cover_branches ... ok
test vehicle_and_weather_paths ... ok

test result: ok. 2 passed; 0 failed; 0 ignored; 0 measured; 22 filtered out; finished in 0.00s

     Running tests/data_shapes.rs (/Users/vanna/Source/Dystrail/target/debug/deps/data_shapes-62c049de5ced5fec)

running 0 tests

test result: ok. 0 passed; 0 failed; 0 ignored; 0 measured; 2 filtered out; finished in 0.00s

     Running tests/full_campaign.rs (/Users/vanna/Source/Dystrail/target/debug/deps/full_campaign-b73aaa8e37fe4b22)

running 0 tests

test result: ok. 0 passed; 0 failed; 0 ignored; 0 measured; 1 filtered out; finished in 0.00s

     Running tests/stat_acceptance.rs (/Users/vanna/Source/Dystrail/target/debug/deps/stat_acceptance-d0c3f8a768763aa0)

running 0 tests

test result: ok. 0 passed; 0 failed; 0 ignored; 0 measured; 4 filtered out; finished in 0.00s

     Running tests/system_coverage.rs (/Users/vanna/Source/Dystrail/target/debug/deps/system_coverage-611b70b24ba40a99)

running 2 tests
test weather_config_validation_flags_missing_data ... ok
test weather_effects_and_selection ... ok

test result: ok. 2 passed; 0 failed; 0 ignored; 0 measured; 6 filtered out; finished in 0.00s

     Running tests/weather_paths.rs (/Users/vanna/Source/Dystrail/target/debug/deps/weather_paths-698485da85f3b30e)

running 3 tests
test ponchos_protect_sanity_in_storms_without_changing_other_weather_costs ... ok
test weather_selection_and_effects_cover_branches ... ok
test select_weather_is_deterministic_for_same_seed ... ok

test result: ok. 3 passed; 0 failed; 0 ignored; 0 measured; 2 filtered out; finished in 0.00s

