   Compiling dystrail-game v0.1.0 (/Users/vanna/Source/Dystrail/dystrail-game)
   Compiling dystrail-tester v0.10.0 (/Users/vanna/Source/Dystrail/dystrail-tester)
    Finished `dev` profile [unoptimized + debuginfo] target(s) in 3.16s
     Running `target/debug/dystrail-tester --mode logic --scenarios real-game --iterations 1000 --report csv --output /tmp/dystrail-campaign-receipts.csv`
🎮 Dystrail Automated Tester
================================
🧠 Running Logic Tests
------------------------------
WARN: Classic - Balanced seed CL-ORANGE02 travel ratio 89.8% < 90.0%
WARN: Classic - Balanced seed CL-ORANGE02 travel ratio 89.8% < 90.0%
WARN: Classic - Balanced seed CL-ORANGE02 travel ratio 89.6% < 90.0%
WARN: Classic - Conservative seed CL-ORANGE02 travel ratio 89.4% < 90.0%
WARN: Classic - Conservative seed CL-ORANGE02 travel ratio 89.8% < 90.0%
WARN: Classic - Conservative seed CL-ORANGE02 travel ratio 87.6% < 90.0%
WARN: Classic - Aggressive seed CL-ORANGE02 travel ratio 86.6% < 90.0%
WARN: Classic - Aggressive seed CL-ORANGE02 travel ratio 85.3% < 90.0%
WARN: Classic - Aggressive seed CL-ORANGE02 travel ratio 89.3% < 90.0%
WARN: Classic - Resource Manager seed CL-ORANGE02 travel ratio 87.7% < 90.0%
WARN: Classic - Resource Manager seed CL-ORANGE02 travel ratio 87.2% < 90.0%
WARN: Classic - Resource Manager seed CL-ORANGE02 travel ratio 88.2% < 90.0%
WARN: Deep - Balanced seed DP-ORANGE02 travel ratio 90.8% < 92.0%
WARN: Deep - Balanced seed DP-ORANGE02 travel ratio 91.4% < 92.0%
WARN: Deep - Balanced seed DP-ORANGE02 travel ratio 90.8% < 92.0%
WARN: Deep - Conservative seed DP-ORANGE02 travel ratio 91.9% < 92.0%
WARN: Deep Conservative seed DP-ORANGE02 failed ≥2k@150
WARN: Deep - Conservative seed DP-ORANGE02 travel ratio 88.7% < 92.0%
WARN: Deep - Conservative seed DP-ORANGE02 travel ratio 88.1% < 92.0%
WARN: Deep Conservative seed DP-ORANGE02 failed ≥2k@150
WARN: Deep Conservative seed DP-ORANGE02 failed ≥2k@150
WARN: Deep Conservative seed DP-ORANGE02 failed ≥2k@150
WARN: Deep Conservative seed DP-ORANGE02 failed ≥2k@150
WARN: Deep Aggressive seed DP-ORANGE02 failed to reach the boss
WARN: Deep - Aggressive seed DP-ORANGE02 travel ratio 88.8% < 92.0%
WARN: Deep Aggressive seed DP-ORANGE02 reached boss but did not win
WARN: Deep - Aggressive seed DP-ORANGE02 travel ratio 90.3% < 92.0%
WARN: Deep Aggressive seed DP-ORANGE02 reached boss but did not win
WARN: Deep - Aggressive seed DP-ORANGE02 travel ratio 88.7% < 92.0%
WARN: Deep Aggressive seed DP-ORANGE02 failed to reach the boss
WARN: Deep Aggressive seed DP-ORANGE02 reached boss but did not win
WARN: Deep Aggressive seed DP-ORANGE02 reached boss but did not win
WARN: Deep Aggressive seed DP-ORANGE02 reached boss but did not win
WARN: Deep Aggressive seed DP-ORANGE02 failed to reach the boss
WARN: Deep Aggressive seed DP-ORANGE02 failed to reach the boss
WARN: Deep Aggressive seed DP-ORANGE02 failed to reach the boss
WARN: Deep - Resource Manager seed DP-ORANGE02 travel ratio 88.3% < 92.0%
WARN: Deep - Resource Manager seed DP-ORANGE02 travel ratio 89.8% < 92.0%
WARN: Deep - Resource Manager seed DP-ORANGE02 travel ratio 90.2% < 92.0%
WARN: Deep - Aggressive average stop-cap conversions 3.26 > 1.2
WARN: Deep - Aggressive field repair only triggered 20.9% of runs
WARN: Deep - Aggressive average endgame cooldown 0.04 days remaining
WARN: Deep - Balanced average stop-cap conversions 1.21 > 1.2
WARN: Deep - Balanced average endgame cooldown 0.03 days remaining
Error: Travel ratio 89.8% < 90% for scenario Classic - Balanced seed CL-ORANGE02
