   Compiling bytes v1.12.1
   Compiling libc v0.2.178
   Compiling pkg-config v0.3.34
   Compiling dunce v1.0.5
   Compiling fs_extra v1.3.0
   Compiling aws-lc-rs v1.18.1
   Compiling rustls v0.23.35
   Compiling bitflags v2.13.2
   Compiling security-framework-sys v2.17.0
   Compiling core-foundation v0.10.1
   Compiling anyhow v1.0.104
   Compiling rand v0.8.8
   Compiling base64 v0.23.1
   Compiling thirtyfour-macros v0.3.0
   Compiling pastey v0.2.3
   Compiling security-framework v3.7.0
   Compiling tokio v1.48.0
   Compiling http v1.4.0
   Compiling http v0.2.12
   Compiling jobserver v0.1.35
   Compiling cc v1.2.49
   Compiling dystrail-game v0.1.0 (/Users/vanna/Source/Dystrail/dystrail-game)
   Compiling http-body v1.0.1
   Compiling gloo-net v0.5.0
   Compiling http-body-util v0.1.3
   Compiling gloo v0.11.0
   Compiling cmake v0.1.58
   Compiling aws-lc-sys v0.45.0
   Compiling tokio-util v0.7.19
   Compiling hyper v1.8.1
   Compiling tower v0.5.2
   Compiling tokio-stream v0.1.19
   Compiling tower-http v0.6.11
   Compiling tokise v0.2.0
   Compiling hyper-util v0.1.19
   Compiling yew v0.21.0 (https://github.com/yewstack/yew?rev=54c20db6cf0f6a3e7b885eb1b6c7b5637bbcb17e#54c20db6)
   Compiling yew-router v0.18.0 (https://github.com/yewstack/yew?rev=54c20db6cf0f6a3e7b885eb1b6c7b5637bbcb17e#54c20db6)
   Compiling dystrail-web v0.10.0 (/Users/vanna/Source/Dystrail/dystrail-web)
   Compiling rustls-webpki v0.103.15
   Compiling tokio-rustls v0.26.4
   Compiling rustls-platform-verifier v0.7.0
   Compiling hyper-rustls v0.27.7
   Compiling reqwest v0.13.5
   Compiling thirtyfour v0.37.5
   Compiling dystrail-tester v0.10.0 (/Users/vanna/Source/Dystrail/dystrail-tester)
    Finished `release` profile [optimized] target(s) in 23.29s
