{
  "revision": "ef9b4b81cdeb1bc0700d",
  "network": "offline before initial navigation",
  "profile": "/tmp/dystrail-balance-production-check/recheck-old-production-profile",
  "errors": [],
  "uiNavigation": {
    "before": {
      "tab": 0,
      "expanded": true
    },
    "after": {
      "tab": 0,
      "expanded": true
    },
    "reason": "The exact save captured after the deliberate Van selection survives a closed-browser restart."
  },
  "entireSavePreserved": true,
  "cache": {
    "revision": "ef9b4b81cdeb1bc0700d",
    "assets": 119,
    "keys": 120,
    "failures": [],
    "marker": "ef9b4b81cdeb1bc0700d",
    "images": 68,
    "decoded": true,
    "fonts": {
      "prepared": [
        {
          "family": "Atkinson Hyperlegible Next",
          "style": "normal",
          "weight": "400 800",
          "status": "loaded",
          "registered": true
        },
        {
          "family": "Atkinson Hyperlegible Next",
          "style": "italic",
          "weight": "400 800",
          "status": "loaded",
          "registered": true
        },
        {
          "family": "Courier Prime",
          "style": "normal",
          "weight": "700",
          "status": "loaded",
          "registered": true
        },
        {
          "family": "Courier Prime",
          "style": "normal",
          "weight": "700",
          "status": "loaded",
          "registered": true
        },
        {
          "family": "Noto Sans Arabic",
          "style": "normal",
          "weight": "400 800",
          "status": "loaded",
          "registered": true
        },
        {
          "family": "Noto Sans Arabic",
          "style": "normal",
          "weight": "400 800",
          "status": "loaded",
          "registered": true
        },
        {
          "family": "Noto Sans Arabic",
          "style": "normal",
          "weight": "400 800",
          "status": "loaded",
          "registered": true
        }
      ],
      "documentStatus": "loaded",
      "documentFaces": [
        {
          "family": "Atkinson Hyperlegible Next",
          "status": "loaded"
        },
        {
          "family": "Atkinson Hyperlegible Next",
          "status": "loaded"
        },
        {
          "family": "Courier Prime",
          "status": "loaded"
        },
        {
          "family": "Courier Prime",
          "status": "loaded"
        },
        {
          "family": "Noto Sans Arabic",
          "status": "loaded"
        },
        {
          "family": "Noto Sans Arabic",
          "status": "loaded"
        },
        {
          "family": "Noto Sans Arabic",
          "status": "loaded"
        }
      ]
    },
    "atGateRemoval": {
      "revision": "ef9b4b81cdeb1bc0700d",
      "state": "ready",
      "images": 68,
      "decoded": true,
      "fonts": 7,
      "fontsLoaded": true,
      "documentFontsStatus": "loaded",
      "documentFontsLoaded": true
    }
  },
  "crew": [
    "Riley",
    "Jordan",
    "Morgan",
    "Skyler",
    "Robin",
    "Release Check"
  ],
  "passed": true
}
