    Fetching advisory database from `https://github.com/RustSec/advisory-db.git`
      Loaded 1243 security advisories (from /Users/vanna/.cargo/advisory-db)
    Updating crates.io index
    Scanning Cargo.lock for vulnerabilities (288 crate dependencies)
Crate:     bytes
Version:   1.11.0
Title:     Integer overflow in `BytesMut::reserve`
Date:      2026-02-03
ID:        RUSTSEC-2026-0007
URL:       https://github.com/advisories/GHSA-434x-w66g-qw3r
Solution:  Upgrade to >=1.11.1
Dependency tree:
bytes 1.11.0
├── tower-http 0.6.7
│   └── reqwest 0.12.24
│       └── thirtyfour 0.36.1
│           └── dystrail-tester 0.10.0
├── tokio-test 0.4.4
│   └── dystrail-tester 0.10.0
├── tokio 1.48.0
│   ├── yew 0.21.0
│   │   ├── yew-router 0.18.0
│   │   │   └── dystrail-web 0.10.0
│   │   └── dystrail-web 0.10.0
│   ├── tower 0.5.2
│   │   ├── tower-http 0.6.7
│   │   └── reqwest 0.12.24
│   ├── tokise 0.2.0
│   │   └── yew 0.21.0
│   ├── tokio-test 0.4.4
│   ├── tokio-stream 0.1.17
│   │   ├── tokise 0.2.0
│   │   └── tokio-test 0.4.4
│   ├── tokio-rustls 0.26.4
│   │   ├── reqwest 0.12.24
│   │   └── hyper-rustls 0.27.7
│   │       └── reqwest 0.12.24
│   ├── thirtyfour 0.36.1
│   ├── reqwest 0.12.24
│   ├── quinn 0.11.9
│   │   └── reqwest 0.12.24
│   ├── hyper-util 0.1.19
│   │   ├── reqwest 0.12.24
│   │   └── hyper-rustls 0.27.7
│   ├── hyper-rustls 0.27.7
│   ├── hyper 1.8.1
│   │   ├── reqwest 0.12.24
│   │   ├── hyper-util 0.1.19
│   │   └── hyper-rustls 0.27.7
│   ├── dystrail-tester 0.10.0
│   └── dystrail-game 0.1.0
│       ├── dystrail-web 0.10.0
│       └── dystrail-tester 0.10.0
├── thirtyfour 0.36.1
├── reqwest 0.12.24
├── quinn-proto 0.11.13
│   └── quinn 0.11.9
├── quinn 0.11.9
├── hyper-util 0.1.19
├── hyper 1.8.1
├── http-body-util 0.1.3
│   └── reqwest 0.12.24
├── http-body 1.0.1
│   ├── tower-http 0.6.7
│   ├── reqwest 0.12.24
│   ├── hyper-util 0.1.19
│   ├── hyper 1.8.1
│   └── http-body-util 0.1.3
├── http 1.4.0
│   ├── tower-http 0.6.7
│   ├── thirtyfour 0.36.1
│   ├── reqwest 0.12.24
│   ├── hyper-util 0.1.19
│   ├── hyper-rustls 0.27.7
│   ├── hyper 1.8.1
│   ├── http-body-util 0.1.3
│   └── http-body 1.0.1
└── http 0.2.12
    └── gloo-net 0.5.0
        └── gloo 0.11.0
            ├── yew-router 0.18.0
            ├── yew 0.21.0
            └── tokise 0.2.0

Crate:     quinn-proto
Version:   0.11.13
Title:      Remote memory exhaustion in quinn-proto from unbounded out-of-order stream reassembly
Date:      2026-06-22
ID:        RUSTSEC-2026-0185
URL:       https://rustsec.org/advisories/RUSTSEC-2026-0185
Severity:  7.5 (high)
Solution:  Upgrade to >=0.11.15
Dependency tree:
quinn-proto 0.11.13
└── quinn 0.11.9
    └── reqwest 0.12.24
        └── thirtyfour 0.36.1
            └── dystrail-tester 0.10.0

Crate:     quinn-proto
Version:   0.11.13
Title:     Denial of service in Quinn endpoints
Date:      2026-03-09
ID:        RUSTSEC-2026-0037
URL:       https://rustsec.org/advisories/RUSTSEC-2026-0037
Severity:  8.7 (high)
Solution:  Upgrade to >=0.11.14

Crate:     rustls-webpki
Version:   0.103.8
Title:     Reachable panic in certificate revocation list parsing
Date:      2026-04-22
ID:        RUSTSEC-2026-0104
URL:       https://rustsec.org/advisories/RUSTSEC-2026-0104
Solution:  Upgrade to >=0.103.13, <0.104.0-alpha.1 OR >=0.104.0-alpha.7
Dependency tree:
rustls-webpki 0.103.8
└── rustls 0.23.35
    ├── tokio-rustls 0.26.4
    │   ├── reqwest 0.12.24
    │   │   └── thirtyfour 0.36.1
    │   │       └── dystrail-tester 0.10.0
    │   └── hyper-rustls 0.27.7
    │       └── reqwest 0.12.24
    ├── reqwest 0.12.24
    ├── quinn-proto 0.11.13
    │   └── quinn 0.11.9
    │       └── reqwest 0.12.24
    ├── quinn 0.11.9
    └── hyper-rustls 0.27.7

Crate:     rustls-webpki
Version:   0.103.8
Title:     Name constraints for URI names were incorrectly accepted
Date:      2026-04-14
ID:        RUSTSEC-2026-0098
URL:       https://rustsec.org/advisories/RUSTSEC-2026-0098
Solution:  Upgrade to >=0.103.12, <0.104.0-alpha.1 OR >=0.104.0-alpha.6

Crate:     rustls-webpki
Version:   0.103.8
Title:     Name constraints were accepted for certificates asserting a wildcard name
Date:      2026-04-14
ID:        RUSTSEC-2026-0099
URL:       https://rustsec.org/advisories/RUSTSEC-2026-0099
Solution:  Upgrade to >=0.103.12, <0.104.0-alpha.1 OR >=0.104.0-alpha.6

Crate:     rustls-webpki
Version:   0.103.8
Title:     CRLs not considered authoritative by Distribution Point due to faulty matching logic
Date:      2026-03-20
ID:        RUSTSEC-2026-0049
URL:       https://rustsec.org/advisories/RUSTSEC-2026-0049
Solution:  Upgrade to >=0.103.10

Crate:     bincode
Version:   1.3.3
Warning:   unmaintained
Title:     Bincode is unmaintained
Date:      2025-12-16
ID:        RUSTSEC-2025-0141
URL:       https://rustsec.org/advisories/RUSTSEC-2025-0141
Dependency tree:
bincode 1.3.3
└── gloo-worker 0.5.0
    └── gloo 0.11.0
        ├── yew-router 0.18.0
        │   └── dystrail-web 0.10.0
        ├── yew 0.21.0
        │   ├── yew-router 0.18.0
        │   └── dystrail-web 0.10.0
        └── tokise 0.2.0
            └── yew 0.21.0

Crate:     bincode
Version:   2.0.1
Warning:   unmaintained
Title:     Bincode is unmaintained
Date:      2025-12-16
ID:        RUSTSEC-2025-0141
URL:       https://rustsec.org/advisories/RUSTSEC-2025-0141
Dependency tree:
bincode 2.0.1
└── yew 0.21.0
    ├── yew-router 0.18.0
    │   └── dystrail-web 0.10.0
    └── dystrail-web 0.10.0

Crate:     paste
Version:   1.0.15
Warning:   unmaintained
Title:     paste - no longer maintained
Date:      2024-10-07
ID:        RUSTSEC-2024-0436
URL:       https://rustsec.org/advisories/RUSTSEC-2024-0436
Dependency tree:
paste 1.0.15
└── thirtyfour 0.36.1
    └── dystrail-tester 0.10.0

Crate:     proc-macro-error
Version:   1.0.4
Warning:   unmaintained
Title:     proc-macro-error is unmaintained
Date:      2024-09-01
ID:        RUSTSEC-2024-0370
URL:       https://rustsec.org/advisories/RUSTSEC-2024-0370
Dependency tree:
proc-macro-error 1.0.4
└── yew-macro 0.21.0
    └── yew 0.21.0
        ├── yew-router 0.18.0
        │   └── dystrail-web 0.10.0
        └── dystrail-web 0.10.0

Crate:     anyhow
Version:   1.0.100
Warning:   unsound
Title:     Unsoundness in `Error::downcast_mut()`
Date:      2026-06-25
ID:        RUSTSEC-2026-0190
URL:       https://rustsec.org/advisories/RUSTSEC-2026-0190
Dependency tree:
anyhow 1.0.100
├── dystrail-web 0.10.0
├── dystrail-tester 0.10.0
└── dystrail-game 0.1.0
    ├── dystrail-web 0.10.0
    └── dystrail-tester 0.10.0

Crate:     rand
Version:   0.8.5
Warning:   unsound
Title:     Rand is unsound with a custom logger using `rand::rng()`
Date:      2026-04-09
ID:        RUSTSEC-2026-0097
URL:       https://rustsec.org/advisories/RUSTSEC-2026-0097
Dependency tree:
rand 0.8.5
├── dystrail-web 0.10.0
├── dystrail-tester 0.10.0
└── dystrail-game 0.1.0
    ├── dystrail-web 0.10.0
    └── dystrail-tester 0.10.0

Crate:     rand
Version:   0.9.2
Warning:   unsound
Title:     Rand is unsound with a custom logger using `rand::rng()`
Date:      2026-04-09
ID:        RUSTSEC-2026-0097
URL:       https://rustsec.org/advisories/RUSTSEC-2026-0097
Dependency tree:
rand 0.9.2
└── quinn-proto 0.11.13
    └── quinn 0.11.9
        └── reqwest 0.12.24
            └── thirtyfour 0.36.1
                └── dystrail-tester 0.10.0

error: 7 vulnerabilities found!
error: 7 denied warnings found!
