
Running 44 tests using 1 worker

(node:93194) Warning: The 'NO_COLOR' env is ignored due to the 'FORCE_COLOR' env being set.
(Use `node --trace-warnings ...` to show where the warning was created)
(node:93194) Warning: The 'NO_COLOR' env is ignored due to the 'FORCE_COLOR' env being set.
(Use `node --trace-warnings ...` to show where the warning was created)
  ✓   1 [chromium] › tests-e2e/continuity.spec.ts:9:5 › abandon is cancelable, saves a crew ending, and leaves the manual slot intact (3.5s)
  ✓   2 [chromium] › tests-e2e/continuity.spec.ts:29:5 › stationary rest records actual changes and survives manual loading (2.9s)
  ✓   3 [chromium] › tests-e2e/continuity.spec.ts:43:5 › a named crew decision precedes map review and absence persists in later scenes (3.6s)
  ✓   4 [chromium] › tests-e2e/continuity.spec.ts:56:5 › each persona map always fits its own traveled route (3.9s)
  ✓   5 [chromium] › tests-e2e/continuity.spec.ts:69:5 › one Resume carries two quiet travel actions; pausing and reload never replay them (4.7s)
  ✓   6 [chromium] › tests-e2e/continuity.spec.ts:82:5 › visibility loss pauses automatic travel and does not resume it on return (6.4s)
  ✓   7 [chromium] › tests-e2e/continuity.spec.ts:96:5 › outfitting cannot charge for supplies beyond capacity (1.5s)
  ✓   8 [chromium] › tests-e2e/continuity.spec.ts:105:5 › encounter forecasts and the journal agree at stat caps (3.4s)
  ✓   9 [chromium] › tests-e2e/crew.spec.ts:3:5 › player and crew names recover during onboarding and absent members leave their seats (3.6s)
  ✓  10 [chromium] › tests-e2e/second-pass.spec.ts:6:5 › starter allocation is paid, editable, emptyable and persisted (1.8s)
  ✓  11 [chromium] › tests-e2e/second-pass.spec.ts:13:5 › ending uses the name of the selected character (3.0s)
  ✓  12 [chromium] › tests-e2e/second-pass.spec.ts:18:5 › cashless breakdown has an escape with explicit costs across midnight (3.1s)
  ✓  13 [chromium] › tests-e2e/second-pass.spec.ts:24:5 › foraging and paid town work apply costs and persist their limits (4.1s)
  ✓  14 [chromium] › tests-e2e/second-pass.spec.ts:31:5 › town facts and player and NPC portraits survive reload (3.1s)
  ✓  15 [chromium] › tests-e2e/second-pass.spec.ts:38:5 › a new political encounter pays cash and exposes its factual hook (3.5s)
  ✓  16 [chromium] › tests-e2e/second-pass.spec.ts:43:5 › road and progress elements survive consecutive automatic turns (5.1s)
Weather travel fixture [33m4[39m Heartland Storm { day: [33m1[39m, weather: [32m'Storm'[39m, supplies: [33m-1[39m, hp: [33m0[39m, sanity: [33m-1[39m, pants: [33m2[39m }
  ✓  17 [chromium] › tests-e2e/weather.spec.ts:11:5 › weather costs apply during continuous travel, notify inline, and survive reload once (9.0s)
  ✓  18 [chromium] › tests-e2e/weather.spec.ts:34:5 › weather receipt shows exposure, clear removes stale losses, and help stays in the viewport (3.4s)
  ✓  19 [chromium] › tests-e2e/weather.spec.ts:45:5 › old weather pause checkpoints resume without a weather decision or repeated costs (2.9s)
  ✓  20 [chromium] › tests-e2e/weather.spec.ts:52:5 › weather indicator respects reduced motion and Arabic layout (904ms)
  ✓  21 [chromium] › tests-e2e/weather.spec.ts:60:5 › travel actions share one compact row and the scene gets the saved space (2.6s)
  ✓  22 [chromium] › tests-e2e/weather.spec.ts:79:5 › Fast mode persists, legacy Step saves recover, and toolbar details do not spend a turn (3.1s)
(node:94054) Warning: The 'NO_COLOR' env is ignored due to the 'FORCE_COLOR' env being set.
(Use `node --trace-warnings ...` to show where the warning was created)
(node:94054) Warning: The 'NO_COLOR' env is ignored due to the 'FORCE_COLOR' env being set.
(Use `node --trace-warnings ...` to show where the warning was created)
  ✓  23 [mobile] › tests-e2e/continuity.spec.ts:9:5 › abandon is cancelable, saves a crew ending, and leaves the manual slot intact (3.2s)
  ✓  24 [mobile] › tests-e2e/continuity.spec.ts:29:5 › stationary rest records actual changes and survives manual loading (2.7s)
  ✓  25 [mobile] › tests-e2e/continuity.spec.ts:43:5 › a named crew decision precedes map review and absence persists in later scenes (2.7s)
  ✓  26 [mobile] › tests-e2e/continuity.spec.ts:56:5 › each persona map always fits its own traveled route (3.4s)
  ✓  27 [mobile] › tests-e2e/continuity.spec.ts:69:5 › one Resume carries two quiet travel actions; pausing and reload never replay them (4.4s)
  ✓  28 [mobile] › tests-e2e/continuity.spec.ts:82:5 › visibility loss pauses automatic travel and does not resume it on return (5.8s)
  ✓  29 [mobile] › tests-e2e/continuity.spec.ts:96:5 › outfitting cannot charge for supplies beyond capacity (411ms)
  ✓  30 [mobile] › tests-e2e/continuity.spec.ts:105:5 › encounter forecasts and the journal agree at stat caps (2.6s)
  ✓  31 [mobile] › tests-e2e/crew.spec.ts:3:5 › player and crew names recover during onboarding and absent members leave their seats (2.9s)
  ✓  32 [mobile] › tests-e2e/second-pass.spec.ts:6:5 › starter allocation is paid, editable, emptyable and persisted (1.0s)
  ✓  33 [mobile] › tests-e2e/second-pass.spec.ts:13:5 › ending uses the name of the selected character (2.4s)
  ✓  34 [mobile] › tests-e2e/second-pass.spec.ts:18:5 › cashless breakdown has an escape with explicit costs across midnight (2.6s)
  ✓  35 [mobile] › tests-e2e/second-pass.spec.ts:24:5 › foraging and paid town work apply costs and persist their limits (3.1s)
  ✓  36 [mobile] › tests-e2e/second-pass.spec.ts:31:5 › town facts and player and NPC portraits survive reload (2.3s)
  ✓  37 [mobile] › tests-e2e/second-pass.spec.ts:38:5 › a new political encounter pays cash and exposes its factual hook (2.8s)
  ✓  38 [mobile] › tests-e2e/second-pass.spec.ts:43:5 › road and progress elements survive consecutive automatic turns (4.6s)
Weather travel fixture [33m4[39m Heartland Storm { day: [33m1[39m, weather: [32m'Storm'[39m, supplies: [33m-1[39m, hp: [33m0[39m, sanity: [33m-1[39m, pants: [33m2[39m }
  ✓  39 [mobile] › tests-e2e/weather.spec.ts:11:5 › weather costs apply during continuous travel, notify inline, and survive reload once (8.9s)
  ✓  40 [mobile] › tests-e2e/weather.spec.ts:34:5 › weather receipt shows exposure, clear removes stale losses, and help stays in the viewport (2.9s)
  ✓  41 [mobile] › tests-e2e/weather.spec.ts:45:5 › old weather pause checkpoints resume without a weather decision or repeated costs (2.4s)
  ✓  42 [mobile] › tests-e2e/weather.spec.ts:52:5 › weather indicator respects reduced motion and Arabic layout (974ms)
  ✓  43 [mobile] › tests-e2e/weather.spec.ts:60:5 › travel actions share one compact row and the scene gets the saved space (2.5s)
  ✓  44 [mobile] › tests-e2e/weather.spec.ts:79:5 › Fast mode persists, legacy Step saves recover, and toolbar details do not spend a turn (2.8s)

  44 passed (2.5m)
