[INFO]: 🎯  Checking for the Wasm target...
    Blocking waiting for file lock on build directory
   Compiling proc-macro2 v1.0.103
   Compiling quote v1.0.42
   Compiling wasm-bindgen-shared v0.2.106
   Compiling rustversion v1.0.22
   Compiling bumpalo v3.19.0
   Compiling serde_core v1.0.228
   Compiling serde v1.0.228
   Compiling version_check v0.9.5
   Compiling serde_json v1.0.145
   Compiling thiserror v1.0.69
   Compiling typenum v1.19.0
   Compiling winnow v0.5.40
   Compiling toml_datetime v0.6.11
   Compiling syn v1.0.109
   Compiling zerocopy v0.8.31
   Compiling prettyplease v0.2.37
   Compiling thiserror v2.0.17
   Compiling libm v0.2.15
   Compiling autocfg v1.5.0
   Compiling virtue v0.0.18
   Compiling generic-array v0.14.7
   Compiling proc-macro-error-attr v1.0.4
   Compiling proc-macro-error v1.0.4
   Compiling num-traits v0.2.19
   Compiling bincode_derive v2.0.1
   Compiling toml_edit v0.19.15
   Compiling anyhow v1.0.100
   Compiling proc-macro-crate v1.3.1
   Compiling wasm-bindgen v0.2.106
   Compiling syn v2.0.111
   Compiling wasm-bindgen-macro-support v0.2.106
   Compiling crypto-common v0.1.7
   Compiling block-buffer v0.10.4
   Compiling ppv-lite86 v0.2.21
   Compiling digest v0.10.7
   Compiling hmac v0.12.1
   Compiling sha2 v0.10.9
   Compiling serde_derive v1.0.228
   Compiling thiserror-impl v1.0.69
   Compiling futures-macro v0.3.31
   Compiling pin-project-internal v1.1.10
   Compiling gloo-worker-macros v0.1.0
   Compiling thiserror-impl v2.0.17
   Compiling tracing-attributes v0.1.31
   Compiling implicit-clone-derive v0.1.2
   Compiling yew-router-macro v0.18.0 (https://github.com/yewstack/yew?rev=54c20db6cf0f6a3e7b885eb1b6c7b5637bbcb17e#54c20db6)
   Compiling async-trait v0.1.89
   Compiling wasm-bindgen-test-macro v0.3.56
   Compiling implicit-clone v0.6.0
   Compiling futures-util v0.3.31
   Compiling pin-project v1.1.10
   Compiling tracing v0.1.43
   Compiling wasm-bindgen-macro v0.2.106
   Compiling yew-macro v0.21.0 (https://github.com/yewstack/yew?rev=54c20db6cf0f6a3e7b885eb1b6c7b5637bbcb17e#54c20db6)
   Compiling futures-executor v0.3.31
   Compiling futures v0.3.31
   Compiling pinned v0.1.0
   Compiling serde_urlencoded v0.7.1
   Compiling bincode v1.3.3
   Compiling bincode v2.0.1
   Compiling smallvec v1.15.1
   Compiling js-sys v0.3.83
   Compiling console_error_panic_hook v0.1.7
   Compiling web-sys v0.3.83
   Compiling getrandom v0.2.16
   Compiling wasm-bindgen-futures v0.4.56
   Compiling serde-wasm-bindgen v0.6.5
   Compiling gloo-timers v0.3.0
   Compiling wasm-bindgen-test v0.3.56
   Compiling rand_core v0.6.4
   Compiling rand_chacha v0.3.1
   Compiling rand v0.8.5
   Compiling dystrail-game v0.1.0 (/Users/vanna/Source/Dystrail/dystrail-game)
   Compiling gloo-utils v0.2.0
   Compiling gloo-events v0.2.0
   Compiling gloo-render v0.2.0
   Compiling gloo-dialogs v0.2.0
   Compiling gloo-net v0.5.0
   Compiling gloo-console v0.3.0
   Compiling gloo-worker v0.5.0
   Compiling gloo-storage v0.3.0
   Compiling gloo-history v0.2.2
   Compiling gloo-file v0.3.0
   Compiling gloo v0.11.0
   Compiling tokise v0.2.0
   Compiling yew v0.21.0 (https://github.com/yewstack/yew?rev=54c20db6cf0f6a3e7b885eb1b6c7b5637bbcb17e#54c20db6)
   Compiling yew-router v0.18.0 (https://github.com/yewstack/yew?rev=54c20db6cf0f6a3e7b885eb1b6c7b5637bbcb17e#54c20db6)
   Compiling dystrail-web v0.10.0 (/Users/vanna/Source/Dystrail/dystrail-web)
    Finished `dev` profile [unoptimized + debuginfo] target(s) in 26.22s
[INFO]: ⬇️  Installing wasm-bindgen...
[WARN  wasm_pack::install] could not download pre-built `wasm-bindgen`: no prebuilt wasm-bindgen binaries are available for this platform: Unrecognized target!. Falling back to `cargo install`.
    Finished `test` profile [unoptimized + debuginfo] target(s) in 0.14s
     Running unittests src/lib.rs (/Users/vanna/Source/Dystrail/target/wasm32-unknown-unknown/debug/deps/dystrail_web-01e6c270f7fd31ab.wasm)
no tests to run!
     Running tests/crossing_i18n_tests.rs (/Users/vanna/Source/Dystrail/target/wasm32-unknown-unknown/debug/deps/crossing_i18n_tests-6c8c9e2aa3f0a60d.wasm)
no tests to run!
   Doc-tests dystrail_web

running 0 tests

test result: ok. 0 passed; 0 failed; 0 ignored; 0 measured; 0 filtered out; finished in 0.00s

[WARN]: ⚠️   There's a newer version of wasm-pack available, the new version is: 0.15.0, you are using: 0.13.1. To update, navigate to: https://rustwasm.github.io/wasm-pack/installer/
