(node:97915) [DEP0205] DeprecationWarning: `module.register()` is deprecated. Use `module.registerHooks()` instead.
(Use `node --trace-deprecation ...` to show where the warning was created)

Running 406 tests using 2 workers

(node:97936) Warning: The 'NO_COLOR' env is ignored due to the 'FORCE_COLOR' env being set.
(Use `node --trace-warnings ...` to show where the warning was created)
(node:97935) Warning: The 'NO_COLOR' env is ignored due to the 'FORCE_COLOR' env being set.
(Use `node --trace-warnings ...` to show where the warning was created)
(node:97936) [DEP0205] DeprecationWarning: `module.register()` is deprecated. Use `module.registerHooks()` instead.
(node:97935) [DEP0205] DeprecationWarning: `module.register()` is deprecated. Use `module.registerHooks()` instead.
(node:97936) Warning: The 'NO_COLOR' env is ignored due to the 'FORCE_COLOR' env being set.
(Use `node --trace-warnings ...` to show where the warning was created)
(node:97935) Warning: The 'NO_COLOR' env is ignored due to the 'FORCE_COLOR' env being set.
(Use `node --trace-warnings ...` to show where the warning was created)
  ✓    1 [chromium] › tests-e2e/a11y.spec.ts:20:5 › context help and reduced motion (2.2s)
  ✓    2 [chromium] › tests-e2e/a11y.spec.ts:3:5 › focus stays still, keyboard selection, rich locale, contrast and outside dismissal (4.5s)
  ✓    3 [chromium] › tests-e2e/camp-toggle.spec.ts:7:5 › Camp toggles without time or resource costs and Resume leaves camp in one click (5.8s)
  ✓    4 [chromium] › tests-e2e/camp-toggle.spec.ts:29:5 › Camp toggles back to town and Resume from town camp departs without another confirmation (5.3s)
  ✓    6 [chromium] › tests-e2e/continuity.spec.ts:9:5 › abandon is cancelable, saves a crew ending, and leaves the manual slot intact (2.5s)
  ✓    5 [chromium] › tests-e2e/camp-toggle.spec.ts:44:5 › even zero-health breakdowns preserve resources and block Camp and Travel until an explicit repair (5.4s)
  ✓    8 [chromium] › tests-e2e/continuity.spec.ts:43:5 › late-route camp stays put and never triggers the hearing (1.5s)
  ✓    7 [chromium] › tests-e2e/continuity.spec.ts:29:5 › stationary rest records actual changes and survives manual loading (2.9s)
  ✓    9 [chromium] › tests-e2e/continuity.spec.ts:61:5 › a named crew decision precedes map review and absence persists in later scenes (2.5s)
  ✓   10 [chromium] › tests-e2e/continuity.spec.ts:74:5 › each persona map always fits its own traveled route (2.6s)
  ✓   11 [chromium] › tests-e2e/continuity.spec.ts:87:5 › one Resume carries two quiet travel actions; pausing and reload never replay them (4.7s)
  ✓   12 [chromium] › tests-e2e/continuity.spec.ts:100:5 › visibility loss pauses automatic travel and does not resume it on return (4.9s)
  ✓   13 [chromium] › tests-e2e/continuity.spec.ts:114:5 › outfitting cannot charge for supplies beyond capacity (1.2s)
  ✓   14 [chromium] › tests-e2e/continuity.spec.ts:123:5 › encounter forecasts and the journal agree at stat caps (1.9s)
  ✓   15 [chromium] › tests-e2e/crew.spec.ts:3:5 › player and crew names recover during onboarding and absent members leave their seats (3.5s)
  ✓   16 [chromium] › tests-e2e/entry-layout.spec.ts:16:5 › Trail and Journal share compact right-hand cards and retain historical journey settings (2.8s)
  ✓   17 [chromium] › tests-e2e/entry-layout.spec.ts:59:5 › the daily Journal accumulates actual first-final totals and preserves every raw action across days (3.0s)
  ✓   19 [chromium] › tests-e2e/feedback.spec.ts:8:5 › local conversations retain the actual reward at and below the credibility cap (3.4s)
  ✓   18 [chromium] › tests-e2e/entry-layout.spec.ts:105:5 › real driving rollover keeps all five hours and their daily effects in the completed day Journal (7.2s)
  ✓   20 [chromium] › tests-e2e/feedback.spec.ts:24:5 › outcomes show one heading and consistent cash, condition, evidence and part cards (1.8s)
  ✓   22 [chromium] › tests-e2e/feedback.spec.ts:64:5 › ally losses have a persistent acknowledgment and remain in the journal (3.4s)
  ✓   21 [chromium] › tests-e2e/feedback.spec.ts:34:5 › advertised receipts become visible awards and survive offline play and reload (5.4s)
  ✓   23 [chromium] › tests-e2e/feedback.spec.ts:75:5 › long journals scroll by keyboard without overlapping the footer (2.0s)
  ✓   25 [chromium] › tests-e2e/feedback.spec.ts:108:5 › legacy danger values are ignored and temporary risk uses the short percent label (2.0s)
  ✓   24 [chromium] › tests-e2e/feedback.spec.ts:86:5 › town information, action spacing, journal cards and map credits share the established alignment (2.4s)
  ✓   27 [chromium] › tests-e2e/hourly-travel.spec.ts:46:6 › heated covers 70 miles during one clear, healthy driving hour (2.5s)
  ✓   26 [chromium] › tests-e2e/hourly-travel.spec.ts:46:6 › steady covers 60 miles during one clear, healthy driving hour (3.0s)
  ✓   28 [chromium] › tests-e2e/hourly-travel.spec.ts:46:6 › blitz covers 80 miles during one clear, healthy driving hour (3.0s)
  ✓   29 [chromium] › tests-e2e/hourly-travel.spec.ts:58:5 › five driving hours cover 300 miles and overnight rollover adds no driving time (7.7s)
  ✓   30 [chromium] › tests-e2e/hourly-travel.spec.ts:77:5 › two hours of foraging leave three driving hours and 180 miles that day (5.1s)
  ✓   31 [chromium] › tests-e2e/inventory-status.spec.ts:6:5 › illustrated van and compact journal preserve every count and fit desktop and phone (2.4s)
  ✓   32 [chromium] › tests-e2e/inventory-status.spec.ts:27:5 › status icons, weather detail, help spacing, and selected pace and diet stay synchronized (2.4s)
  ✓   33 [chromium] › tests-e2e/inventory-status.spec.ts:48:5 › repair outcome and its journal use stat cards with remaining parts (2.1s)
  ✓   34 [chromium] › tests-e2e/inventory-status.spec.ts:62:5 › local conversations offer all three benefits, are repeatable, and never award twice (4.8s)
  ✓   36 [chromium] › tests-e2e/inventory-status.spec.ts:87:5 › offline share creates a real image and editable post without sending it (1.6s)
  ✓   35 [chromium] › tests-e2e/inventory-status.spec.ts:75:5 › one town action leaves town, normal maps last three seconds, Fast mode skips them (7.6s)
  ✓   38 [chromium] › tests-e2e/map.spec.ts:5:5 › map is a periodic full scene with real geography and exact recovery (2.4s)
  ✓   37 [chromium] › tests-e2e/journey.spec.ts:3:5 › outfitting recovery, direct controls, timed travel, manual save and camp (6.0s)
  ✓   39 [chromium] › tests-e2e/map.spec.ts:18:5 › real towns, regional scenes and encounter geography agree (2.4s)
  ✓   40 [chromium] › tests-e2e/map.spec.ts:28:5 › every persona previews and saves a distinct geographic origin (2.2s)
  ✓   41 [chromium] › tests-e2e/map.spec.ts:35:5 › geographic scene remains readable in Arabic and reduced motion (2.0s)
  ✓   42 [chromium] › tests-e2e/mobile-impact.spec.ts:20:5 › phone HUD fills the row and every policy has structured, read-only impact help (3.3s)
  ✓   43 [chromium] › tests-e2e/mobile-impact.spec.ts:80:5 › weather and resource help fit short phone viewports and close without spending time (2.4s)
  ✓   45 [chromium] › tests-e2e/navigation-toggle.spec.ts:31:5 › every selected tab toggles its content without spending a turn and remains keyboard accessible (2.6s)
  ✓   46 [chromium] › tests-e2e/offline-status.spec.ts:11:5 › offline menu uses full width, centers help, and explains installation with a labeled action (3.1s)
  ✓   47 [chromium] › tests-e2e/offline-status.spec.ts:32:5 › install availability updates while readiness stays unchanged and installed apps hide install controls (1.4s)
  ✓   48 [chromium] › tests-e2e/onboarding-results.spec.ts:7:5 › start action shares the Deep End column and stacks on mobile (1.1s)
  ✓   49 [chromium] › tests-e2e/onboarding-results.spec.ts:13:5 › random character persists, mission is shared, action row stays aligned, and compact crew busts have no added frame or background (2.2s)
  ✓   50 [chromium] › tests-e2e/onboarding-results.spec.ts:29:5 › early illness ending matches location and primary player, shows the full scorecard and updates in place (1.6s)
  ✓   44 [chromium] › tests-e2e/navigation-toggle.spec.ts:8:5 › manual Route closes back to the previous screen and never starts travel (14.3s)
  ✓   51 [chromium] › tests-e2e/onboarding-results.spec.ts:44:5 › bottom result actions give visible feedback without a page jump (1.6s)
  ✓   52 [chromium] › tests-e2e/onboarding-results.spec.ts:52:5 › a fatal player care decision reports the death and ends the run here (1.4s)
  ✓   53 [chromium] › tests-e2e/onboarding-results.spec.ts:59:5 › town names omit universal service icons while town actions remain accessible (1.8s)
  ✓   55 [chromium] › tests-e2e/preload.spec.ts:8:5 › first launch waits for every asset, retries failure, and repairs missing cached art before play (3.3s)
  ✓   54 [chromium] › tests-e2e/outcome-reachability.spec.ts:6:5 › outcome exit stays reachable at every scroll position and with a short viewport (5.8s)
  ✓   56 [chromium] › tests-e2e/preload.spec.ts:32:5 › every image is decoded behind the gate and new encounter scenes use only prepared local art (1.9s)
  ✓   57 [chromium] › tests-e2e/pwa.spec.ts:11:5 › all assets, saved play and town scenes work after an offline relaunch (3.6s)
  ✓   59 [chromium] › tests-e2e/scene-flow.spec.ts:10:5 › the top HUD includes travel resources and repair details remain compact (2.0s)
  ✓   58 [chromium] › tests-e2e/pwa.spec.ts:33:5 › a complete remote update loads first and an interrupted update falls back without losing saves (5.8s)
  ✓   60 [chromium] › tests-e2e/scene-flow.spec.ts:24:5 › The Trail is exclusive tab content, keyboard accessible, with equal action widths (2.3s)
  ✓   61 [chromium] › tests-e2e/scene-flow.spec.ts:34:5 › automatic map keeps moving and closes in three seconds without a second click (10.2s)
  ✓   62 [chromium] › tests-e2e/scene-flow.spec.ts:42:5 › automatic map can stay open, survives reload, and resumes with one click (12.1s)
  ✓   64 [chromium] › tests-e2e/scene-flow.spec.ts:58:5 › camp gathering uses cooldown cards, persists and becomes available again (2.9s)
  ✓   65 [chromium] › tests-e2e/scene-flow.spec.ts:66:5 › help preference hides only optional tips, persists offline, and keeps information usable (2.5s)
  ✓   66 [chromium] › tests-e2e/scene-flow.spec.ts:75:5 › critical sanity stays in the stat bar with a bounded pulse and no popup (1.5s)
  ✓   63 [chromium] › tests-e2e/scene-flow.spec.ts:50:5 › manual map stays open and resumed travel stops at the next town (16.5s)
  ✓   67 [chromium] › tests-e2e/scene-flow.spec.ts:81:5 › a queued crew decision waits for the automatic map without advancing past it (7.6s)
  ✓   68 [chromium] › tests-e2e/scenes.spec.ts:7:5 › encounters have matching settings and never inherit a road backdrop (2.2s)
  ✓   70 [chromium] › tests-e2e/scenes.spec.ts:37:5 › menu controls, pointer cursors and help stay inside viewport at either edge (2.3s)
  ✓   69 [chromium] › tests-e2e/scenes.spec.ts:18:5 › regional roads follow route geography, full crew van travels, heat haze and clock are synchronized (4.4s)
  ✓   71 [chromium] › tests-e2e/second-pass.spec.ts:6:5 › starter allocation is paid, editable, emptyable and persisted (2.2s)
  ✓   72 [chromium] › tests-e2e/second-pass.spec.ts:13:5 › ending uses the name of the selected character (1.9s)
  ✓   73 [chromium] › tests-e2e/second-pass.spec.ts:18:5 › cashless breakdown has an escape with explicit costs across midnight (1.6s)
  ✓   75 [chromium] › tests-e2e/second-pass.spec.ts:31:5 › town facts and player and NPC portraits survive reload (2.9s)
  ✓   74 [chromium] › tests-e2e/second-pass.spec.ts:24:5 › foraging and paid town work apply costs and persist their limits (3.9s)
  ✓   76 [chromium] › tests-e2e/second-pass.spec.ts:41:5 › a new political encounter pays cash and exposes its factual hook (1.6s)
  ✓   78 [chromium] › tests-e2e/sharing.spec.ts:12:5 › share dialog restores focus after mouse and keyboard close and releases each image (1.7s)
  ✓   79 [chromium] › tests-e2e/sharing.spec.ts:37:5 › copy and native sharing use the edited post and handle cancellation, failure and handoff (1.5s)
  ✓   77 [chromium] › tests-e2e/second-pass.spec.ts:51:5 › road and progress elements survive consecutive automatic turns (3.9s)
  ✓   80 [chromium] › tests-e2e/sharing.spec.ts:71:5 › unsupported sharing and denied clipboard keep the image and editable post available (1.9s)
  ✓   81 [chromium] › tests-e2e/sharing.spec.ts:88:5 › failed PNG encoding can retry without losing the edited post (2.0s)
  ✓   82 [chromium] › tests-e2e/sharing.spec.ts:104:5 › closing during image preparation releases the completed image without reopening the dialog (2.0s)
  ✓   83 [chromium] › tests-e2e/sharing.spec.ts:126:5 › long player names and Arabic share content stay readable on desktop and phone (3.2s)
  ✓   84 [chromium] › tests-e2e/shopping.spec.ts:17:5 › illustrated outfitting shows every item without filters and supports exact direct purchases (2.2s)
  ✓   85 [chromium] › tests-e2e/shopping.spec.ts:39:5 › quantity entry cannot overspend and clearing a selected item restores its funds (1.2s)
  ✓   87 [chromium] › tests-e2e/shopping.spec.ts:84:5 › shopping remains readable in Arabic and Help & tips never shifts item controls (1.9s)
  ✓   86 [chromium] › tests-e2e/shopping.spec.ts:51:5 › town store shows carried parts, buys once with the shown total, and keeps inventory available (3.2s)
  ✓   88 [chromium] › tests-e2e/states.spec.ts:6:5 › numbered encounter, persistent aftermath, low sanity and visual results (3.1s)
  ✓   89 [chromium] › tests-e2e/states.spec.ts:16:5 › repair consumes a pump and shows the cost (2.0s)
  ✓   90 [chromium] › tests-e2e/states.spec.ts:23:5 › regions, weather details, final vote and terminal reload (3.7s)
  ✓   91 [chromium] › tests-e2e/states.spec.ts:35:5 › route store, one exchange and cooldown recovery (6.2s)
  ✓   92 [chromium] › tests-e2e/stopped-crew.spec.ts:56:5 › paid shift returns to town without moving or spending time (2.7s)
  ✓   93 [chromium] › tests-e2e/stopped-crew.spec.ts:80:5 › stopping displays only present crew outside the van and keeps all readouts in the top HUD (3.6s)
  ✓   94 [chromium] › tests-e2e/turn-history.spec.ts:7:5 › every action in the turn stays on The Trail newest first through navigation and reload (4.3s)
  ✓   95 [chromium] › tests-e2e/turn-history.spec.ts:67:5 › routine travel always has a visible title, including empty and transition-only messages (2.4s)
  ✓   96 [chromium] › tests-e2e/ux-round.spec.ts:6:5 › temporary policy effects explain actual penalties and remain available with tips off (2.2s)
  ✓   98 [chromium] › tests-e2e/ux-round.spec.ts:24:5 › required decisions keep a disabled Resume control and all reference tabs (1.7s)
  ✓   97 [chromium] › tests-e2e/ux-round.spec.ts:13:5 › town inventory, selectable trades and repeat conversations retain the real state (2.8s)
Weather travel fixture [33m4[39m PacificCoast Storm { day: [33m1[39m, weather: [32m'Storm'[39m, supplies: [33m-1[39m, hp: [33m0[39m, sanity: [33m-1[39m }
  ✓  100 [chromium] › tests-e2e/weather.spec.ts:34:5 › weather receipt shows exposure, clear removes stale losses, and help stays in the viewport (2.3s)
  ✓  101 [chromium] › tests-e2e/weather.spec.ts:45:5 › old weather pause checkpoints resume without a weather decision or repeated costs (2.2s)
  ✓  102 [chromium] › tests-e2e/weather.spec.ts:52:5 › weather indicator respects reduced motion and Arabic layout (1.6s)
  ✓  103 [chromium] › tests-e2e/weather.spec.ts:60:5 › travel actions share one compact row and the scene gets the saved space (1.4s)
  ✓   99 [chromium] › tests-e2e/weather.spec.ts:11:5 › weather costs apply during continuous travel, notify inline, and survive reload once (8.5s)
  ✓  105 [chromium] › tests-e2e/writer-catalog.spec.ts:16:7 › complete writer catalog: beltway_briefing (2.5s)
  ✓  104 [chromium] › tests-e2e/weather.spec.ts:79:5 › Fast mode persists, legacy Step saves recover, and toolbar details do not spend a turn (3.3s)
  ✓  107 [chromium] › tests-e2e/writer-catalog.spec.ts:16:7 › complete writer catalog: classic_civic_potluck (2.5s)
  ✓  106 [chromium] › tests-e2e/writer-catalog.spec.ts:16:7 › complete writer catalog: classic_bridge_crews (2.8s)
  ✓  108 [chromium] › tests-e2e/writer-catalog.spec.ts:16:7 › complete writer catalog: classic_crossing_block_party (3.0s)
  ✓  109 [chromium] › tests-e2e/writer-catalog.spec.ts:16:7 › complete writer catalog: classic_freeway_mural (3.0s)
  ✓  110 [chromium] › tests-e2e/writer-catalog.spec.ts:16:7 › complete writer catalog: classic_mail_drop (2.5s)
  ✓  111 [chromium] › tests-e2e/writer-catalog.spec.ts:16:7 › complete writer catalog: classic_media_training (2.9s)
  ✓  113 [chromium] › tests-e2e/writer-catalog.spec.ts:16:7 › complete writer catalog: classic_mutual_aid_dispatch (2.5s)
  ✓  112 [chromium] › tests-e2e/writer-catalog.spec.ts:16:7 › complete writer catalog: classic_mutual_aid (3.0s)
  ✓  115 [chromium] › tests-e2e/writer-catalog.spec.ts:16:7 › complete writer catalog: classic_overpass_stage (2.8s)
  ✓  114 [chromium] › tests-e2e/writer-catalog.spec.ts:16:7 › complete writer catalog: classic_neighborhood_watch (3.0s)
  ✓  116 [chromium] › tests-e2e/writer-catalog.spec.ts:16:7 › complete writer catalog: classic_press_briefing (3.0s)
  ✓  117 [chromium] › tests-e2e/writer-catalog.spec.ts:16:7 › complete writer catalog: classic_press_pool_qna (3.0s)
  ✓  118 [chromium] › tests-e2e/writer-catalog.spec.ts:16:7 › complete writer catalog: classic_radio_phonebank (3.0s)
  ✓  119 [chromium] › tests-e2e/writer-catalog.spec.ts:16:7 › complete writer catalog: classic_service_station (3.0s)
  ✓  120 [chromium] › tests-e2e/writer-catalog.spec.ts:16:7 › complete writer catalog: classic_union_blockade (3.0s)
  ✓  121 [chromium] › tests-e2e/writer-catalog.spec.ts:16:7 › complete writer catalog: classic_water_drive (2.9s)
  ✓  123 [chromium] › tests-e2e/writer-catalog.spec.ts:16:7 › complete writer catalog: deep_field_intel (3.0s)
  ✓  122 [chromium] › tests-e2e/writer-catalog.spec.ts:16:7 › complete writer catalog: deep_circuit_breaker (3.1s)
  ✓  124 [chromium] › tests-e2e/writer-catalog.spec.ts:16:7 › complete writer catalog: deep_grassroots_signal (3.0s)
  ✓  125 [chromium] › tests-e2e/writer-catalog.spec.ts:16:7 › complete writer catalog: deep_media_ambush (3.0s)
  ✓  126 [chromium] › tests-e2e/writer-catalog.spec.ts:16:7 › complete writer catalog: deep_memorandum_dump (3.0s)
  ✓  127 [chromium] › tests-e2e/writer-catalog.spec.ts:16:7 › complete writer catalog: deep_secure_line (3.2s)
  ✓  128 [chromium] › tests-e2e/writer-catalog.spec.ts:16:7 › complete writer catalog: deep_state_dirge (3.0s)
  ✓  129 [chromium] › tests-e2e/writer-catalog.spec.ts:16:7 › complete writer catalog: deep_watch_party (3.0s)
  ✓  130 [chromium] › tests-e2e/writer-catalog.spec.ts:16:7 › complete writer catalog: deep_watchdog_sync (3.0s)
  ✓  131 [chromium] › tests-e2e/writer-catalog.spec.ts:16:7 › complete writer catalog: fundraiser_detour (2.8s)
  ✓  132 [chromium] › tests-e2e/writer-catalog.spec.ts:16:7 › complete writer catalog: raw_milk (3.0s)
  ✓  133 [chromium] › tests-e2e/writer-catalog.spec.ts:16:7 › complete writer catalog: tariff_whiplash (3.0s)
  ✓  134 [chromium] › tests-e2e/writer-catalog.spec.ts:16:7 › complete writer catalog: town_hall_drift (2.9s)
  ✓  135 [chromium] › tests-e2e/writer-catalog.spec.ts:16:7 › complete writer catalog: deep_waystation_boost (2.9s)
  ✓  136 [chromium] › tests-e2e/writer-catalog.spec.ts:16:7 › complete writer catalog: deep_rustbelt_convoy (2.8s)
  ✓  137 [chromium] › tests-e2e/writer-catalog.spec.ts:16:7 › complete writer catalog: deep_beltway_fastpass (2.9s)
  ✓  138 [chromium] › tests-e2e/writer-catalog.spec.ts:16:7 › complete writer catalog: clinic_triage (3.0s)
  ✓  139 [chromium] › tests-e2e/writer-catalog.spec.ts:16:7 › complete writer catalog: overnight_briefing (3.0s)
  ✓  140 [chromium] › tests-e2e/writer-catalog.spec.ts:16:7 › complete writer catalog: sat_straw_reserve (3.0s)
  ✓  141 [chromium] › tests-e2e/writer-catalog.spec.ts:16:7 › complete writer catalog: sat_corn_bullets (3.0s)
  ✓  142 [chromium] › tests-e2e/writer-catalog.spec.ts:16:7 › complete writer catalog: sat_grant_groceries (3.0s)
  ✓  143 [chromium] › tests-e2e/writer-catalog.spec.ts:16:7 › complete writer catalog: sat_cow_citations (3.0s)
  ✓  144 [chromium] › tests-e2e/writer-catalog.spec.ts:16:7 › complete writer catalog: sat_forecast_corrected (3.0s)
  ✓  145 [chromium] › tests-e2e/writer-catalog.spec.ts:16:7 › complete writer catalog: sat_parking_gulf (3.0s)
  ✓  146 [chromium] › tests-e2e/writer-catalog.spec.ts:16:7 › complete writer catalog: sat_library_minimum (3.0s)
  ✓  147 [chromium] › tests-e2e/writer-catalog.spec.ts:16:7 › complete writer catalog: sat_tariff_forklift (3.0s)
  ✓  148 [chromium] › tests-e2e/writer-catalog.spec.ts:16:7 › complete writer catalog: sat_alternator_tariff (3.0s)
  ✓  149 [chromium] › tests-e2e/writer-catalog.spec.ts:16:7 › complete writer catalog: sat_billion_pothole (3.0s)
  ✓  150 [chromium] › tests-e2e/writer-catalog.spec.ts:16:7 › complete writer catalog: sat_bridge_bullets (3.0s)
  ✓  151 [chromium] › tests-e2e/writer-catalog.spec.ts:16:7 › complete writer catalog: sat_press_pool_radio (3.0s)
  ✓  152 [chromium] › tests-e2e/writer-catalog.spec.ts:16:7 › complete writer catalog: sat_hydration_pressure (3.0s)
  ✓  153 [chromium] › tests-e2e/writer-catalog.spec.ts:16:7 › complete writer catalog: sat_museum_grant (3.0s)
  ✓  154 [chromium] › tests-e2e/writer-catalog.spec.ts:16:7 › complete writer catalog: sat_factcheck_shift (3.0s)
  ✓  155 [chromium] › tests-e2e/writer-catalog.spec.ts:16:7 › complete writer catalog: sat_food_shelf (3.0s)
  ✓  156 [chromium] › tests-e2e/writer-catalog.spec.ts:16:7 › complete writer catalog: sat_cabinet_guest (3.0s)
  ✓  157 [chromium] › tests-e2e/writer-catalog.spec.ts:16:7 › complete writer catalog: sat_name_infrastructure (3.0s)
  ✓  158 [chromium] › tests-e2e/writer-catalog.spec.ts:16:7 › complete writer catalog: sat_straw_inspection (3.0s)
  ✓  159 [chromium] › tests-e2e/writer-catalog.spec.ts:16:7 › complete writer catalog: sat_shower_force (3.0s)
  ✓  160 [chromium] › tests-e2e/writer-catalog.spec.ts:16:7 › complete writer catalog: sat_receipt_museum (3.0s)
  ✓  161 [chromium] › tests-e2e/writer-catalog.spec.ts:16:7 › complete writer catalog: sat_transit_ribbon (3.0s)
  ✓  162 [chromium] › tests-e2e/writer-catalog.spec.ts:16:7 › complete writer catalog: sat_weather_desk (3.2s)
  ✓  163 [chromium] › tests-e2e/writer-catalog.spec.ts:16:7 › complete writer catalog: sat_bibliography_emergency (3.0s)
  ✓  164 [chromium] › tests-e2e/writer-catalog.spec.ts:16:7 › complete writer catalog: west_grant_translation (3.0s)
  ✓  165 [chromium] › tests-e2e/writer-catalog.spec.ts:16:7 › complete writer catalog: west_rail_replacement (3.0s)
  ✓  167 [chromium] › tests-e2e/writer-catalog.spec.ts:16:7 › complete writer catalog: west_wind_loyalty (2.5s)
  ✓  166 [chromium] › tests-e2e/writer-catalog.spec.ts:16:7 › complete writer catalog: west_laboratory_overhead (3.0s)
  ✓  168 [chromium] › tests-e2e/writer-catalog.spec.ts:16:7 › complete writer catalog: west_desert_pressure (3.0s)
  ✓  169 [chromium] › tests-e2e/writer-catalog.spec.ts:16:7 › complete writer catalog: west_beef_passports (3.0s)
  ✓  170 [chromium] › tests-e2e/writer-content.spec.ts:11:7 › writer scene sat_alternator_tariff retains its complete copy and exact choice effects offline (3.1s)
  ✓  171 [chromium] › tests-e2e/writer-content.spec.ts:11:7 › writer scene sat_billion_pothole retains its complete copy and exact choice effects offline (3.2s)
  ✓  172 [chromium] › tests-e2e/writer-content.spec.ts:11:7 › writer scene sat_cabinet_guest retains its complete copy and exact choice effects offline (3.2s)
  ✓  173 [chromium] › tests-e2e/writer-locales.spec.ts:11:9 › writer localization it: deep_circuit_breaker remains readable offline (3.6s)
  ✓  174 [chromium] › tests-e2e/writer-locales.spec.ts:11:9 › writer localization it: deep_secure_line remains readable offline (3.8s)
  ✓  175 [chromium] › tests-e2e/writer-locales.spec.ts:11:9 › writer localization it: sat_weather_desk remains readable offline (3.2s)
  ✓  176 [chromium] › tests-e2e/writer-locales.spec.ts:11:9 › writer localization es: deep_circuit_breaker remains readable offline (3.7s)
  ✓  177 [chromium] › tests-e2e/writer-locales.spec.ts:11:9 › writer localization es: deep_secure_line remains readable offline (3.8s)
  ✓  179 [chromium] › tests-e2e/writer-locales.spec.ts:11:9 › writer localization ar: deep_circuit_breaker remains readable offline (3.2s)
  ✓  178 [chromium] › tests-e2e/writer-locales.spec.ts:11:9 › writer localization es: sat_weather_desk remains readable offline (3.6s)
  ✓  180 [chromium] › tests-e2e/writer-locales.spec.ts:11:9 › writer localization ar: deep_secure_line remains readable offline (3.3s)
  ✓  182 [chromium] › tests-e2e/writer-narratives.spec.ts:175:5 › revision 5 source contains all 28 town remarks and 25 named narrative fields (10ms)
  ✓  181 [chromium] › tests-e2e/writer-locales.spec.ts:11:9 › writer localization ar: sat_weather_desk remains readable offline (3.2s)
  ✓  184 [chromium] › tests-e2e/writer-narratives.spec.ts:245:7 › named crew incident: raw milk, with care costs shown before choosing (2.8s)
  ✓  185 [chromium] › tests-e2e/writer-narratives.spec.ts:245:7 › named crew incident: heat warning, with care costs shown before choosing (2.3s)
  ✓  186 [chromium] › tests-e2e/writer-narratives.spec.ts:245:7 › named crew incident: five accomplishments, with care costs shown before choosing (2.3s)
  ✓  183 [chromium] › tests-e2e/writer-narratives.spec.ts:192:5 › all 28 town conversations show their own revised remark and sourced fact offline (8.2s)
  ✓  187 [chromium] › tests-e2e/writer-narratives.spec.ts:245:7 › named crew incident: wellness sample, with care costs shown before choosing (2.7s)
  ✓  188 [chromium] › tests-e2e/writer-narratives.spec.ts:245:7 › named crew incident: renamed detours, with care costs shown before choosing (2.3s)
  ✓  190 [chromium] › tests-e2e/writer-narratives.spec.ts:245:7 › named crew incident: Signal work chat, with care costs shown before choosing (2.2s)
  ✓  189 [chromium] › tests-e2e/writer-narratives.spec.ts:245:7 › named crew incident: tariff invoice, with care costs shown before choosing (2.8s)
  ✓  192 [chromium] › tests-e2e/writer-narratives.spec.ts:269:5 › critical care saves the named companion for the advertised supplies and hour (1.9s)
  ✓  191 [chromium] › tests-e2e/writer-narratives.spec.ts:245:7 › named crew incident: food parcels, with care costs shown before choosing (2.7s)
  ✓  193 [chromium] › tests-e2e/writer-narratives.spec.ts:282:5 › leaving a critically ill companion with the aid team is safe and persists (1.9s)
  ✓  194 [chromium] › tests-e2e/writer-narratives.spec.ts:301:5 › continuing before illness becomes critical leaves the companion unwell (1.4s)
  ✓  196 [chromium] › tests-e2e/writer-narratives.spec.ts:329:5 › the player cannot use companion departure and their fatal choice ends this named journey (1.4s)
  ✓  195 [chromium] › tests-e2e/writer-narratives.spec.ts:314:5 › the explicitly fatal companion choice records death without ending the player journey (1.9s)
  ✓  197 [chromium] › tests-e2e/writer-narratives.spec.ts:348:5 › unaffordable care stays disabled while a safe companion departure remains available (1.9s)
  ✓  198 [chromium] › tests-e2e/writer-narratives.spec.ts:367:7 › outside ally departure 0: Jules is named and the crew is unchanged (3.5s)
  ✓  199 [chromium] › tests-e2e/writer-narratives.spec.ts:367:7 › outside ally departure 1: Kit is named and the crew is unchanged (3.1s)
  ✓  200 [chromium] › tests-e2e/writer-narratives.spec.ts:367:7 › outside ally departure 2: Ari is named and the crew is unchanged (3.5s)
  ✓  201 [chromium] › tests-e2e/writer-narratives.spec.ts:367:7 › outside ally departure 3: Blair is named and the crew is unchanged (3.0s)
  ✓  202 [chromium] › tests-e2e/writer-narratives.spec.ts:367:7 › outside ally departure 4: Casey is named and the crew is unchanged (3.5s)
(node:4563) Warning: The 'NO_COLOR' env is ignored due to the 'FORCE_COLOR' env being set.
(Use `node --trace-warnings ...` to show where the warning was created)
(node:4563) [DEP0205] DeprecationWarning: `module.register()` is deprecated. Use `module.registerHooks()` instead.
(node:4563) Warning: The 'NO_COLOR' env is ignored due to the 'FORCE_COLOR' env being set.
(Use `node --trace-warnings ...` to show where the warning was created)
  ✓  203 [chromium] › tests-e2e/writer-narratives.spec.ts:367:7 › outside ally departure 5: Devon is named and the crew is unchanged (3.5s)
(node:4594) Warning: The 'NO_COLOR' env is ignored due to the 'FORCE_COLOR' env being set.
(Use `node --trace-warnings ...` to show where the warning was created)
(node:4594) [DEP0205] DeprecationWarning: `module.register()` is deprecated. Use `module.registerHooks()` instead.
(node:4594) Warning: The 'NO_COLOR' env is ignored due to the 'FORCE_COLOR' env being set.
(Use `node --trace-warnings ...` to show where the warning was created)
  ✓  205 [mobile] › tests-e2e/a11y.spec.ts:20:5 › context help and reduced motion (2.3s)
  ✓  204 [mobile] › tests-e2e/a11y.spec.ts:3:5 › focus stays still, keyboard selection, rich locale, contrast and outside dismissal (4.5s)
  ✓  206 [mobile] › tests-e2e/camp-toggle.spec.ts:7:5 › Camp toggles without time or resource costs and Resume leaves camp in one click (5.9s)
  ✓  207 [mobile] › tests-e2e/camp-toggle.spec.ts:29:5 › Camp toggles back to town and Resume from town camp departs without another confirmation (5.8s)
  ✓  209 [mobile] › tests-e2e/continuity.spec.ts:9:5 › abandon is cancelable, saves a crew ending, and leaves the manual slot intact (2.6s)
  ✓  208 [mobile] › tests-e2e/camp-toggle.spec.ts:44:5 › even zero-health breakdowns preserve resources and block Camp and Travel until an explicit repair (5.4s)
  ✓  211 [mobile] › tests-e2e/continuity.spec.ts:43:5 › late-route camp stays put and never triggers the hearing (1.5s)
  ✓  210 [mobile] › tests-e2e/continuity.spec.ts:29:5 › stationary rest records actual changes and survives manual loading (2.9s)
  ✓  212 [mobile] › tests-e2e/continuity.spec.ts:61:5 › a named crew decision precedes map review and absence persists in later scenes (3.0s)
  ✓  213 [mobile] › tests-e2e/continuity.spec.ts:74:5 › each persona map always fits its own traveled route (3.1s)
  ✓  214 [mobile] › tests-e2e/continuity.spec.ts:87:5 › one Resume carries two quiet travel actions; pausing and reload never replay them (4.6s)
  ✓  215 [mobile] › tests-e2e/continuity.spec.ts:100:5 › visibility loss pauses automatic travel and does not resume it on return (5.3s)
  ✓  216 [mobile] › tests-e2e/continuity.spec.ts:114:5 › outfitting cannot charge for supplies beyond capacity (1.2s)
  ✓  217 [mobile] › tests-e2e/continuity.spec.ts:123:5 › encounter forecasts and the journal agree at stat caps (1.9s)
  ✓  218 [mobile] › tests-e2e/crew.spec.ts:3:5 › player and crew names recover during onboarding and absent members leave their seats (4.2s)
  ✓  219 [mobile] › tests-e2e/entry-layout.spec.ts:16:5 › Trail and Journal share compact right-hand cards and retain historical journey settings (3.5s)
  ✓  220 [mobile] › tests-e2e/entry-layout.spec.ts:59:5 › the daily Journal accumulates actual first-final totals and preserves every raw action across days (3.2s)
  ✓  222 [mobile] › tests-e2e/feedback.spec.ts:8:5 › local conversations retain the actual reward at and below the credibility cap (3.5s)
  ✓  221 [mobile] › tests-e2e/entry-layout.spec.ts:105:5 › real driving rollover keeps all five hours and their daily effects in the completed day Journal (7.3s)
  ✓  223 [mobile] › tests-e2e/feedback.spec.ts:24:5 › outcomes show one heading and consistent cash, condition, evidence and part cards (1.9s)
  ✓  225 [mobile] › tests-e2e/feedback.spec.ts:64:5 › ally losses have a persistent acknowledgment and remain in the journal (4.0s)
  ✓  224 [mobile] › tests-e2e/feedback.spec.ts:34:5 › advertised receipts become visible awards and survive offline play and reload (5.5s)
  ✓  226 [mobile] › tests-e2e/feedback.spec.ts:75:5 › long journals scroll by keyboard without overlapping the footer (2.0s)
  ✓  228 [mobile] › tests-e2e/feedback.spec.ts:108:5 › legacy danger values are ignored and temporary risk uses the short percent label (1.6s)
  ✓  227 [mobile] › tests-e2e/feedback.spec.ts:86:5 › town information, action spacing, journal cards and map credits share the established alignment (3.1s)
  ✓  229 [mobile] › tests-e2e/hourly-travel.spec.ts:46:6 › steady covers 60 miles during one clear, healthy driving hour (2.5s)
  ✓  230 [mobile] › tests-e2e/hourly-travel.spec.ts:46:6 › heated covers 70 miles during one clear, healthy driving hour (2.5s)
  ✓  231 [mobile] › tests-e2e/hourly-travel.spec.ts:46:6 › blitz covers 80 miles during one clear, healthy driving hour (2.5s)
  ✓  233 [mobile] › tests-e2e/hourly-travel.spec.ts:77:5 › two hours of foraging leave three driving hours and 180 miles that day (5.2s)
  ✓  232 [mobile] › tests-e2e/hourly-travel.spec.ts:58:5 › five driving hours cover 300 miles and overnight rollover adds no driving time (7.8s)
  ✓  234 [mobile] › tests-e2e/inventory-status.spec.ts:6:5 › illustrated van and compact journal preserve every count and fit desktop and phone (2.0s)
  ✓  235 [mobile] › tests-e2e/inventory-status.spec.ts:27:5 › status icons, weather detail, help spacing, and selected pace and diet stay synchronized (2.0s)
  ✓  236 [mobile] › tests-e2e/inventory-status.spec.ts:48:5 › repair outcome and its journal use stat cards with remaining parts (2.1s)
  ✓  237 [mobile] › tests-e2e/inventory-status.spec.ts:62:5 › local conversations offer all three benefits, are repeatable, and never award twice (4.3s)
  ✓  239 [mobile] › tests-e2e/inventory-status.spec.ts:87:5 › offline share creates a real image and editable post without sending it (1.9s)
  ✓  238 [mobile] › tests-e2e/inventory-status.spec.ts:75:5 › one town action leaves town, normal maps last three seconds, Fast mode skips them (9.6s)
  ✓  240 [mobile] › tests-e2e/journey.spec.ts:3:5 › outfitting recovery, direct controls, timed travel, manual save and camp (6.2s)
  ✓  241 [mobile] › tests-e2e/map.spec.ts:5:5 › map is a periodic full scene with real geography and exact recovery (2.9s)
  ✓  242 [mobile] › tests-e2e/map.spec.ts:18:5 › real towns, regional scenes and encounter geography agree (2.1s)
  ✓  244 [mobile] › tests-e2e/map.spec.ts:35:5 › geographic scene remains readable in Arabic and reduced motion (1.5s)
  ✓  243 [mobile] › tests-e2e/map.spec.ts:28:5 › every persona previews and saves a distinct geographic origin (2.3s)
  ✓  246 [mobile] › tests-e2e/mobile-impact.spec.ts:80:5 › weather and resource help fit short phone viewports and close without spending time (2.9s)
  ✓  245 [mobile] › tests-e2e/mobile-impact.spec.ts:20:5 › phone HUD fills the row and every policy has structured, read-only impact help (3.5s)
  ✓  248 [mobile] › tests-e2e/navigation-toggle.spec.ts:31:5 › every selected tab toggles its content without spending a turn and remains keyboard accessible (3.1s)
  ✓  249 [mobile] › tests-e2e/offline-status.spec.ts:11:5 › offline menu uses full width, centers help, and explains installation with a labeled action (3.0s)
  ✓  250 [mobile] › tests-e2e/offline-status.spec.ts:32:5 › install availability updates while readiness stays unchanged and installed apps hide install controls (1.4s)
  ✓  251 [mobile] › tests-e2e/onboarding-results.spec.ts:7:5 › start action shares the Deep End column and stacks on mobile (1.2s)
  ✓  252 [mobile] › tests-e2e/onboarding-results.spec.ts:13:5 › random character persists, mission is shared, action row stays aligned, and compact crew busts have no added frame or background (2.4s)
  ✓  253 [mobile] › tests-e2e/onboarding-results.spec.ts:29:5 › early illness ending matches location and primary player, shows the full scorecard and updates in place (1.7s)
  ✓  247 [mobile] › tests-e2e/navigation-toggle.spec.ts:8:5 › manual Route closes back to the previous screen and never starts travel (14.5s)
  ✓  254 [mobile] › tests-e2e/onboarding-results.spec.ts:44:5 › bottom result actions give visible feedback without a page jump (1.7s)
  ✓  255 [mobile] › tests-e2e/onboarding-results.spec.ts:52:5 › a fatal player care decision reports the death and ends the run here (1.4s)
  ✓  256 [mobile] › tests-e2e/onboarding-results.spec.ts:59:5 › town names omit universal service icons while town actions remain accessible (2.0s)
  ✓  258 [mobile] › tests-e2e/preload.spec.ts:8:5 › first launch waits for every asset, retries failure, and repairs missing cached art before play (3.5s)
  ✓  257 [mobile] › tests-e2e/outcome-reachability.spec.ts:6:5 › outcome exit stays reachable at every scroll position and with a short viewport (6.5s)
  ✓  259 [mobile] › tests-e2e/preload.spec.ts:32:5 › every image is decoded behind the gate and new encounter scenes use only prepared local art (2.0s)
  ✓  260 [mobile] › tests-e2e/pwa.spec.ts:11:5 › all assets, saved play and town scenes work after an offline relaunch (3.7s)
  ✓  262 [mobile] › tests-e2e/scene-flow.spec.ts:10:5 › the top HUD includes travel resources and repair details remain compact (2.1s)
  ✓  261 [mobile] › tests-e2e/pwa.spec.ts:33:5 › a complete remote update loads first and an interrupted update falls back without losing saves (5.8s)
  ✓  263 [mobile] › tests-e2e/scene-flow.spec.ts:24:5 › The Trail is exclusive tab content, keyboard accessible, with equal action widths (2.9s)
  ✓  264 [mobile] › tests-e2e/scene-flow.spec.ts:34:5 › automatic map keeps moving and closes in three seconds without a second click (10.2s)
  ✓  265 [mobile] › tests-e2e/scene-flow.spec.ts:42:5 › automatic map can stay open, survives reload, and resumes with one click (12.1s)
  ✓  267 [mobile] › tests-e2e/scene-flow.spec.ts:58:5 › camp gathering uses cooldown cards, persists and becomes available again (3.0s)
  ✓  268 [mobile] › tests-e2e/scene-flow.spec.ts:66:5 › help preference hides only optional tips, persists offline, and keeps information usable (2.4s)
  ✓  269 [mobile] › tests-e2e/scene-flow.spec.ts:75:5 › critical sanity stays in the stat bar with a bounded pulse and no popup (1.6s)
  ✓  266 [mobile] › tests-e2e/scene-flow.spec.ts:50:5 › manual map stays open and resumed travel stops at the next town (16.5s)
  ✓  271 [mobile] › tests-e2e/scenes.spec.ts:7:5 › encounters have matching settings and never inherit a road backdrop (2.6s)
  ✓  270 [mobile] › tests-e2e/scene-flow.spec.ts:81:5 › a queued crew decision waits for the automatic map without advancing past it (7.6s)
  ✓  273 [mobile] › tests-e2e/scenes.spec.ts:37:5 › menu controls, pointer cursors and help stay inside viewport at either edge (2.4s)
  ✓  274 [mobile] › tests-e2e/second-pass.spec.ts:6:5 › starter allocation is paid, editable, emptyable and persisted (2.3s)
  ✓  272 [mobile] › tests-e2e/scenes.spec.ts:18:5 › regional roads follow route geography, full crew van travels, heat haze and clock are synchronized (5.2s)
  ✓  275 [mobile] › tests-e2e/second-pass.spec.ts:13:5 › ending uses the name of the selected character (1.5s)
  ✓  276 [mobile] › tests-e2e/second-pass.spec.ts:18:5 › cashless breakdown has an escape with explicit costs across midnight (1.6s)
  ✓  278 [mobile] › tests-e2e/second-pass.spec.ts:31:5 › town facts and player and NPC portraits survive reload (2.5s)
  ✓  277 [mobile] › tests-e2e/second-pass.spec.ts:24:5 › foraging and paid town work apply costs and persist their limits (3.5s)
  ✓  279 [mobile] › tests-e2e/second-pass.spec.ts:41:5 › a new political encounter pays cash and exposes its factual hook (2.2s)
  ✓  281 [mobile] › tests-e2e/sharing.spec.ts:12:5 › share dialog restores focus after mouse and keyboard close and releases each image (1.6s)
  ✓  280 [mobile] › tests-e2e/second-pass.spec.ts:51:5 › road and progress elements survive consecutive automatic turns (4.0s)
  ✓  282 [mobile] › tests-e2e/sharing.spec.ts:37:5 › copy and native sharing use the edited post and handle cancellation, failure and handoff (1.6s)
  ✓  283 [mobile] › tests-e2e/sharing.spec.ts:71:5 › unsupported sharing and denied clipboard keep the image and editable post available (1.9s)
  ✓  284 [mobile] › tests-e2e/sharing.spec.ts:88:5 › failed PNG encoding can retry without losing the edited post (2.0s)
  ✓  285 [mobile] › tests-e2e/sharing.spec.ts:104:5 › closing during image preparation releases the completed image without reopening the dialog (2.0s)
  ✓  286 [mobile] › tests-e2e/sharing.spec.ts:126:5 › long player names and Arabic share content stay readable on desktop and phone (2.9s)
  ✓  287 [mobile] › tests-e2e/shopping.spec.ts:17:5 › illustrated outfitting shows every item without filters and supports exact direct purchases (2.3s)
  ✓  288 [mobile] › tests-e2e/shopping.spec.ts:39:5 › quantity entry cannot overspend and clearing a selected item restores its funds (1.6s)
  ✓  290 [mobile] › tests-e2e/shopping.spec.ts:84:5 › shopping remains readable in Arabic and Help & tips never shifts item controls (1.4s)
  ✓  289 [mobile] › tests-e2e/shopping.spec.ts:51:5 › town store shows carried parts, buys once with the shown total, and keeps inventory available (3.4s)
  ✓  292 [mobile] › tests-e2e/states.spec.ts:16:5 › repair consumes a pump and shows the cost (2.1s)
  ✓  291 [mobile] › tests-e2e/states.spec.ts:6:5 › numbered encounter, persistent aftermath, low sanity and visual results (3.5s)
  ✓  293 [mobile] › tests-e2e/states.spec.ts:23:5 › regions, weather details, final vote and terminal reload (4.1s)
  ✓  294 [mobile] › tests-e2e/states.spec.ts:35:5 › route store, one exchange and cooldown recovery (6.3s)
  ✓  295 [mobile] › tests-e2e/stopped-crew.spec.ts:56:5 › paid shift returns to town without moving or spending time (2.8s)
  ✓  296 [mobile] › tests-e2e/stopped-crew.spec.ts:80:5 › stopping displays only present crew outside the van and keeps all readouts in the top HUD (4.0s)
  ✓  297 [mobile] › tests-e2e/turn-history.spec.ts:7:5 › every action in the turn stays on The Trail newest first through navigation and reload (4.8s)
  ✓  298 [mobile] › tests-e2e/turn-history.spec.ts:67:5 › routine travel always has a visible title, including empty and transition-only messages (2.5s)
  ✓  299 [mobile] › tests-e2e/ux-round.spec.ts:6:5 › temporary policy effects explain actual penalties and remain available with tips off (1.8s)
  ✓  301 [mobile] › tests-e2e/ux-round.spec.ts:24:5 › required decisions keep a disabled Resume control and all reference tabs (1.8s)
  ✓  300 [mobile] › tests-e2e/ux-round.spec.ts:13:5 › town inventory, selectable trades and repeat conversations retain the real state (3.5s)
Weather travel fixture [33m4[39m PacificCoast Storm { day: [33m1[39m, weather: [32m'Storm'[39m, supplies: [33m-1[39m, hp: [33m0[39m, sanity: [33m-1[39m }
  ✓  303 [mobile] › tests-e2e/weather.spec.ts:34:5 › weather receipt shows exposure, clear removes stale losses, and help stays in the viewport (1.9s)
  ✓  304 [mobile] › tests-e2e/weather.spec.ts:45:5 › old weather pause checkpoints resume without a weather decision or repeated costs (2.2s)
  ✓  305 [mobile] › tests-e2e/weather.spec.ts:52:5 › weather indicator respects reduced motion and Arabic layout (1.7s)
  ✓  306 [mobile] › tests-e2e/weather.spec.ts:60:5 › travel actions share one compact row and the scene gets the saved space (1.5s)
  ✓  302 [mobile] › tests-e2e/weather.spec.ts:11:5 › weather costs apply during continuous travel, notify inline, and survive reload once (9.1s)
  ✓  308 [mobile] › tests-e2e/writer-catalog.spec.ts:16:7 › complete writer catalog: beltway_briefing (2.5s)
  ✓  307 [mobile] › tests-e2e/weather.spec.ts:79:5 › Fast mode persists, legacy Step saves recover, and toolbar details do not spend a turn (3.8s)
  ✓  309 [mobile] › tests-e2e/writer-catalog.spec.ts:16:7 › complete writer catalog: classic_bridge_crews (2.4s)
  ✓  310 [mobile] › tests-e2e/writer-catalog.spec.ts:16:7 › complete writer catalog: classic_civic_potluck (3.0s)
  ✓  311 [mobile] › tests-e2e/writer-catalog.spec.ts:16:7 › complete writer catalog: classic_crossing_block_party (3.0s)
  ✓  312 [mobile] › tests-e2e/writer-catalog.spec.ts:16:7 › complete writer catalog: classic_freeway_mural (3.0s)
  ✓  313 [mobile] › tests-e2e/writer-catalog.spec.ts:16:7 › complete writer catalog: classic_mail_drop (3.0s)
  ✓  314 [mobile] › tests-e2e/writer-catalog.spec.ts:16:7 › complete writer catalog: classic_media_training (2.4s)
  ✓  315 [mobile] › tests-e2e/writer-catalog.spec.ts:16:7 › complete writer catalog: classic_mutual_aid (2.5s)
  ✓  316 [mobile] › tests-e2e/writer-catalog.spec.ts:16:7 › complete writer catalog: classic_mutual_aid_dispatch (3.0s)
  ✓  317 [mobile] › tests-e2e/writer-catalog.spec.ts:16:7 › complete writer catalog: classic_neighborhood_watch (3.0s)
  ✓  318 [mobile] › tests-e2e/writer-catalog.spec.ts:16:7 › complete writer catalog: classic_overpass_stage (2.4s)
  ✓  319 [mobile] › tests-e2e/writer-catalog.spec.ts:16:7 › complete writer catalog: classic_press_briefing (2.5s)
  ✓  320 [mobile] › tests-e2e/writer-catalog.spec.ts:16:7 › complete writer catalog: classic_press_pool_qna (3.0s)
  ✓  321 [mobile] › tests-e2e/writer-catalog.spec.ts:16:7 › complete writer catalog: classic_radio_phonebank (2.5s)
  ✓  322 [mobile] › tests-e2e/writer-catalog.spec.ts:16:7 › complete writer catalog: classic_service_station (3.0s)
  ✓  323 [mobile] › tests-e2e/writer-catalog.spec.ts:16:7 › complete writer catalog: classic_union_blockade (3.0s)
  ✓  324 [mobile] › tests-e2e/writer-catalog.spec.ts:16:7 › complete writer catalog: classic_water_drive (2.8s)
  ✓  325 [mobile] › tests-e2e/writer-catalog.spec.ts:16:7 › complete writer catalog: deep_circuit_breaker (3.3s)
  ✓  326 [mobile] › tests-e2e/writer-catalog.spec.ts:16:7 › complete writer catalog: deep_field_intel (2.5s)
  ✓  327 [mobile] › tests-e2e/writer-catalog.spec.ts:16:7 › complete writer catalog: deep_grassroots_signal (3.0s)
  ✓  328 [mobile] › tests-e2e/writer-catalog.spec.ts:16:7 › complete writer catalog: deep_media_ambush (3.0s)
  ✓  329 [mobile] › tests-e2e/writer-catalog.spec.ts:16:7 › complete writer catalog: deep_memorandum_dump (3.0s)
  ✓  330 [mobile] › tests-e2e/writer-catalog.spec.ts:16:7 › complete writer catalog: deep_secure_line (2.8s)
  ✓  331 [mobile] › tests-e2e/writer-catalog.spec.ts:16:7 › complete writer catalog: deep_state_dirge (3.0s)
  ✓  332 [mobile] › tests-e2e/writer-catalog.spec.ts:16:7 › complete writer catalog: deep_watch_party (2.5s)
  ✓  334 [mobile] › tests-e2e/writer-catalog.spec.ts:16:7 › complete writer catalog: fundraiser_detour (2.4s)
  ✓  333 [mobile] › tests-e2e/writer-catalog.spec.ts:16:7 › complete writer catalog: deep_watchdog_sync (3.0s)
  ✓  335 [mobile] › tests-e2e/writer-catalog.spec.ts:16:7 › complete writer catalog: raw_milk (2.5s)
  ✓  336 [mobile] › tests-e2e/writer-catalog.spec.ts:16:7 › complete writer catalog: tariff_whiplash (2.5s)
  ✓  338 [mobile] › tests-e2e/writer-catalog.spec.ts:16:7 › complete writer catalog: deep_waystation_boost (2.4s)
  ✓  337 [mobile] › tests-e2e/writer-catalog.spec.ts:16:7 › complete writer catalog: town_hall_drift (3.0s)
  ✓  340 [mobile] › tests-e2e/writer-catalog.spec.ts:16:7 › complete writer catalog: deep_beltway_fastpass (2.4s)
  ✓  339 [mobile] › tests-e2e/writer-catalog.spec.ts:16:7 › complete writer catalog: deep_rustbelt_convoy (2.8s)
  ✓  341 [mobile] › tests-e2e/writer-catalog.spec.ts:16:7 › complete writer catalog: clinic_triage (2.5s)
  ✓  342 [mobile] › tests-e2e/writer-catalog.spec.ts:16:7 › complete writer catalog: overnight_briefing (2.5s)
  ✓  344 [mobile] › tests-e2e/writer-catalog.spec.ts:16:7 › complete writer catalog: sat_corn_bullets (2.5s)
  ✓  343 [mobile] › tests-e2e/writer-catalog.spec.ts:16:7 › complete writer catalog: sat_straw_reserve (3.0s)
  ✓  345 [mobile] › tests-e2e/writer-catalog.spec.ts:16:7 › complete writer catalog: sat_grant_groceries (3.0s)
  ✓  346 [mobile] › tests-e2e/writer-catalog.spec.ts:16:7 › complete writer catalog: sat_cow_citations (3.0s)
  ✓  348 [mobile] › tests-e2e/writer-catalog.spec.ts:16:7 › complete writer catalog: sat_parking_gulf (2.5s)
  ✓  347 [mobile] › tests-e2e/writer-catalog.spec.ts:16:7 › complete writer catalog: sat_forecast_corrected (3.0s)
  ✓  350 [mobile] › tests-e2e/writer-catalog.spec.ts:16:7 › complete writer catalog: sat_tariff_forklift (2.5s)
  ✓  349 [mobile] › tests-e2e/writer-catalog.spec.ts:16:7 › complete writer catalog: sat_library_minimum (3.0s)
  ✓  351 [mobile] › tests-e2e/writer-catalog.spec.ts:16:7 › complete writer catalog: sat_alternator_tariff (3.0s)
  ✓  352 [mobile] › tests-e2e/writer-catalog.spec.ts:16:7 › complete writer catalog: sat_billion_pothole (3.0s)
  ✓  354 [mobile] › tests-e2e/writer-catalog.spec.ts:16:7 › complete writer catalog: sat_press_pool_radio (2.5s)
  ✓  353 [mobile] › tests-e2e/writer-catalog.spec.ts:16:7 › complete writer catalog: sat_bridge_bullets (3.0s)
  ✓  356 [mobile] › tests-e2e/writer-catalog.spec.ts:16:7 › complete writer catalog: sat_museum_grant (2.5s)
  ✓  355 [mobile] › tests-e2e/writer-catalog.spec.ts:16:7 › complete writer catalog: sat_hydration_pressure (3.0s)
  ✓  358 [mobile] › tests-e2e/writer-catalog.spec.ts:16:7 › complete writer catalog: sat_food_shelf (2.5s)
  ✓  357 [mobile] › tests-e2e/writer-catalog.spec.ts:16:7 › complete writer catalog: sat_factcheck_shift (3.0s)
  ✓  360 [mobile] › tests-e2e/writer-catalog.spec.ts:16:7 › complete writer catalog: sat_name_infrastructure (2.5s)
  ✓  359 [mobile] › tests-e2e/writer-catalog.spec.ts:16:7 › complete writer catalog: sat_cabinet_guest (3.0s)
  ✓  362 [mobile] › tests-e2e/writer-catalog.spec.ts:16:7 › complete writer catalog: sat_shower_force (2.5s)
  ✓  361 [mobile] › tests-e2e/writer-catalog.spec.ts:16:7 › complete writer catalog: sat_straw_inspection (3.0s)
  ✓  364 [mobile] › tests-e2e/writer-catalog.spec.ts:16:7 › complete writer catalog: sat_transit_ribbon (2.5s)
  ✓  363 [mobile] › tests-e2e/writer-catalog.spec.ts:16:7 › complete writer catalog: sat_receipt_museum (3.0s)
  ✓  365 [mobile] › tests-e2e/writer-catalog.spec.ts:16:7 › complete writer catalog: sat_weather_desk (2.7s)
  ✓  366 [mobile] › tests-e2e/writer-catalog.spec.ts:16:7 › complete writer catalog: sat_bibliography_emergency (2.5s)
  ✓  367 [mobile] › tests-e2e/writer-catalog.spec.ts:16:7 › complete writer catalog: west_grant_translation (3.0s)
  ✓  368 [mobile] › tests-e2e/writer-catalog.spec.ts:16:7 › complete writer catalog: west_rail_replacement (3.0s)
  ✓  369 [mobile] › tests-e2e/writer-catalog.spec.ts:16:7 › complete writer catalog: west_laboratory_overhead (3.0s)
  ✓  370 [mobile] › tests-e2e/writer-catalog.spec.ts:16:7 › complete writer catalog: west_wind_loyalty (3.0s)
  ✓  371 [mobile] › tests-e2e/writer-catalog.spec.ts:16:7 › complete writer catalog: west_desert_pressure (3.0s)
  ✓  372 [mobile] › tests-e2e/writer-catalog.spec.ts:16:7 › complete writer catalog: west_beef_passports (3.0s)
  ✓  373 [mobile] › tests-e2e/writer-content.spec.ts:11:7 › writer scene sat_alternator_tariff retains its complete copy and exact choice effects offline (3.2s)
  ✓  374 [mobile] › tests-e2e/writer-content.spec.ts:11:7 › writer scene sat_billion_pothole retains its complete copy and exact choice effects offline (3.3s)
  ✓  375 [mobile] › tests-e2e/writer-content.spec.ts:11:7 › writer scene sat_cabinet_guest retains its complete copy and exact choice effects offline (3.2s)
  ✓  376 [mobile] › tests-e2e/writer-locales.spec.ts:11:9 › writer localization it: deep_circuit_breaker remains readable offline (3.6s)
  ✓  378 [mobile] › tests-e2e/writer-locales.spec.ts:11:9 › writer localization it: sat_weather_desk remains readable offline (3.2s)
  ✓  377 [mobile] › tests-e2e/writer-locales.spec.ts:11:9 › writer localization it: deep_secure_line remains readable offline (3.8s)
  ✓  379 [mobile] › tests-e2e/writer-locales.spec.ts:11:9 › writer localization es: deep_circuit_breaker remains readable offline (3.6s)
  ✓  380 [mobile] › tests-e2e/writer-locales.spec.ts:11:9 › writer localization es: deep_secure_line remains readable offline (3.9s)
  ✓  381 [mobile] › tests-e2e/writer-locales.spec.ts:11:9 › writer localization es: sat_weather_desk remains readable offline (3.2s)
  ✓  382 [mobile] › tests-e2e/writer-locales.spec.ts:11:9 › writer localization ar: deep_circuit_breaker remains readable offline (3.6s)
  ✓  383 [mobile] › tests-e2e/writer-locales.spec.ts:11:9 › writer localization ar: deep_secure_line remains readable offline (3.8s)
  ✓  385 [mobile] › tests-e2e/writer-narratives.spec.ts:175:5 › revision 5 source contains all 28 town remarks and 25 named narrative fields (12ms)
  ✓  384 [mobile] › tests-e2e/writer-locales.spec.ts:11:9 › writer localization ar: sat_weather_desk remains readable offline (3.6s)
  ✓  387 [mobile] › tests-e2e/writer-narratives.spec.ts:245:7 › named crew incident: raw milk, with care costs shown before choosing (2.7s)
  ✓  388 [mobile] › tests-e2e/writer-narratives.spec.ts:245:7 › named crew incident: heat warning, with care costs shown before choosing (2.3s)
  ✓  389 [mobile] › tests-e2e/writer-narratives.spec.ts:245:7 › named crew incident: five accomplishments, with care costs shown before choosing (2.3s)
  ✓  386 [mobile] › tests-e2e/writer-narratives.spec.ts:192:5 › all 28 town conversations show their own revised remark and sourced fact offline (8.2s)
  ✓  390 [mobile] › tests-e2e/writer-narratives.spec.ts:245:7 › named crew incident: wellness sample, with care costs shown before choosing (2.7s)
  ✓  391 [mobile] › tests-e2e/writer-narratives.spec.ts:245:7 › named crew incident: renamed detours, with care costs shown before choosing (2.8s)
  ✓  393 [mobile] › tests-e2e/writer-narratives.spec.ts:245:7 › named crew incident: Signal work chat, with care costs shown before choosing (2.3s)
  ✓  392 [mobile] › tests-e2e/writer-narratives.spec.ts:245:7 › named crew incident: tariff invoice, with care costs shown before choosing (2.8s)
  ✓  395 [mobile] › tests-e2e/writer-narratives.spec.ts:269:5 › critical care saves the named companion for the advertised supplies and hour (1.9s)
  ✓  394 [mobile] › tests-e2e/writer-narratives.spec.ts:245:7 › named crew incident: food parcels, with care costs shown before choosing (2.7s)
  ✓  396 [mobile] › tests-e2e/writer-narratives.spec.ts:282:5 › leaving a critically ill companion with the aid team is safe and persists (1.9s)
  ✓  397 [mobile] › tests-e2e/writer-narratives.spec.ts:301:5 › continuing before illness becomes critical leaves the companion unwell (1.4s)
  ✓  399 [mobile] › tests-e2e/writer-narratives.spec.ts:329:5 › the player cannot use companion departure and their fatal choice ends this named journey (1.4s)
  ✓  398 [mobile] › tests-e2e/writer-narratives.spec.ts:314:5 › the explicitly fatal companion choice records death without ending the player journey (1.9s)
  ✓  400 [mobile] › tests-e2e/writer-narratives.spec.ts:348:5 › unaffordable care stays disabled while a safe companion departure remains available (1.9s)
  ✓  401 [mobile] › tests-e2e/writer-narratives.spec.ts:367:7 › outside ally departure 0: Jules is named and the crew is unchanged (3.1s)
  ✓  402 [mobile] › tests-e2e/writer-narratives.spec.ts:367:7 › outside ally departure 1: Kit is named and the crew is unchanged (3.5s)
  ✓  403 [mobile] › tests-e2e/writer-narratives.spec.ts:367:7 › outside ally departure 2: Ari is named and the crew is unchanged (3.5s)
  ✓  404 [mobile] › tests-e2e/writer-narratives.spec.ts:367:7 › outside ally departure 3: Blair is named and the crew is unchanged (3.1s)
  ✓  405 [mobile] › tests-e2e/writer-narratives.spec.ts:367:7 › outside ally departure 4: Casey is named and the crew is unchanged (3.1s)
  ✓  406 [mobile] › tests-e2e/writer-narratives.spec.ts:367:7 › outside ally departure 5: Devon is named and the crew is unchanged (3.1s)

  406 passed (10.9m)
