(node:95138) [DEP0205] DeprecationWarning: `module.register()` is deprecated. Use `module.registerHooks()` instead.
(Use `node --trace-deprecation ...` to show where the warning was created)

Running 44 tests using 2 workers

(node:95159) Warning: The 'NO_COLOR' env is ignored due to the 'FORCE_COLOR' env being set.
(Use `node --trace-warnings ...` to show where the warning was created)
(node:95158) Warning: The 'NO_COLOR' env is ignored due to the 'FORCE_COLOR' env being set.
(Use `node --trace-warnings ...` to show where the warning was created)
(node:95159) [DEP0205] DeprecationWarning: `module.register()` is deprecated. Use `module.registerHooks()` instead.
(node:95158) [DEP0205] DeprecationWarning: `module.register()` is deprecated. Use `module.registerHooks()` instead.
(node:95159) Warning: The 'NO_COLOR' env is ignored due to the 'FORCE_COLOR' env being set.
(Use `node --trace-warnings ...` to show where the warning was created)
(node:95158) Warning: The 'NO_COLOR' env is ignored due to the 'FORCE_COLOR' env being set.
(Use `node --trace-warnings ...` to show where the warning was created)
  ✘   2 [chromium] › tests-e2e/writer-narratives.spec.ts:175:5 › revision 5 source contains all 28 town remarks and 25 named narrative fields (3ms)
(node:95176) Warning: The 'NO_COLOR' env is ignored due to the 'FORCE_COLOR' env being set.
(Use `node --trace-warnings ...` to show where the warning was created)
(node:95176) [DEP0205] DeprecationWarning: `module.register()` is deprecated. Use `module.registerHooks()` instead.
(node:95176) Warning: The 'NO_COLOR' env is ignored due to the 'FORCE_COLOR' env being set.
(Use `node --trace-warnings ...` to show where the warning was created)
  ✘   1 [chromium] › tests-e2e/writer-narratives.spec.ts:188:5 › all 28 town conversations show their own revised remark and sourced fact offline (2.8s)
(node:95325) Warning: The 'NO_COLOR' env is ignored due to the 'FORCE_COLOR' env being set.
(Use `node --trace-warnings ...` to show where the warning was created)
  ✓   3 [chromium] › tests-e2e/writer-narratives.spec.ts:239:7 › named crew incident: raw milk, with care costs shown before choosing (2.8s)
(node:95325) [DEP0205] DeprecationWarning: `module.register()` is deprecated. Use `module.registerHooks()` instead.
(node:95325) Warning: The 'NO_COLOR' env is ignored due to the 'FORCE_COLOR' env being set.
(Use `node --trace-warnings ...` to show where the warning was created)
  ✓   4 [chromium] › tests-e2e/writer-narratives.spec.ts:239:7 › named crew incident: five accomplishments, with care costs shown before choosing (2.7s)
  ✓   5 [chromium] › tests-e2e/writer-narratives.spec.ts:239:7 › named crew incident: heat warning, with care costs shown before choosing (2.4s)
  ✓   6 [chromium] › tests-e2e/writer-narratives.spec.ts:239:7 › named crew incident: wellness sample, with care costs shown before choosing (2.8s)
  ✓   7 [chromium] › tests-e2e/writer-narratives.spec.ts:239:7 › named crew incident: renamed detours, with care costs shown before choosing (2.8s)
  ✓   8 [chromium] › tests-e2e/writer-narratives.spec.ts:239:7 › named crew incident: tariff invoice, with care costs shown before choosing (2.8s)
  ✓   9 [chromium] › tests-e2e/writer-narratives.spec.ts:239:7 › named crew incident: Signal work chat, with care costs shown before choosing (2.8s)
  ✓  11 [chromium] › tests-e2e/writer-narratives.spec.ts:263:5 › critical care saves the named companion for the advertised supplies and hour (1.9s)
  ✓  10 [chromium] › tests-e2e/writer-narratives.spec.ts:239:7 › named crew incident: food parcels, with care costs shown before choosing (2.8s)
  ✓  12 [chromium] › tests-e2e/writer-narratives.spec.ts:276:5 › leaving a critically ill companion with the aid team is safe and persists (1.9s)
  ✓  13 [chromium] › tests-e2e/writer-narratives.spec.ts:295:5 › continuing before illness becomes critical leaves the companion unwell (1.4s)
  ✓  15 [chromium] › tests-e2e/writer-narratives.spec.ts:323:5 › the player cannot use companion departure and their fatal choice ends this named journey (1.4s)
  ✓  14 [chromium] › tests-e2e/writer-narratives.spec.ts:308:5 › the explicitly fatal companion choice records death without ending the player journey (1.9s)
  ✓  16 [chromium] › tests-e2e/writer-narratives.spec.ts:342:5 › unaffordable care stays disabled while a safe companion departure remains available (1.9s)
  ✓  17 [chromium] › tests-e2e/writer-narratives.spec.ts:361:7 › outside ally departure 0: Jules is named and the crew is unchanged (3.5s)
  ✓  18 [chromium] › tests-e2e/writer-narratives.spec.ts:361:7 › outside ally departure 1: Kit is named and the crew is unchanged (3.5s)
  ✓  19 [chromium] › tests-e2e/writer-narratives.spec.ts:361:7 › outside ally departure 2: Ari is named and the crew is unchanged (3.5s)
  ✓  20 [chromium] › tests-e2e/writer-narratives.spec.ts:361:7 › outside ally departure 3: Blair is named and the crew is unchanged (3.5s)
  ✓  21 [chromium] › tests-e2e/writer-narratives.spec.ts:361:7 › outside ally departure 4: Casey is named and the crew is unchanged (3.5s)
(node:95605) Warning: The 'NO_COLOR' env is ignored due to the 'FORCE_COLOR' env being set.
(Use `node --trace-warnings ...` to show where the warning was created)
(node:95605) [DEP0205] DeprecationWarning: `module.register()` is deprecated. Use `module.registerHooks()` instead.
(node:95605) Warning: The 'NO_COLOR' env is ignored due to the 'FORCE_COLOR' env being set.
(Use `node --trace-warnings ...` to show where the warning was created)
  ✘  23 [mobile] › tests-e2e/writer-narratives.spec.ts:175:5 › revision 5 source contains all 28 town remarks and 25 named narrative fields (3ms)
[31mTesting stopped early after 3 maximum allowed failures.[39m
  ✘  22 [chromium] › tests-e2e/writer-narratives.spec.ts:361:7 › outside ally departure 5: Devon is named and the crew is unchanged (2.2s)


  1) [chromium] › tests-e2e/writer-narratives.spec.ts:175:5 › revision 5 source contains all 28 town remarks and 25 named narrative fields 

    Error: [2mexpect([22m[31mreceived[39m[2m).[22mtoEqual[2m([22m[32mexpected[39m[2m) // deep equality[22m

    [32m- Expected  -  0[39m
    [31m+ Received  + 23[39m

    [2m  Array [[22m
    [31m+   "Albuquerque",[39m
    [31m+   "Amarillo",[39m
    [2m    "Austin",[22m
    [31m+   "Billings",[39m
    [31m+   "Boise",[39m
    [31m+   "Cheyenne",[39m
    [2m    "Chicago",[22m
    [2m    "Cleveland",[22m
    [2m    "Columbia",[22m
    [2m    "Cumberland",[22m
    [2m    "D.C.",[22m
    [2m    "Dallas",[22m
    [2m    "Denver",[22m
    [2m    "Des Moines",[22m
    [31m+   "El Paso",[39m
    [31m+   "Flagstaff",[39m
    [2m    "Frederick",[22m
    [2m    "Hagerstown",[22m
    [2m    "Iowa City",[22m
    [2m    "Joplin",[22m
    [2m    "Kansas City",[22m
    [2m    "La Crosse",[22m
    [31m+   "Las Vegas",[39m
    [31m+   "Los Angeles",[39m
    [2m    "Madison",[22m
    [2m    "Minneapolis",[22m
    [31m+   "Missoula",[39m
    [2m    "North Platte",[22m
    [2m    "Oklahoma City",[22m
    [2m    "Omaha",[22m
    [31m+   "Phoenix",[39m
    [2m    "Pittsburgh",[22m
    [31m+   "Portland",[39m
    [31m+   "Rapid City",[39m
    [31m+   "Reno",[39m
    [31m+   "Sacramento",[39m
    [31m+   "Salt Lake City",[39m
    [31m+   "San Antonio",[39m
    [31m+   "San Diego",[39m
    [31m+   "San Francisco",[39m
    [31m+   "Seattle",[39m
    [31m+   "Sioux Falls",[39m
    [2m    "South Bend",[22m
    [31m+   "Spokane",[39m
    [2m    "Springfield, IL",[22m
    [2m    "Springfield, MO",[22m
    [2m    "St. Louis",[22m
    [2m    "Toledo",[22m
    [31m+   "Tucson",[39m
    [2m    "Tulsa",[22m
    [2m    "Waco",[22m
    [2m  ][22m

      176 |   expect(Object.keys(reviewed.town_comments)).toHaveLength(28);
      177 |   expect(Object.keys(reviewed.locale_copy)).toHaveLength(25);
    > 178 |   expect(townFacts.map(fact => fact.town).sort()).toEqual(Object.keys(reviewed.town_comments).sort());
          |                                                   ^
      179 |   for (const fact of townFacts) {
      180 |     expect(fact.comment.en, fact.town).toBe(reviewed.town_comments[fact.town]);
      181 |   }
        at /Users/vanna/Source/Dystrail/dystrail-web/tests-e2e/writer-narratives.spec.ts:178:51

  2) [chromium] › tests-e2e/writer-narratives.spec.ts:188:5 › all 28 town conversations show their own revised remark and sourced fact offline › Minneapolis 

    Error: [2mexpect([22m[31mreceived[39m[2m).[22mtoBe[2m([22m[32mexpected[39m[2m) // Object.is equality[22m

    Expected: [32m1417.3155564076185[39m
    Received: [31m1417.3156[39m

      156 |   expect(after.clock_minutes).toBe(before.clock_minutes + minutes);
      157 |   expect(after.driving_minutes_total).toBe(before.driving_minutes_total);
    > 158 |   expect(after.miles_traveled_actual).toBe(before.miles_traveled_actual);
          |                                       ^
      159 | }
      160 |
      161 | async function expectCareOutcome(page: Page, before: any, persona: string, name: string, key: string) {
        at expectStationaryCost (/Users/vanna/Source/Dystrail/dystrail-web/tests-e2e/writer-narratives.spec.ts:158:39)
        at /Users/vanna/Source/Dystrail/dystrail-web/tests-e2e/writer-narratives.spec.ts:216:7
        at /Users/vanna/Source/Dystrail/dystrail-web/tests-e2e/writer-narratives.spec.ts:195:5

    Error Context: ../../../../../tmp/dystrail-writer-narratives-27/writer-narratives-all-28-t-1e55c-rk-and-sourced-fact-offline-chromium/error-context.md

  3) [mobile] › tests-e2e/writer-narratives.spec.ts:175:5 › revision 5 source contains all 28 town remarks and 25 named narrative fields 

    Error: [2mexpect([22m[31mreceived[39m[2m).[22mtoEqual[2m([22m[32mexpected[39m[2m) // deep equality[22m

    [32m- Expected  -  0[39m
    [31m+ Received  + 23[39m

    [2m  Array [[22m
    [31m+   "Albuquerque",[39m
    [31m+   "Amarillo",[39m
    [2m    "Austin",[22m
    [31m+   "Billings",[39m
    [31m+   "Boise",[39m
    [31m+   "Cheyenne",[39m
    [2m    "Chicago",[22m
    [2m    "Cleveland",[22m
    [2m    "Columbia",[22m
    [2m    "Cumberland",[22m
    [2m    "D.C.",[22m
    [2m    "Dallas",[22m
    [2m    "Denver",[22m
    [2m    "Des Moines",[22m
    [31m+   "El Paso",[39m
    [31m+   "Flagstaff",[39m
    [2m    "Frederick",[22m
    [2m    "Hagerstown",[22m
    [2m    "Iowa City",[22m
    [2m    "Joplin",[22m
    [2m    "Kansas City",[22m
    [2m    "La Crosse",[22m
    [31m+   "Las Vegas",[39m
    [31m+   "Los Angeles",[39m
    [2m    "Madison",[22m
    [2m    "Minneapolis",[22m
    [31m+   "Missoula",[39m
    [2m    "North Platte",[22m
    [2m    "Oklahoma City",[22m
    [2m    "Omaha",[22m
    [31m+   "Phoenix",[39m
    [2m    "Pittsburgh",[22m
    [31m+   "Portland",[39m
    [31m+   "Rapid City",[39m
    [31m+   "Reno",[39m
    [31m+   "Sacramento",[39m
    [31m+   "Salt Lake City",[39m
    [31m+   "San Antonio",[39m
    [31m+   "San Diego",[39m
    [31m+   "San Francisco",[39m
    [31m+   "Seattle",[39m
    [31m+   "Sioux Falls",[39m
    [2m    "South Bend",[22m
    [31m+   "Spokane",[39m
    [2m    "Springfield, IL",[22m
    [2m    "Springfield, MO",[22m
    [2m    "St. Louis",[22m
    [2m    "Toledo",[22m
    [31m+   "Tucson",[39m
    [2m    "Tulsa",[22m
    [2m    "Waco",[22m
    [2m  ][22m

      176 |   expect(Object.keys(reviewed.town_comments)).toHaveLength(28);
      177 |   expect(Object.keys(reviewed.locale_copy)).toHaveLength(25);
    > 178 |   expect(townFacts.map(fact => fact.town).sort()).toEqual(Object.keys(reviewed.town_comments).sort());
          |                                                   ^
      179 |   for (const fact of townFacts) {
      180 |     expect(fact.comment.en, fact.town).toBe(reviewed.town_comments[fact.town]);
      181 |   }
        at /Users/vanna/Source/Dystrail/dystrail-web/tests-e2e/writer-narratives.spec.ts:178:51

  3 failed
    [chromium] › tests-e2e/writer-narratives.spec.ts:175:5 › revision 5 source contains all 28 town remarks and 25 named narrative fields 
    [chromium] › tests-e2e/writer-narratives.spec.ts:188:5 › all 28 town conversations show their own revised remark and sourced fact offline 
    [mobile] › tests-e2e/writer-narratives.spec.ts:175:5 › revision 5 source contains all 28 town remarks and 25 named narrative fields 
  1 interrupted
    [chromium] › tests-e2e/writer-narratives.spec.ts:361:7 › outside ally departure 5: Devon is named and the crew is unchanged 
  21 did not run
  19 passed (28.6s)
  1 error was not a part of any test, see above for details
