   Compiling proc-macro2 v1.0.103
   Compiling quote v1.0.42
   Compiling unicode-ident v1.0.22
   Compiling libc v0.2.178
   Compiling serde_core v1.0.228
   Compiling serde v1.0.228
   Compiling cfg-if v1.0.4
   Compiling stable_deref_trait v1.2.1
   Compiling find-msvc-tools v0.1.5
   Compiling shlex v1.3.0
   Compiling pin-project-lite v0.2.16
   Compiling bytes v1.12.1
   Compiling parking_lot_core v0.9.12
   Compiling fs_extra v1.3.0
   Compiling dunce v1.0.5
   Compiling pkg-config v0.3.34
   Compiling futures-core v0.3.31
   Compiling scopeguard v1.2.0
   Compiling lock_api v0.4.14
   Compiling itoa v1.0.15
   Compiling writeable v0.6.2
   Compiling litemap v0.8.1
   Compiling subtle v2.6.1
   Compiling memchr v2.7.6
   Compiling aws-lc-rs v1.18.1
   Compiling icu_properties_data v2.1.1
   Compiling zeroize v1.8.2
   Compiling typenum v1.19.0
   Compiling icu_normalizer_data v2.1.1
   Compiling version_check v0.9.5
   Compiling once_cell v1.21.3
   Compiling core-foundation-sys v0.8.7
   Compiling pin-utils v0.1.0
   Compiling rustls-pki-types v1.13.1
   Compiling rustls v0.23.35
   Compiling untrusted v0.9.0
   Compiling slab v0.4.11
   Compiling httparse v1.10.1
   Compiling generic-array v0.14.7
   Compiling futures-task v0.3.31
   Compiling http v1.4.0
   Compiling percent-encoding v2.3.2
   Compiling futures-util v0.3.31
   Compiling aho-corasick v1.1.4
   Compiling zerocopy v0.8.31
   Compiling regex-syntax v0.8.8
   Compiling try-lock v0.2.5
   Compiling tower-service v0.3.3
   Compiling want v0.3.1
   Compiling http-body v1.0.1
   Compiling tracing-core v0.1.35
   Compiling futures-channel v0.3.31
   Compiling utf8_iter v1.0.4
   Compiling serde_json v1.0.145
   Compiling utf8parse v0.2.2
   Compiling log v0.4.29
   Compiling autocfg v1.5.0
   Compiling equivalent v1.0.2
   Compiling hashbrown v0.16.1
   Compiling atomic-waker v1.1.2
   Compiling bitflags v2.13.2
   Compiling regex-automata v0.4.13
   Compiling num-traits v0.2.19
   Compiling syn v2.0.111
   Compiling anstyle-parse v0.2.7
   Compiling form_urlencoded v1.2.2
   Compiling sync_wrapper v1.0.2
   Compiling indexmap v2.12.1
   Compiling base64 v0.22.1
   Compiling colorchoice v1.0.4
   Compiling thiserror v2.0.17
   Compiling anstyle-query v1.1.5
   Compiling anstyle v1.0.13
   Compiling tower-layer v0.3.3
   Compiling ryu v1.0.20
   Compiling is_terminal_polyfill v1.70.2
   Compiling ipnet v2.11.0
   Compiling anstream v0.6.21
   Compiling futures-sink v0.3.31
   Compiling anyhow v1.0.104
   Compiling unicode-xid v0.2.6
   Compiling const_format_proc_macros v0.2.34
   Compiling http-body-util v0.1.3
   Compiling regex v1.12.2
   Compiling base64 v0.23.1
   Compiling strsim v0.11.1
   Compiling clap_lex v0.7.6
   Compiling synstructure v0.13.2
   Compiling heck v0.5.0
   Compiling clap_builder v4.5.53
   Compiling env_filter v0.1.4
   Compiling stringmatch v0.4.0
   Compiling const_format v0.2.35
   Compiling iana-time-zone v0.1.64
   Compiling arc-swap v1.7.1
   Compiling jobserver v0.1.35
   Compiling socket2 v0.6.1
   Compiling signal-hook-registry v1.4.7
   Compiling mio v1.1.1
   Compiling cc v1.2.49
   Compiling serde_derive v1.0.228
   Compiling zerofrom-derive v0.1.6
   Compiling yoke-derive v0.8.1
   Compiling zerovec-derive v0.11.2
   Compiling cmake v0.1.58
   Compiling zerofrom v0.1.6
   Compiling displaydoc v0.2.5
   Compiling aws-lc-sys v0.45.0
   Compiling tokio-macros v2.6.0
   Compiling tracing-attributes v0.1.31
   Compiling security-framework-sys v2.17.0
   Compiling getrandom v0.2.16
   Compiling core-foundation v0.10.1
   Compiling rand_core v0.6.4
   Compiling security-framework v3.7.0
   Compiling thiserror-impl v2.0.17
   Compiling cpufeatures v0.2.17
   Compiling tracing v0.1.43
   Compiling serde_repr v0.1.20
   Compiling thirtyfour-macros v0.3.0
   Compiling async-trait v0.1.89
   Compiling clap_derive v4.5.49
   Compiling pastey v0.2.3
   Compiling jiff v0.2.16
   Compiling twox-hash v2.1.2
   Compiling clap v4.5.53
   Compiling colored v3.0.0
   Compiling env_logger v0.11.8
   Compiling crypto-common v0.1.7
   Compiling block-buffer v0.10.4
   Compiling digest v0.10.7
   Compiling hmac v0.12.1
   Compiling sha2 v0.10.9
   Compiling ppv-lite86 v0.2.21
   Compiling rand_chacha v0.3.1
   Compiling rand v0.8.8
   Compiling chrono v0.4.42
   Compiling yoke v0.8.1
   Compiling smallvec v1.15.1
   Compiling parking_lot v0.12.5
   Compiling tokio v1.48.0
   Compiling dystrail-game v0.1.0 (/tmp/dystrail-hearing-baseline/dystrail-game)
   Compiling zerovec v0.11.5
   Compiling zerotrie v0.2.3
   Compiling tinystr v0.8.2
   Compiling potential_utf v0.1.4
   Compiling icu_collections v2.1.1
   Compiling icu_locale_core v2.1.1
   Compiling icu_provider v2.1.1
   Compiling icu_normalizer v2.1.1
   Compiling icu_properties v2.1.1
   Compiling idna_adapter v1.2.1
   Compiling idna v1.1.0
   Compiling hyper v1.8.1
   Compiling tower v0.5.2
   Compiling tokio-util v0.7.19
   Compiling url v2.5.7
   Compiling tokio-stream v0.1.19
   Compiling hyper-util v0.1.19
   Compiling tower-http v0.6.11
   Compiling rustls-webpki v0.103.15
   Compiling tokio-rustls v0.26.4
   Compiling rustls-platform-verifier v0.7.0
   Compiling hyper-rustls v0.27.7
   Compiling reqwest v0.13.5
   Compiling thirtyfour v0.37.5
   Compiling dystrail-tester v0.10.0 (/tmp/dystrail-hearing-baseline/dystrail-tester)
    Finished `release` profile [optimized] target(s) in 27.23s
     Running `/tmp/dystrail-hearing-baseline-target/release/dystrail-tester --mode logic --scenarios real-game --iterations 1000 --report console`
🎮 Dystrail Automated Tester
================================
🧠 Running Logic Tests
------------------------------
WARN: Deep - Balanced seed DP-ORANGE02 travel ratio 91.3% < 92.0%
WARN: Deep - Balanced seed DP-ORANGE02 travel ratio 91.3% < 92.0%
WARN: Deep - Balanced seed DP-ORANGE02 travel ratio 91.3% < 92.0%
WARN: Deep - Aggressive seed DP-ORANGE02 travel ratio 91.3% < 92.0%
WARN: Deep Aggressive seed DP-ORANGE02 failed to reach the boss
WARN: Deep - Aggressive seed DP-ORANGE02 travel ratio 90.9% < 92.0%
WARN: Deep - Aggressive seed DP-ORANGE02 travel ratio 90.9% < 92.0%
WARN: Deep Aggressive seed DP-BARRON03 failed to reach the boss
WARN: Deep Aggressive seed DP-ORANGE03 failed to reach the boss
WARN: Deep Aggressive seed DP-ORANGE03 failed to reach the boss
WARN: Deep Aggressive seed DP-ORANGE03 failed to reach the boss
WARN: Deep - Resource Manager seed DP-ORANGE02 travel ratio 91.7% < 92.0%
WARN: Deep - Resource Manager seed DP-ORANGE02 travel ratio 91.7% < 92.0%
WARN: Deep - Resource Manager seed DP-ORANGE02 travel ratio 91.3% < 92.0%
WARN: Classic - Aggressive average endgame cooldown 0.02 days remaining
WARN: Classic - Balanced average endgame cooldown 0.02 days remaining
WARN: Classic - Conservative average endgame cooldown 0.02 days remaining
WARN: Classic - Resource Manager average endgame cooldown 0.01 days remaining
WARN: Deep - Aggressive field repair only triggered 0.0% of runs
WARN: Deep - Aggressive average endgame cooldown 0.01 days remaining
WARN: Deep - Balanced average endgame cooldown 0.01 days remaining
WARN: Deep - Conservative average endgame cooldown 0.01 days remaining
WARN: Deep - Resource Manager average endgame cooldown 0.01 days remaining

📊 Logic Test Results Summary
==============================
Total scenarios: 1
Passed: 1
Failed: 0
Success rate: 100.0%
Total time: 41.659653542s

✅ PASS Real Game Test
   Iterations: 1000/1000 successful
   Average time: 4.147443ms

⚡ Performance Summary
=====================
Fastest: Real Game Test (4.147443ms)
Slowest: Real Game Test (4.147443ms)

📈 Playability Summary
======================
• Classic - Aggressive (Classic/Aggressive) | n=1000 | days 22.2±1.3 | miles 2090.4±82.6 | travel 98.4% (min 90.9%) | unique/20 6.54 (min 4.00) | ≥2k@150 98.1% | rotations 5.7 | boss reach 98.1% | boss win 33.8%
   crossings: events 3.0 | permit 0.0% | bribes 2.88 (succ 84.0%) | detours 0.48 | fail 0.6%
• Classic - Balanced (Classic/Balanced) | n=1000 | days 19.3±5.3 | miles 2087.2±432.0 | travel 98.1% (min 90.0%) | unique/20 6.04 (min 3.00) | ≥2k@150 67.9% | rotations 5.2 | boss reach 34.6% | boss win 20.7%
   crossings: events 2.8 | permit 0.0% | bribes 2.81 (succ 75.3%) | detours 0.38 | fail 11.4%
• Classic - Conservative (Classic/Conservative) | n=1000 | days 25.4±0.7 | miles 2097.8±20.9 | travel 98.7% (min 92.3%) | unique/20 6.48 (min 5.38) | ≥2k@150 98.9% | rotations 6.7 | boss reach 98.9% | boss win 31.9%
   crossings: events 3.0 | permit 0.0% | bribes 3.00 (succ 84.0%) | detours 0.47 | fail 0.4%
• Classic - Resource Manager (Classic/ResourceManager) | n=1000 | days 22.5±0.5 | miles 2100.0±0.0 | travel 98.4% (min 91.3%) | unique/20 6.39 (min 5.00) | ≥2k@150 100.0% | rotations 5.7 | boss reach 100.0% | boss win 29.1%
   crossings: events 3.0 | permit 0.0% | bribes 3.00 (succ 82.3%) | detours 0.53 | fail 0.0%
• Deep - Aggressive (Deep/Aggressive) | n=1000 | days 21.3±1.1 | miles 2060.0±72.9 | travel 98.4% (min 90.9%) | unique/20 6.74 (min 4.00) | ≥2k@150 99.2% | rotations 5.7 | boss reach 99.2% | boss win 99.2%
   crossings: events 3.0 | permit 0.0% | bribes 2.89 (succ 88.0%) | detours 0.36 | fail 0.3%
• Deep - Balanced (Deep/Balanced) | n=1000 | days 19.4±5.3 | miles 2083.0±429.2 | travel 97.5% (min 90.0%) | unique/20 5.98 (min 3.00) | ≥2k@150 67.9% | rotations 5.2 | boss reach 9.8% | boss win 3.4%
   crossings: events 2.8 | permit 0.0% | bribes 2.81 (succ 75.3%) | detours 0.38 | fail 11.4%
• Deep - Conservative (Deep/Conservative) | n=1000 | days 25.4±0.5 | miles 2100.0±0.0 | travel 98.8% (min 92.3%) | unique/20 6.51 (min 5.38) | ≥2k@150 100.0% | rotations 7.3 | boss reach 100.0% | boss win 31.7%
   crossings: events 3.0 | permit 0.0% | bribes 3.00 (succ 87.9%) | detours 0.36 | fail 0.0%
• Deep - Resource Manager (Deep/ResourceManager) | n=1000 | days 22.5±0.6 | miles 2100.0±0.0 | travel 98.4% (min 91.3%) | unique/20 6.34 (min 5.00) | ≥2k@150 100.0% | rotations 5.7 | boss reach 100.0% | boss win 29.1%
   crossings: events 3.0 | permit 0.0% | bribes 3.00 (succ 82.3%) | detours 0.53 | fail 0.0%

🏁 Total time: 41.659686959s
WARN: Classic Aggressive survival 99.1% exceeds Balanced upper band
WARN: Deep - Balanced boss reach 9.8% below 15% deep lower bound
WARN: Deep - Balanced boss win 3.4% below 10% deep lower bound
WARN: Deep - Conservative boss reach 100.0% exceeds 75% deep upper bound
WARN: Deep - Aggressive boss reach 99.2% exceeds 75% deep upper bound
WARN: Deep - Aggressive boss win 99.2% exceeds 52% deep upper bound
WARN: Deep - Aggressive terminal crossing rate 0.3% below 8% deep lower band
WARN: Deep - Conservative terminal crossing rate 0.0% below 8% deep lower band
WARN: Deep - Resource Manager terminal crossing rate 0.0% below 8% deep lower band
