(node:85830) [DEP0205] DeprecationWarning: `module.register()` is deprecated. Use `module.registerHooks()` instead.
(Use `node --trace-deprecation ...` to show where the warning was created)

Running 26 tests using 2 workers

(node:85847) Warning: The 'NO_COLOR' env is ignored due to the 'FORCE_COLOR' env being set.
(Use `node --trace-warnings ...` to show where the warning was created)
(node:85846) Warning: The 'NO_COLOR' env is ignored due to the 'FORCE_COLOR' env being set.
(Use `node --trace-warnings ...` to show where the warning was created)
(node:85847) [DEP0205] DeprecationWarning: `module.register()` is deprecated. Use `module.registerHooks()` instead.
(node:85846) [DEP0205] DeprecationWarning: `module.register()` is deprecated. Use `module.registerHooks()` instead.
(node:85847) Warning: The 'NO_COLOR' env is ignored due to the 'FORCE_COLOR' env being set.
(Use `node --trace-warnings ...` to show where the warning was created)
(node:85846) Warning: The 'NO_COLOR' env is ignored due to the 'FORCE_COLOR' env being set.
(Use `node --trace-warnings ...` to show where the warning was created)
  ✓   1 [chromium] › tests-e2e/hearing.spec.ts:23:5 › arrival, once-only resolution and skipped verdict recover unchanged (5.3s)
  ✓   2 [chromium] › tests-e2e/hearing.spec.ts:47:5 › three staged rounds reveal past costs and recover at every hold (10.1s)
  ✓   4 [chromium] › tests-e2e/hearing.spec.ts:81:5 › reduced motion, guaranteed approval and legacy results preserve outcomes (2.6s)
  ✓   3 [chromium] › tests-e2e/hearing.spec.ts:63:5 › short hearings, failed vote, secured victory and exhaustion have distinct endings (9.7s)
  ✓   6 [chromium] › tests-e2e/hearing.spec.ts:118:6 › hearing it remains legible and resumes offline (2.3s)
  ✓   7 [chromium] › tests-e2e/hearing.spec.ts:118:6 › hearing es remains legible and resumes offline (2.3s)
  ✓   8 [chromium] › tests-e2e/hearing.spec.ts:118:6 › hearing ar remains legible and resumes offline (2.3s)
  ✓   5 [chromium] › tests-e2e/hearing.spec.ts:93:5 › rest returns to preparation; manual saves and modal pauses preserve committed questioning (11.1s)
  ✓  10 [chromium] › tests-e2e/states.spec.ts:6:5 › numbered encounter, persistent aftermath, low sanity and visual results (2.8s)
  ✓  11 [chromium] › tests-e2e/states.spec.ts:16:5 › repair consumes a pump and shows the cost (1.6s)
  ✓  12 [chromium] › tests-e2e/states.spec.ts:23:5 › regions, weather details, final vote and terminal reload (5.9s)
  ✓  13 [chromium] › tests-e2e/states.spec.ts:35:5 › route store, one exchange and cooldown recovery (4.4s)
(node:86283) Warning: The 'NO_COLOR' env is ignored due to the 'FORCE_COLOR' env being set.
(Use `node --trace-warnings ...` to show where the warning was created)
(node:86283) [DEP0205] DeprecationWarning: `module.register()` is deprecated. Use `module.registerHooks()` instead.
(node:86283) Warning: The 'NO_COLOR' env is ignored due to the 'FORCE_COLOR' env being set.
(Use `node --trace-warnings ...` to show where the warning was created)
  ✓  14 [mobile] › tests-e2e/hearing.spec.ts:23:5 › arrival, once-only resolution and skipped verdict recover unchanged (3.2s)
  ✓  15 [mobile] › tests-e2e/hearing.spec.ts:47:5 › three staged rounds reveal past costs and recover at every hold (9.8s)
  ✘   9 [chromium] › tests-e2e/hearing.spec.ts:132:5 › policy preparation and rounded vote cutoffs are explained accurately (9.6s)
  ✓  16 [mobile] › tests-e2e/hearing.spec.ts:63:5 › short hearings, failed vote, secured victory and exhaustion have distinct endings (9.5s)
(node:86509) Warning: The 'NO_COLOR' env is ignored due to the 'FORCE_COLOR' env being set.
(Use `node --trace-warnings ...` to show where the warning was created)
(node:86509) [DEP0205] DeprecationWarning: `module.register()` is deprecated. Use `module.registerHooks()` instead.
(node:86509) Warning: The 'NO_COLOR' env is ignored due to the 'FORCE_COLOR' env being set.
(Use `node --trace-warnings ...` to show where the warning was created)
  ✓  18 [mobile] › tests-e2e/hearing.spec.ts:81:5 › reduced motion, guaranteed approval and legacy results preserve outcomes (2.6s)
  ✓  19 [mobile] › tests-e2e/hearing.spec.ts:118:6 › hearing it remains legible and resumes offline (2.3s)
  ✓  20 [mobile] › tests-e2e/hearing.spec.ts:118:6 › hearing es remains legible and resumes offline (2.3s)
  ✓  21 [mobile] › tests-e2e/hearing.spec.ts:118:6 › hearing ar remains legible and resumes offline (2.3s)
  ✓  17 [mobile] › tests-e2e/hearing.spec.ts:93:5 › rest returns to preparation; manual saves and modal pauses preserve committed questioning (11.1s)
  ✓  23 [mobile] › tests-e2e/states.spec.ts:6:5 › numbered encounter, persistent aftermath, low sanity and visual results (3.2s)
  ✓  24 [mobile] › tests-e2e/states.spec.ts:16:5 › repair consumes a pump and shows the cost (1.6s)
  ✓  25 [mobile] › tests-e2e/states.spec.ts:23:5 › regions, weather details, final vote and terminal reload (5.6s)
  ✓  26 [mobile] › tests-e2e/states.spec.ts:35:5 › route store, one exchange and cooldown recovery (4.4s)
  ✘  22 [mobile] › tests-e2e/hearing.spec.ts:132:5 › policy preparation and rounded vote cutoffs are explained accurately (9.6s)


  1) [chromium] › tests-e2e/hearing.spec.ts:132:5 › policy preparation and rounded vote cutoffs are explained accurately 

    Error: [2mexpect([22m[31mlocator[39m[2m).[22mtoContainText[2m([22m[32mexpected[39m[2m)[22m failed

    Locator: locator('.hearing-preparation-cost')
    Expected substring: [32m"$20.00"[39m
    Received string:    [31m"When you begin, preparing the crew uses $20. Sanity 2 → 3. The forecast includes this preparation."[39m
    Timeout: 5000ms

    Call log:
    [2m  - Expect "toContainText" with timeout 5000ms[22m
    [2m  - waiting for locator('.hearing-preparation-cost')[22m
    [2m    9 × locator resolved to <p class="hearing-preparation-cost">When you begin, preparing the crew uses $20. Sani…</p>[22m
    [2m      - unexpected value "When you begin, preparing the crew uses $20. Sanity 2 → 3. The forecast includes this preparation."[22m


      134 |  for(const sample of [{supplies:4,cash:2000,cost:'4 Supplies'}, {supplies:3,cash:2000,cost:'$20.00'}]){
      135 |   const state=arrival(structuredClone(base),2);state.policy='aggressive';state.boss.presentation='Preparation';state.stats.supplies=sample.supplies;state.budget_cents=sample.cash;
    > 136 |   await importState(page,state);await expect(page.locator('.hearing-preparation-cost')).toContainText(sample.cost);await expect(page.locator('.hearing-preparation-cost')).toContainText('2 → 3');
          |                                                                                         ^
      137 |   await expect(page.locator('.hearing-brief')).toContainText('50%');
      138 |   if(sample.supplies===4)writeFileSync(test.info().outputPath('policy-preparation-checkpoint.json'),JSON.stringify(await checkpoint(page),null,2));
      139 |   expect((await checkpoint(page)).state.stats.sanity).toBe(2);expect((await checkpoint(page)).state.budget_cents).toBe(sample.cash);
        at /Users/vanna/Source/Dystrail/dystrail-web/tests-e2e/hearing.spec.ts:136:89

    [31mTest timeout of 30000ms exceeded.[39m

    Error Context: test-results/hearing-policy-preparation-fe525-fs-are-explained-accurately-chromium/error-context.md

  2) [mobile] › tests-e2e/hearing.spec.ts:132:5 › policy preparation and rounded vote cutoffs are explained accurately 

    Error: [2mexpect([22m[31mlocator[39m[2m).[22mtoContainText[2m([22m[32mexpected[39m[2m)[22m failed

    Locator: locator('.hearing-preparation-cost')
    Expected substring: [32m"$20.00"[39m
    Received string:    [31m"When you begin, preparing the crew uses $20. Sanity 2 → 3. The forecast includes this preparation."[39m
    Timeout: 5000ms

    Call log:
    [2m  - Expect "toContainText" with timeout 5000ms[22m
    [2m  - waiting for locator('.hearing-preparation-cost')[22m
    [2m    9 × locator resolved to <p class="hearing-preparation-cost">When you begin, preparing the crew uses $20. Sani…</p>[22m
    [2m      - unexpected value "When you begin, preparing the crew uses $20. Sanity 2 → 3. The forecast includes this preparation."[22m


      134 |  for(const sample of [{supplies:4,cash:2000,cost:'4 Supplies'}, {supplies:3,cash:2000,cost:'$20.00'}]){
      135 |   const state=arrival(structuredClone(base),2);state.policy='aggressive';state.boss.presentation='Preparation';state.stats.supplies=sample.supplies;state.budget_cents=sample.cash;
    > 136 |   await importState(page,state);await expect(page.locator('.hearing-preparation-cost')).toContainText(sample.cost);await expect(page.locator('.hearing-preparation-cost')).toContainText('2 → 3');
          |                                                                                         ^
      137 |   await expect(page.locator('.hearing-brief')).toContainText('50%');
      138 |   if(sample.supplies===4)writeFileSync(test.info().outputPath('policy-preparation-checkpoint.json'),JSON.stringify(await checkpoint(page),null,2));
      139 |   expect((await checkpoint(page)).state.stats.sanity).toBe(2);expect((await checkpoint(page)).state.budget_cents).toBe(sample.cash);
        at /Users/vanna/Source/Dystrail/dystrail-web/tests-e2e/hearing.spec.ts:136:89

    [31mTest timeout of 30000ms exceeded.[39m

    Error Context: test-results/hearing-policy-preparation-fe525-fs-are-explained-accurately-mobile/error-context.md

  2 failed
    [chromium] › tests-e2e/hearing.spec.ts:132:5 › policy preparation and rounded vote cutoffs are explained accurately 
    [mobile] › tests-e2e/hearing.spec.ts:132:5 › policy preparation and rounded vote cutoffs are explained accurately 
  24 passed (1.9m)
