(node:73384) [DEP0205] DeprecationWarning: `module.register()` is deprecated. Use `module.registerHooks()` instead.
(Use `node --trace-deprecation ...` to show where the warning was created)

Running 4 tests using 1 worker

(node:73452) Warning: The 'NO_COLOR' env is ignored due to the 'FORCE_COLOR' env being set.
(Use `node --trace-warnings ...` to show where the warning was created)
(node:73452) [DEP0205] DeprecationWarning: `module.register()` is deprecated. Use `module.registerHooks()` instead.
(node:73452) Warning: The 'NO_COLOR' env is ignored due to the 'FORCE_COLOR' env being set.
(Use `node --trace-warnings ...` to show where the warning was created)
  ✓  1 [chromium] › tests-e2e/continuity.spec.ts:29:5 › stationary rest records actual changes and survives manual loading (2.9s)
  ✘  2 [chromium] › tests-e2e/continuity.spec.ts:43:5 › late-route camp stays put and never triggers the hearing (4.3s)
(node:74134) Warning: The 'NO_COLOR' env is ignored due to the 'FORCE_COLOR' env being set.
(Use `node --trace-warnings ...` to show where the warning was created)
(node:74134) [DEP0205] DeprecationWarning: `module.register()` is deprecated. Use `module.registerHooks()` instead.
(node:74134) Warning: The 'NO_COLOR' env is ignored due to the 'FORCE_COLOR' env being set.
(Use `node --trace-warnings ...` to show where the warning was created)
  ✓  3 [mobile] › tests-e2e/continuity.spec.ts:29:5 › stationary rest records actual changes and survives manual loading (3.4s)
  ✘  4 [mobile] › tests-e2e/continuity.spec.ts:43:5 › late-route camp stays put and never triggers the hearing (5.2s)


  1) [chromium] › tests-e2e/continuity.spec.ts:43:5 › late-route camp stays put and never triggers the hearing 

    TypeError: Cannot read properties of undefined (reading 'ready')

      52 |  expect(rested.day).toBe(state.day+1);expect(rested.clock_minutes).toBe(480);
      53 |  expect(rested.miles_traveled_actual).toBe(state.miles_traveled_actual);
    > 54 |  expect(rested.boss.readiness.ready).toBe(false);
         |                               ^
      55 |  expect(rested.day_records.at(-1).kind).toBe('non_travel');
      56 |  expect(rested.day_records.at(-1).miles).toBe(0);
      57 |  await page.reload();expect((await recovery(page)).state.miles_traveled_actual).toBe(state.miles_traveled_actual);
        at /Users/vanna/Source/Dystrail/dystrail-web/tests-e2e/continuity.spec.ts:54:31

    [31mTest timeout of 30000ms exceeded.[39m

    Error Context: test-results/continuity-late-route-camp-d3a80--never-triggers-the-hearing-chromium/error-context.md

  2) [mobile] › tests-e2e/continuity.spec.ts:43:5 › late-route camp stays put and never triggers the hearing 

    TypeError: Cannot read properties of undefined (reading 'ready')

      52 |  expect(rested.day).toBe(state.day+1);expect(rested.clock_minutes).toBe(480);
      53 |  expect(rested.miles_traveled_actual).toBe(state.miles_traveled_actual);
    > 54 |  expect(rested.boss.readiness.ready).toBe(false);
         |                               ^
      55 |  expect(rested.day_records.at(-1).kind).toBe('non_travel');
      56 |  expect(rested.day_records.at(-1).miles).toBe(0);
      57 |  await page.reload();expect((await recovery(page)).state.miles_traveled_actual).toBe(state.miles_traveled_actual);
        at /Users/vanna/Source/Dystrail/dystrail-web/tests-e2e/continuity.spec.ts:54:31

    [31mTest timeout of 30000ms exceeded.[39m

    Error Context: test-results/continuity-late-route-camp-d3a80--never-triggers-the-hearing-mobile/error-context.md

  2 failed
    [chromium] › tests-e2e/continuity.spec.ts:43:5 › late-route camp stays put and never triggers the hearing 
    [mobile] › tests-e2e/continuity.spec.ts:43:5 › late-route camp stays put and never triggers the hearing 
  2 passed (1.3m)
