
Running 60 tests using 1 worker

(node:19906) Warning: The 'NO_COLOR' env is ignored due to the 'FORCE_COLOR' env being set.
(Use `node --trace-warnings ...` to show where the warning was created)
(node:19906) Warning: The 'NO_COLOR' env is ignored due to the 'FORCE_COLOR' env being set.
(Use `node --trace-warnings ...` to show where the warning was created)
  ✓   1 [chromium] › tests-e2e/feedback.spec.ts:8:5 › local conversations retain the actual reward at and below the credibility cap (3.5s)
  ✓   2 [chromium] › tests-e2e/feedback.spec.ts:24:5 › outcomes show one heading and consistent cash, condition, evidence and part cards (2.9s)
  ✓   3 [chromium] › tests-e2e/feedback.spec.ts:34:5 › ally losses have a persistent acknowledgment and remain in the journal (3.2s)
  ✓   4 [chromium] › tests-e2e/feedback.spec.ts:45:5 › town information, action spacing, journal cards and map credits share the established alignment (3.3s)
  ✓   5 [chromium] › tests-e2e/feedback.spec.ts:56:5 › legacy danger values are ignored and temporary risk uses the short percent label (2.9s)
  ✓   6 [chromium] › tests-e2e/map.spec.ts:5:5 › map is a periodic full scene with real geography and exact recovery (3.1s)
  ✓   7 [chromium] › tests-e2e/map.spec.ts:18:5 › real towns, regional scenes and encounter geography agree (3.1s)
  ✓   8 [chromium] › tests-e2e/map.spec.ts:28:5 › every persona previews and saves a distinct geographic origin (2.7s)
  ✓   9 [chromium] › tests-e2e/map.spec.ts:35:5 › geographic scene remains readable in Arabic and reduced motion (1.6s)
  ✓  10 [chromium] › tests-e2e/onboarding-results.spec.ts:6:5 › start action shares the Deep End column and stacks on mobile (1.3s)
  ✓  11 [chromium] › tests-e2e/onboarding-results.spec.ts:12:5 › random character persists, mission is shared, action row stays aligned, and compact crew busts have no added frame or background (1.8s)
  ✓  12 [chromium] › tests-e2e/onboarding-results.spec.ts:28:5 › early illness ending matches location and primary player, shows the full scorecard and updates in place (2.7s)
  ✓  13 [chromium] › tests-e2e/onboarding-results.spec.ts:43:5 › bottom result actions give visible feedback without a page jump (2.7s)
  ✓  14 [chromium] › tests-e2e/onboarding-results.spec.ts:51:5 › a fatal player care decision reports the death and ends the run here (2.5s)
  ✓  15 [chromium] › tests-e2e/onboarding-results.spec.ts:58:5 › store and trade have distinct illustrated symbols and retained information (2.6s)
  ✓  16 [chromium] › tests-e2e/preload.spec.ts:7:5 › first launch waits for every asset, retries failure, and repairs missing cached art before play (3.2s)
  ✓  17 [chromium] › tests-e2e/pwa.spec.ts:11:5 › all assets, saved play and town scenes work after an offline relaunch (5.3s)
  ✓  18 [chromium] › tests-e2e/pwa.spec.ts:33:5 › a complete remote update loads first and an interrupted update falls back without losing saves (7.2s)
  ✓  19 [chromium] › tests-e2e/scene-flow.spec.ts:10:5 › scene footer is flush and repair details are centered (2.6s)
  ✓  20 [chromium] › tests-e2e/scene-flow.spec.ts:20:5 › The Trail is exclusive tab content, keyboard accessible, with equal action widths (2.7s)
  ✓  21 [chromium] › tests-e2e/scene-flow.spec.ts:30:5 › automatic map keeps moving and closes in five seconds without a second click (10.0s)
  ✓  22 [chromium] › tests-e2e/scene-flow.spec.ts:38:5 › automatic map can stay open, survives reload, and resumes with one click (11.4s)
  ✓  23 [chromium] › tests-e2e/scene-flow.spec.ts:46:5 › manual map stays open and resumed travel stops at the next town (10.8s)
  ✓  24 [chromium] › tests-e2e/scene-flow.spec.ts:54:5 › camp gathering uses cooldown cards, persists and becomes available again (3.2s)
  ✓  25 [chromium] › tests-e2e/scene-flow.spec.ts:62:5 › help preference hides only optional tips, persists offline, and keeps information usable (2.7s)
  ✓  26 [chromium] › tests-e2e/scene-flow.spec.ts:69:5 › critical sanity stays in the stat bar with a bounded pulse and no popup (2.6s)
  ✓  27 [chromium] › tests-e2e/scene-flow.spec.ts:75:5 › a queued crew decision waits for the automatic map without advancing past it (9.1s)
  ✓  28 [chromium] › tests-e2e/ux-round.spec.ts:6:5 › temporary policy effects explain actual penalties and remain available with tips off (2.7s)
  ✓  29 [chromium] › tests-e2e/ux-round.spec.ts:13:5 › town inventory, selectable trades and repeat conversations retain the real state (3.0s)
  ✓  30 [chromium] › tests-e2e/ux-round.spec.ts:24:5 › required decisions keep a disabled Resume control and all reference tabs (2.7s)
(node:25494) Warning: The 'NO_COLOR' env is ignored due to the 'FORCE_COLOR' env being set.
(Use `node --trace-warnings ...` to show where the warning was created)
(node:25494) Warning: The 'NO_COLOR' env is ignored due to the 'FORCE_COLOR' env being set.
(Use `node --trace-warnings ...` to show where the warning was created)
  ✓  31 [mobile] › tests-e2e/feedback.spec.ts:8:5 › local conversations retain the actual reward at and below the credibility cap (3.8s)
  ✓  32 [mobile] › tests-e2e/feedback.spec.ts:24:5 › outcomes show one heading and consistent cash, condition, evidence and part cards (3.5s)
  ✓  33 [mobile] › tests-e2e/feedback.spec.ts:34:5 › ally losses have a persistent acknowledgment and remain in the journal (3.7s)
  ✓  34 [mobile] › tests-e2e/feedback.spec.ts:45:5 › town information, action spacing, journal cards and map credits share the established alignment (3.8s)
  ✓  35 [mobile] › tests-e2e/feedback.spec.ts:56:5 › legacy danger values are ignored and temporary risk uses the short percent label (3.2s)
  ✓  36 [mobile] › tests-e2e/map.spec.ts:5:5 › map is a periodic full scene with real geography and exact recovery (3.3s)
  ✓  37 [mobile] › tests-e2e/map.spec.ts:18:5 › real towns, regional scenes and encounter geography agree (3.7s)
  ✓  38 [mobile] › tests-e2e/map.spec.ts:28:5 › every persona previews and saves a distinct geographic origin (3.1s)
  ✓  39 [mobile] › tests-e2e/map.spec.ts:35:5 › geographic scene remains readable in Arabic and reduced motion (1.6s)
  ✓  40 [mobile] › tests-e2e/onboarding-results.spec.ts:6:5 › start action shares the Deep End column and stacks on mobile (1.3s)
  ✓  41 [mobile] › tests-e2e/onboarding-results.spec.ts:12:5 › random character persists, mission is shared, action row stays aligned, and compact crew busts have no added frame or background (1.8s)
  ✓  42 [mobile] › tests-e2e/onboarding-results.spec.ts:28:5 › early illness ending matches location and primary player, shows the full scorecard and updates in place (3.2s)
  ✓  43 [mobile] › tests-e2e/onboarding-results.spec.ts:43:5 › bottom result actions give visible feedback without a page jump (3.3s)
  ✓  44 [mobile] › tests-e2e/onboarding-results.spec.ts:51:5 › a fatal player care decision reports the death and ends the run here (3.0s)
  ✓  45 [mobile] › tests-e2e/onboarding-results.spec.ts:58:5 › store and trade have distinct illustrated symbols and retained information (3.2s)
  ✓  46 [mobile] › tests-e2e/preload.spec.ts:7:5 › first launch waits for every asset, retries failure, and repairs missing cached art before play (2.6s)
  ✓  47 [mobile] › tests-e2e/pwa.spec.ts:11:5 › all assets, saved play and town scenes work after an offline relaunch (5.7s)
  ✓  48 [mobile] › tests-e2e/pwa.spec.ts:33:5 › a complete remote update loads first and an interrupted update falls back without losing saves (7.1s)
  ✓  49 [mobile] › tests-e2e/scene-flow.spec.ts:10:5 › scene footer is flush and repair details are centered (3.2s)
  ✓  50 [mobile] › tests-e2e/scene-flow.spec.ts:20:5 › The Trail is exclusive tab content, keyboard accessible, with equal action widths (3.3s)
  ✓  51 [mobile] › tests-e2e/scene-flow.spec.ts:30:5 › automatic map keeps moving and closes in five seconds without a second click (10.2s)
  ✓  52 [mobile] › tests-e2e/scene-flow.spec.ts:38:5 › automatic map can stay open, survives reload, and resumes with one click (12.1s)
  ✓  53 [mobile] › tests-e2e/scene-flow.spec.ts:46:5 › manual map stays open and resumed travel stops at the next town (11.5s)
  ✓  54 [mobile] › tests-e2e/scene-flow.spec.ts:54:5 › camp gathering uses cooldown cards, persists and becomes available again (3.7s)
  ✓  55 [mobile] › tests-e2e/scene-flow.spec.ts:62:5 › help preference hides only optional tips, persists offline, and keeps information usable (3.4s)
  ✓  56 [mobile] › tests-e2e/scene-flow.spec.ts:69:5 › critical sanity stays in the stat bar with a bounded pulse and no popup (3.3s)
  ✓  57 [mobile] › tests-e2e/scene-flow.spec.ts:75:5 › a queued crew decision waits for the automatic map without advancing past it (9.8s)
  ✓  58 [mobile] › tests-e2e/ux-round.spec.ts:6:5 › temporary policy effects explain actual penalties and remain available with tips off (3.4s)
  ✓  59 [mobile] › tests-e2e/ux-round.spec.ts:13:5 › town inventory, selectable trades and repeat conversations retain the real state (3.8s)
  ✓  60 [mobile] › tests-e2e/ux-round.spec.ts:24:5 › required decisions keep a disabled Resume control and all reference tabs (3.3s)

  60 passed (4.2m)
