
Running 24 tests using 1 worker

(node:38833) Warning: The 'NO_COLOR' env is ignored due to the 'FORCE_COLOR' env being set.
(Use `node --trace-warnings ...` to show where the warning was created)
(node:38833) Warning: The 'NO_COLOR' env is ignored due to the 'FORCE_COLOR' env being set.
(Use `node --trace-warnings ...` to show where the warning was created)
  ✓   1 [chromium] › tests-e2e/feedback.spec.ts:8:5 › local conversations retain the actual reward at and below the credibility cap (3.3s)
  ✓   2 [chromium] › tests-e2e/feedback.spec.ts:24:5 › outcomes show one heading and consistent cash, condition, evidence and part cards (2.9s)
  ✓   3 [chromium] › tests-e2e/feedback.spec.ts:34:5 › ally losses have a persistent acknowledgment and remain in the journal (3.0s)
  ✓   4 [chromium] › tests-e2e/feedback.spec.ts:45:5 › town information, action spacing, journal cards and map credits share the established alignment (3.0s)
  ✓   5 [chromium] › tests-e2e/feedback.spec.ts:56:5 › legacy danger values are ignored and temporary risk uses the short percent label (2.6s)
  ✓   6 [chromium] › tests-e2e/map.spec.ts:5:5 › map is a periodic full scene with real geography and exact recovery (2.7s)
  ✓   7 [chromium] › tests-e2e/map.spec.ts:18:5 › real towns, regional scenes and encounter geography agree (3.0s)
  ✓   8 [chromium] › tests-e2e/map.spec.ts:28:5 › every persona previews and saves a distinct geographic origin (2.6s)
  ✓   9 [chromium] › tests-e2e/map.spec.ts:35:5 › geographic scene remains readable in Arabic and reduced motion (1.6s)
  ✓  10 [chromium] › tests-e2e/ux-round.spec.ts:6:5 › temporary policy effects explain actual penalties and remain available with tips off (2.8s)
  ✓  11 [chromium] › tests-e2e/ux-round.spec.ts:13:5 › town inventory, selectable trades and repeat conversations retain the real state (3.1s)
  ✓  12 [chromium] › tests-e2e/ux-round.spec.ts:24:5 › required decisions keep a disabled Resume control and all reference tabs (2.7s)
(node:44108) Warning: The 'NO_COLOR' env is ignored due to the 'FORCE_COLOR' env being set.
(Use `node --trace-warnings ...` to show where the warning was created)
(node:44108) Warning: The 'NO_COLOR' env is ignored due to the 'FORCE_COLOR' env being set.
(Use `node --trace-warnings ...` to show where the warning was created)
  ✓  13 [mobile] › tests-e2e/feedback.spec.ts:8:5 › local conversations retain the actual reward at and below the credibility cap (3.8s)
  ✓  14 [mobile] › tests-e2e/feedback.spec.ts:24:5 › outcomes show one heading and consistent cash, condition, evidence and part cards (3.5s)
  ✓  15 [mobile] › tests-e2e/feedback.spec.ts:34:5 › ally losses have a persistent acknowledgment and remain in the journal (3.6s)
  ✓  16 [mobile] › tests-e2e/feedback.spec.ts:45:5 › town information, action spacing, journal cards and map credits share the established alignment (3.8s)
  ✓  17 [mobile] › tests-e2e/feedback.spec.ts:56:5 › legacy danger values are ignored and temporary risk uses the short percent label (3.2s)
  ✓  18 [mobile] › tests-e2e/map.spec.ts:5:5 › map is a periodic full scene with real geography and exact recovery (3.3s)
  ✓  19 [mobile] › tests-e2e/map.spec.ts:18:5 › real towns, regional scenes and encounter geography agree (3.7s)
  ✓  20 [mobile] › tests-e2e/map.spec.ts:28:5 › every persona previews and saves a distinct geographic origin (3.1s)
  ✓  21 [mobile] › tests-e2e/map.spec.ts:35:5 › geographic scene remains readable in Arabic and reduced motion (1.7s)
  ✓  22 [mobile] › tests-e2e/ux-round.spec.ts:6:5 › temporary policy effects explain actual penalties and remain available with tips off (3.4s)
  ✓  23 [mobile] › tests-e2e/ux-round.spec.ts:13:5 › town inventory, selectable trades and repeat conversations retain the real state (3.8s)
  ✓  24 [mobile] › tests-e2e/ux-round.spec.ts:24:5 › required decisions keep a disabled Resume control and all reference tabs (3.2s)

  24 passed (1.5m)
